[03:10:04] [Server thread/INFO]: [AIBot] LIFECYCLE event=bot_spawned bot=Bob {mode=survival, pos=5,112,4}
[03:10:04] [Server thread/INFO]: [AIBot] LIFECYCLE event=bot_restored bot=Bob {dimension=minecraft:overworld, fallback=false, mode=survival, pos=5,112,4}
[03:10:04] [Server thread/INFO]: [AIBot] ACTION event=capability_decision bot=Bob {context=observable_block_query, capability=HIDDEN_BLOCK_SCAN, profile=strict_survival, allowed=false, reason=DENIED_STRICT_SURVIVAL}
[03:10:04] [Server thread/INFO]: [AIBot] ACTION event=capability_decision bot=Bob {context=perception_snapshot, capability=HIDDEN_BLOCK_SCAN, profile=strict_survival, allowed=false, reason=DENIED_STRICT_SURVIVAL}
[03:10:08] [Server thread/INFO]: [AIBot] ACTION event=capability_decision bot=Bob {context=observable_entity_query, capability=HIDDEN_BLOCK_SCAN, profile=strict_survival, allowed=false, reason=DENIED_STRICT_SURVIVAL}
[03:10:12] [Server thread/INFO]: [AIBot] ACTION event=capability_decision bot=Bob {context=observable_block_query, capability=HIDDEN_BLOCK_SCAN, profile=strict_survival, allowed=false, reason=DENIED_STRICT_SURVIVAL}
[03:10:12] [Server thread/INFO]: [AIBot] ACTION event=capability_decision bot=Bob {context=perception_snapshot, capability=HIDDEN_BLOCK_SCAN, profile=strict_survival, allowed=false, reason=DENIED_STRICT_SURVIVAL}
[03:10:15] [Server thread/INFO]: [AIBot] ACTION event=capability_decision bot=Bob {context=observable_entity_query, capability=HIDDEN_BLOCK_SCAN, profile=strict_survival, allowed=false, reason=DENIED_STRICT_SURVIVAL}
[03:10:17] [Server thread/INFO]: [AIBot] ACTION event=capability_decision bot=Bob {context=observable_block_query, capability=HIDDEN_BLOCK_SCAN, profile=strict_survival, allowed=false, reason=DENIED_STRICT_SURVIVAL}
[03:10:17] [Server thread/INFO]: [AIBot] ACTION event=capability_decision bot=Bob {context=perception_snapshot, capability=HIDDEN_BLOCK_SCAN, profile=strict_survival, allowed=false, reason=DENIED_STRICT_SURVIVAL}
[03:10:20] [Server thread/INFO]: [AIBot] ACTION event=capability_decision bot=Bob {context=observable_entity_query, capability=HIDDEN_BLOCK_SCAN, profile=strict_survival, allowed=false, reason=DENIED_STRICT_SURVIVAL}
[03:10:20] [Server thread/INFO]: [AIBot] ACTION event=capability_decision bot=Bob {context=observable_block_query, capability=HIDDEN_BLOCK_SCAN, profile=strict_survival, allowed=false, reason=DENIED_STRICT_SURVIVAL}
[03:10:20] [Server thread/INFO]: [AIBot] ACTION event=capability_decision bot=Bob {context=perception_snapshot, capability=HIDDEN_BLOCK_SCAN, profile=strict_survival, allowed=false, reason=DENIED_STRICT_SURVIVAL}
[03:10:25] [Server thread/INFO]: [AIBot] ACTION event=capability_decision bot=Bob {context=observable_block_query, capability=HIDDEN_BLOCK_SCAN, profile=strict_survival, allowed=false, reason=DENIED_STRICT_SURVIVAL}
[03:10:25] [Server thread/INFO]: [AIBot] ACTION event=capability_decision bot=Bob {context=perception_snapshot, capability=HIDDEN_BLOCK_SCAN, profile=strict_survival, allowed=false, reason=DENIED_STRICT_SURVIVAL}
[03:10:25] [Server thread/INFO]: [AIBot] ACTION event=capability_decision bot=Bob {context=observable_entity_query, capability=HIDDEN_BLOCK_SCAN, profile=strict_survival, allowed=false, reason=DENIED_STRICT_SURVIVAL}
[03:10:30] [Server thread/INFO]: [AIBot] ACTION event=capability_decision bot=Bob {context=observable_block_query, capability=HIDDEN_BLOCK_SCAN, profile=strict_survival, allowed=false, reason=DENIED_STRICT_SURVIVAL}
[03:10:30] [Server thread/INFO]: [AIBot] ACTION event=capability_decision bot=Bob {context=perception_snapshot, capability=HIDDEN_BLOCK_SCAN, profile=strict_survival, allowed=false, reason=DENIED_STRICT_SURVIVAL}
[03:10:31] [Server thread/INFO]: [AIBot] ACTION event=capability_decision bot=Bob {context=observable_entity_query, capability=HIDDEN_BLOCK_SCAN, profile=strict_survival, allowed=false, reason=DENIED_STRICT_SURVIVAL}
[03:10:33] [Server thread/INFO]: [AIBot] ACTION event=capability_decision bot=Bob {context=danger_dark_trap_surface, capability=EMERGENCY_TELEPORT, profile=strict_survival, allowed=false, reason=DENIED_STRICT_SURVIVAL}
[03:10:35] [Server thread/INFO]: [AIBot] ACTION event=capability_decision bot=Bob {context=observable_block_query, capability=HIDDEN_BLOCK_SCAN, profile=strict_survival, allowed=false, reason=DENIED_STRICT_SURVIVAL}
[03:10:35] [Server thread/INFO]: [AIBot] ACTION event=capability_decision bot=Bob {context=perception_snapshot, capability=HIDDEN_BLOCK_SCAN, profile=strict_survival, allowed=false, reason=DENIED_STRICT_SURVIVAL}
[03:10:37] [Server thread/INFO]: [AIBot] ACTION event=capability_decision bot=Bob {context=observable_entity_query, capability=HIDDEN_BLOCK_SCAN, profile=strict_survival, allowed=false, reason=DENIED_STRICT_SURVIVAL}
[03:10:40] [Server thread/INFO]: [AIBot] ACTION event=capability_decision bot=Bob {context=observable_block_query, capability=HIDDEN_BLOCK_SCAN, profile=strict_survival, allowed=false, reason=DENIED_STRICT_SURVIVAL}
[03:10:40] [Server thread/INFO]: [AIBot] ACTION event=capability_decision bot=Bob {context=perception_snapshot, capability=HIDDEN_BLOCK_SCAN, profile=strict_survival, allowed=false, reason=DENIED_STRICT_SURVIVAL}
[03:10:41] [Server thread/INFO]: [AIBot] ACTION event=capability_decision bot=Bob {context=danger_dark_trap_surface, capability=EMERGENCY_TELEPORT, profile=strict_survival, allowed=false, reason=DENIED_STRICT_SURVIVAL}
[03:10:43] [Server thread/INFO]: [AIBot] ACTION event=capability_decision bot=Bob {context=observable_entity_query, capability=HIDDEN_BLOCK_SCAN, profile=strict_survival, allowed=false, reason=DENIED_STRICT_SURVIVAL}
[03:10:44] [Server thread/INFO]: [AIBot] TASK event=task_assigned bot=Bob {params=Gathering minecraft:oak_log 0/1 phase=SURVEY, origin=LLM_TOOL, name=gather, origin_reason=external_dsh}
[03:10:44] [Server thread/INFO]: [AIBot] ACTION event=capability_decision bot=Bob {context=harvest_nearest_blocks, capability=HIDDEN_BLOCK_SCAN, profile=strict_survival, allowed=false, reason=DENIED_STRICT_SURVIVAL}
[03:10:44] [Server thread/INFO]: [AIBot] PROFILE event=profile_slow_section bot=- {elapsed_ms=103.42, bot=Bob, section=task_tick}
[03:10:45] [Server thread/INFO]: [AIBot] PROFILE event=profile_slow_section bot=- {elapsed_ms=97.38, bot=Bob, section=task_tick}
[03:10:45] [Server thread/INFO]: [AIBot] ACTION event=capability_decision bot=Bob {context=gather_surface, capability=EMERGENCY_TELEPORT, profile=strict_survival, allowed=false, reason=DENIED_STRICT_SURVIVAL}
[03:10:45] [Server thread/INFO]: [AIBot] ACTION event=capability_decision bot=Bob {context=ore_prospector, capability=HIDDEN_BLOCK_SCAN, profile=strict_survival, allowed=false, reason=DENIED_STRICT_SURVIVAL}
[03:10:45] [Server thread/INFO]: [AIBot] PROFILE event=profile_slow_section bot=- {elapsed_ms=436.33, bot=Bob, section=task_tick}
[03:10:45] [Server thread/WARN]: [AIBot] TASK event=task_failed bot=Bob {elapsed_ticks=20, reason=no_resource_nearby, name=gather}
[03:10:46] [Server thread/INFO]: [AIBot] ACTION event=capability_decision bot=Bob {context=observable_block_query, capability=HIDDEN_BLOCK_SCAN, profile=strict_survival, allowed=false, reason=DENIED_STRICT_SURVIVAL}
[03:10:46] [Server thread/INFO]: [AIBot] ACTION event=capability_decision bot=Bob {context=perception_snapshot, capability=HIDDEN_BLOCK_SCAN, profile=strict_survival, allowed=false, reason=DENIED_STRICT_SURVIVAL}
[03:10:49] [Server thread/INFO]: [AIBot] ACTION event=capability_decision bot=Bob {context=observable_entity_query, capability=HIDDEN_BLOCK_SCAN, profile=strict_survival, allowed=false, reason=DENIED_STRICT_SURVIVAL}
[03:10:50] [Server thread/INFO]: [AIBot] ACTION event=capability_decision bot=Bob {context=observable_block_query, capability=HIDDEN_BLOCK_SCAN, profile=strict_survival, allowed=false, reason=DENIED_STRICT_SURVIVAL}
[03:10:50] [Server thread/INFO]: [AIBot] ACTION event=capability_decision bot=Bob {context=perception_snapshot, capability=HIDDEN_BLOCK_SCAN, profile=strict_survival, allowed=false, reason=DENIED_STRICT_SURVIVAL}
[03:10:53] [Server thread/INFO]: [AIBot] ACTION event=capability_decision bot=Bob {context=danger_dark_trap_surface, capability=EMERGENCY_TELEPORT, profile=strict_survival, allowed=false, reason=DENIED_STRICT_SURVIVAL}
[03:10:55] [Server thread/INFO]: [AIBot] ACTION event=capability_decision bot=Bob {context=observable_block_query, capability=HIDDEN_BLOCK_SCAN, profile=strict_survival, allowed=false, reason=DENIED_STRICT_SURVIVAL}
[03:10:55] [Server thread/INFO]: [AIBot] ACTION event=capability_decision bot=Bob {context=perception_snapshot, capability=HIDDEN_BLOCK_SCAN, profile=strict_survival, allowed=false, reason=DENIED_STRICT_SURVIVAL}
[03:10:55] [Server thread/INFO]: [AIBot] ACTION event=capability_decision bot=Bob {context=observable_entity_query, capability=HIDDEN_BLOCK_SCAN, profile=strict_survival, allowed=false, reason=DENIED_STRICT_SURVIVAL}
[03:11:00] [Server thread/INFO]: [AIBot] ACTION event=capability_decision bot=Bob {context=observable_block_query, capability=HIDDEN_BLOCK_SCAN, profile=strict_survival, allowed=false, reason=DENIED_STRICT_SURVIVAL}
[03:11:00] [Server thread/INFO]: [AIBot] ACTION event=capability_decision bot=Bob {context=perception_snapshot, capability=HIDDEN_BLOCK_SCAN, profile=strict_survival, allowed=false, reason=DENIED_STRICT_SURVIVAL}
[03:11:00] [Server thread/INFO]: [AIBot] ACTION event=capability_decision bot=Bob {context=observable_entity_query, capability=HIDDEN_BLOCK_SCAN, profile=strict_survival, allowed=false, reason=DENIED_STRICT_SURVIVAL}
[03:11:01] [Server thread/INFO]: [AIBot] ACTION event=capability_decision bot=Bob {context=danger_dark_trap_surface, capability=EMERGENCY_TELEPORT, profile=strict_survival, allowed=false, reason=DENIED_STRICT_SURVIVAL}
[03:11:05] [Server thread/INFO]: [AIBot] ACTION event=capability_decision bot=Bob {context=observable_entity_query, capability=HIDDEN_BLOCK_SCAN, profile=strict_survival, allowed=false, reason=DENIED_STRICT_SURVIVAL}
[03:11:05] [Server thread/INFO]: [AIBot] ACTION event=capability_decision bot=Bob {context=observable_block_query, capability=HIDDEN_BLOCK_SCAN, profile=strict_survival, allowed=false, reason=DENIED_STRICT_SURVIVAL}
[03:11:05] [Server thread/INFO]: [AIBot] ACTION event=capability_decision bot=Bob {context=perception_snapshot, capability=HIDDEN_BLOCK_SCAN, profile=strict_survival, allowed=false, reason=DENIED_STRICT_SURVIVAL}
[03:11:09] [Server thread/INFO]: [AIBot] ACTION event=capability_decision bot=Bob {context=danger_dark_trap_surface, capability=EMERGENCY_TELEPORT, profile=strict_survival, allowed=false, reason=DENIED_STRICT_SURVIVAL}
[03:11:10] [Server thread/INFO]: [AIBot] ACTION event=capability_decision bot=Bob {context=observable_entity_query, capability=HIDDEN_BLOCK_SCAN, profile=strict_survival, allowed=false, reason=DENIED_STRICT_SURVIVAL}
[03:11:10] [Server thread/INFO]: [AIBot] ACTION event=capability_decision bot=Bob {context=observable_block_query, capability=HIDDEN_BLOCK_SCAN, profile=strict_survival, allowed=false, reason=DENIED_STRICT_SURVIVAL}
[03:11:10] [Server thread/INFO]: [AIBot] ACTION event=capability_decision bot=Bob {context=perception_snapshot, capability=HIDDEN_BLOCK_SCAN, profile=strict_survival, allowed=false, reason=DENIED_STRICT_SURVIVAL}
[03:11:15] [Server thread/INFO]: [AIBot] ACTION event=capability_decision bot=Bob {context=observable_entity_query, capability=HIDDEN_BLOCK_SCAN, profile=strict_survival, allowed=false, reason=DENIED_STRICT_SURVIVAL}
[03:11:15] [Server thread/INFO]: [AIBot] ACTION event=capability_decision bot=Bob {context=observable_block_query, capability=HIDDEN_BLOCK_SCAN, profile=strict_survival, allowed=false, reason=DENIED_STRICT_SURVIVAL}
[03:11:15] [Server thread/INFO]: [AIBot] ACTION event=capability_decision bot=Bob {context=perception_snapshot, capability=HIDDEN_BLOCK_SCAN, profile=strict_survival, allowed=false, reason=DENIED_STRICT_SURVIVAL}
[03:11:17] [Server thread/INFO]: [AIBot] ACTION event=capability_decision bot=Bob {context=danger_dark_trap_surface, capability=EMERGENCY_TELEPORT, profile=strict_survival, allowed=false, reason=DENIED_STRICT_SURVIVAL}
[03:11:20] [Server thread/INFO]: [AIBot] ACTION event=capability_decision bot=Bob {context=observable_entity_query, capability=HIDDEN_BLOCK_SCAN, profile=strict_survival, allowed=false, reason=DENIED_STRICT_SURVIVAL}
[03:11:20] [Server thread/INFO]: [AIBot] ACTION event=capability_decision bot=Bob {context=observable_block_query, capability=HIDDEN_BLOCK_SCAN, profile=strict_survival, allowed=false, reason=DENIED_STRICT_SURVIVAL}
[03:11:20] [Server thread/INFO]: [AIBot] ACTION event=capability_decision bot=Bob {context=perception_snapshot, capability=HIDDEN_BLOCK_SCAN, profile=strict_survival, allowed=false, reason=DENIED_STRICT_SURVIVAL}
[03:11:25] [Server thread/INFO]: [AIBot] ACTION event=capability_decision bot=Bob {context=danger_dark_trap_surface, capability=EMERGENCY_TELEPORT, profile=strict_survival, allowed=false, reason=DENIED_STRICT_SURVIVAL}
[03:11:25] [Server thread/INFO]: [AIBot] ACTION event=capability_decision bot=Bob {context=observable_entity_query, capability=HIDDEN_BLOCK_SCAN, profile=strict_survival, allowed=false, reason=DENIED_STRICT_SURVIVAL}
[03:11:25] [Server thread/INFO]: [AIBot] ACTION event=capability_decision bot=Bob {context=observable_block_query, capability=HIDDEN_BLOCK_SCAN, profile=strict_survival, allowed=false, reason=DENIED_STRICT_SURVIVAL}
[03:11:25] [Server thread/INFO]: [AIBot] ACTION event=capability_decision bot=Bob {context=perception_snapshot, capability=HIDDEN_BLOCK_SCAN, profile=strict_survival, allowed=false, reason=DENIED_STRICT_SURVIVAL}
[03:11:30] [Server thread/INFO]: [AIBot] ACTION event=capability_decision bot=Bob {context=observable_entity_query, capability=HIDDEN_BLOCK_SCAN, profile=strict_survival, allowed=false, reason=DENIED_STRICT_SURVIVAL}
[03:11:30] [Server thread/INFO]: [AIBot] ACTION event=capability_decision bot=Bob {context=observable_block_query, capability=HIDDEN_BLOCK_SCAN, profile=strict_survival, allowed=false, reason=DENIED_STRICT_SURVIVAL}
[03:11:30] [Server thread/INFO]: [AIBot] ACTION event=capability_decision bot=Bob {context=perception_snapshot, capability=HIDDEN_BLOCK_SCAN, profile=strict_survival, allowed=false, reason=DENIED_STRICT_SURVIVAL}
[03:11:33] [Server thread/INFO]: [AIBot] ACTION event=capability_decision bot=Bob {context=danger_dark_trap_surface, capability=EMERGENCY_TELEPORT, profile=strict_survival, allowed=false, reason=DENIED_STRICT_SURVIVAL}
[03:11:35] [Server thread/INFO]: [AIBot] ACTION event=capability_decision bot=Bob {context=observable_entity_query, capability=HIDDEN_BLOCK_SCAN, profile=strict_survival, allowed=false, reason=DENIED_STRICT_SURVIVAL}
[03:11:35] [Server thread/INFO]: [AIBot] ACTION event=capability_decision bot=Bob {context=observable_block_query, capability=HIDDEN_BLOCK_SCAN, profile=strict_survival, allowed=false, reason=DENIED_STRICT_SURVIVAL}
[03:11:35] [Server thread/INFO]: [AIBot] ACTION event=capability_decision bot=Bob {context=perception_snapshot, capability=HIDDEN_BLOCK_SCAN, profile=strict_survival, allowed=false, reason=DENIED_STRICT_SURVIVAL}
[03:11:40] [Server thread/INFO]: [AIBot] ACTION event=capability_decision bot=Bob {context=observable_entity_query, capability=HIDDEN_BLOCK_SCAN, profile=strict_survival, allowed=false, reason=DENIED_STRICT_SURVIVAL}
[03:11:40] [Server thread/INFO]: [AIBot] ACTION event=capability_decision bot=Bob {context=observable_block_query, capability=HIDDEN_BLOCK_SCAN, profile=strict_survival, allowed=false, reason=DENIED_STRICT_SURVIVAL}
[03:11:40] [Server thread/INFO]: [AIBot] ACTION event=capability_decision bot=Bob {context=perception_snapshot, capability=HIDDEN_BLOCK_SCAN, profile=strict_survival, allowed=false, reason=DENIED_STRICT_SURVIVAL}
[03:11:41] [Server thread/INFO]: [AIBot] ACTION event=capability_decision bot=Bob {context=danger_dark_trap_surface, capability=EMERGENCY_TELEPORT, profile=strict_survival, allowed=false, reason=DENIED_STRICT_SURVIVAL}
[03:11:45] [Server thread/INFO]: [AIBot] ACTION event=capability_decision bot=Bob {context=observable_entity_query, capability=HIDDEN_BLOCK_SCAN, profile=strict_survival, allowed=false, reason=DENIED_STRICT_SURVIVAL}
[03:11:45] [Server thread/INFO]: [AIBot] ACTION event=capability_decision bot=Bob {context=observable_block_query, capability=HIDDEN_BLOCK_SCAN, profile=strict_survival, allowed=false, reason=DENIED_STRICT_SURVIVAL}
[03:11:45] [Server thread/INFO]: [AIBot] ACTION event=capability_decision bot=Bob {context=perception_snapshot, capability=HIDDEN_BLOCK_SCAN, profile=strict_survival, allowed=false, reason=DENIED_STRICT_SURVIVAL}
[03:11:49] [Server thread/INFO]: [AIBot] ACTION event=capability_decision bot=Bob {context=danger_dark_trap_surface, capability=EMERGENCY_TELEPORT, profile=strict_survival, allowed=false, reason=DENIED_STRICT_SURVIVAL}
[03:11:50] [Server thread/INFO]: [AIBot] ACTION event=capability_decision bot=Bob {context=observable_entity_query, capability=HIDDEN_BLOCK_SCAN, profile=strict_survival, allowed=false, reason=DENIED_STRICT_SURVIVAL}
[03:11:50] [Server thread/INFO]: [AIBot] ACTION event=capability_decision bot=Bob {context=observable_block_query, capability=HIDDEN_BLOCK_SCAN, profile=strict_survival, allowed=false, reason=DENIED_STRICT_SURVIVAL}
[03:11:50] [Server thread/INFO]: [AIBot] ACTION event=capability_decision bot=Bob {context=perception_snapshot, capability=HIDDEN_BLOCK_SCAN, profile=strict_survival, allowed=false, reason=DENIED_STRICT_SURVIVAL}
[03:11:55] [Server thread/INFO]: [AIBot] ACTION event=capability_decision bot=Bob {context=observable_entity_query, capability=HIDDEN_BLOCK_SCAN, profile=strict_survival, allowed=false, reason=DENIED_STRICT_SURVIVAL}
[03:11:55] [Server thread/INFO]: [AIBot] ACTION event=capability_decision bot=Bob {context=observable_block_query, capability=HIDDEN_BLOCK_SCAN, profile=strict_survival, allowed=false, reason=DENIED_STRICT_SURVIVAL}
[03:11:55] [Server thread/INFO]: [AIBot] ACTION event=capability_decision bot=Bob {context=perception_snapshot, capability=HIDDEN_BLOCK_SCAN, profile=strict_survival, allowed=false, reason=DENIED_STRICT_SURVIVAL}
[03:11:57] [Server thread/INFO]: [AIBot] ACTION event=capability_decision bot=Bob {context=danger_dark_trap_surface, capability=EMERGENCY_TELEPORT, profile=strict_survival, allowed=false, reason=DENIED_STRICT_SURVIVAL}
[03:12:00] [Server thread/INFO]: [AIBot] ACTION event=capability_decision bot=Bob {context=observable_block_query, capability=HIDDEN_BLOCK_SCAN, profile=strict_survival, allowed=false, reason=DENIED_STRICT_SURVIVAL}
[03:12:00] [Server thread/INFO]: [AIBot] ACTION event=capability_decision bot=Bob {context=perception_snapshot, capability=HIDDEN_BLOCK_SCAN, profile=strict_survival, allowed=false, reason=DENIED_STRICT_SURVIVAL}
[03:12:01] [Server thread/INFO]: [AIBot] ACTION event=capability_decision bot=Bob {context=observable_entity_query, capability=HIDDEN_BLOCK_SCAN, profile=strict_survival, allowed=false, reason=DENIED_STRICT_SURVIVAL}
[03:12:05] [Server thread/INFO]: [AIBot] ACTION event=capability_decision bot=Bob {context=observable_block_query, capability=HIDDEN_BLOCK_SCAN, profile=strict_survival, allowed=false, reason=DENIED_STRICT_SURVIVAL}
[03:12:05] [Server thread/INFO]: [AIBot] ACTION event=capability_decision bot=Bob {context=danger_dark_trap_surface, capability=EMERGENCY_TELEPORT, profile=strict_survival, allowed=false, reason=DENIED_STRICT_SURVIVAL}
[03:12:05] [Server thread/INFO]: [AIBot] ACTION event=capability_decision bot=Bob {context=perception_snapshot, capability=HIDDEN_BLOCK_SCAN, profile=strict_survival, allowed=false, reason=DENIED_STRICT_SURVIVAL}
[03:12:07] [Server thread/INFO]: [AIBot] ACTION event=capability_decision bot=Bob {context=observable_entity_query, capability=HIDDEN_BLOCK_SCAN, profile=strict_survival, allowed=false, reason=DENIED_STRICT_SURVIVAL}
[03:12:10] [Server thread/INFO]: [AIBot] ACTION event=capability_decision bot=Bob {context=observable_block_query, capability=HIDDEN_BLOCK_SCAN, profile=strict_survival, allowed=false, reason=DENIED_STRICT_SURVIVAL}
[03:12:10] [Server thread/INFO]: [AIBot] ACTION event=capability_decision bot=Bob {context=perception_snapshot, capability=HIDDEN_BLOCK_SCAN, profile=strict_survival, allowed=false, reason=DENIED_STRICT_SURVIVAL}
[03:12:12] [Server thread/INFO]: [AIBot] ACTION event=capability_decision bot=Bob {context=observable_entity_query, capability=HIDDEN_BLOCK_SCAN, profile=strict_survival, allowed=false, reason=DENIED_STRICT_SURVIVAL}
[03:12:13] [Server thread/INFO]: [AIBot] ACTION event=capability_decision bot=Bob {context=danger_dark_trap_surface, capability=EMERGENCY_TELEPORT, profile=strict_survival, allowed=false, reason=DENIED_STRICT_SURVIVAL}
[03:12:15] [Server thread/INFO]: [AIBot] ACTION event=capability_decision bot=Bob {context=observable_block_query, capability=HIDDEN_BLOCK_SCAN, profile=strict_survival, allowed=false, reason=DENIED_STRICT_SURVIVAL}
[03:12:15] [Server thread/INFO]: [AIBot] ACTION event=capability_decision bot=Bob {context=perception_snapshot, capability=HIDDEN_BLOCK_SCAN, profile=strict_survival, allowed=false, reason=DENIED_STRICT_SURVIVAL}
[03:12:17] [Server thread/INFO]: [AIBot] ACTION event=capability_decision bot=Bob {context=observable_entity_query, capability=HIDDEN_BLOCK_SCAN, profile=strict_survival, allowed=false, reason=DENIED_STRICT_SURVIVAL}
[03:12:20] [Server thread/INFO]: [AIBot] ACTION event=capability_decision bot=Bob {context=observable_block_query, capability=HIDDEN_BLOCK_SCAN, profile=strict_survival, allowed=false, reason=DENIED_STRICT_SURVIVAL}
[03:12:20] [Server thread/INFO]: [AIBot] ACTION event=capability_decision bot=Bob {context=perception_snapshot, capability=HIDDEN_BLOCK_SCAN, profile=strict_survival, allowed=false, reason=DENIED_STRICT_SURVIVAL}
[03:12:21] [Server thread/INFO]: [AIBot] ACTION event=capability_decision bot=Bob {context=danger_dark_trap_surface, capability=EMERGENCY_TELEPORT, profile=strict_survival, allowed=false, reason=DENIED_STRICT_SURVIVAL}
[03:12:22] [Server thread/INFO]: [AIBot] ACTION event=capability_decision bot=Bob {context=observable_entity_query, capability=HIDDEN_BLOCK_SCAN, profile=strict_survival, allowed=false, reason=DENIED_STRICT_SURVIVAL}
[03:12:25] [Server thread/INFO]: [AIBot] ACTION event=capability_decision bot=Bob {context=observable_block_query, capability=HIDDEN_BLOCK_SCAN, profile=strict_survival, allowed=false, reason=DENIED_STRICT_SURVIVAL}
[03:12:25] [Server thread/INFO]: [AIBot] ACTION event=capability_decision bot=Bob {context=perception_snapshot, capability=HIDDEN_BLOCK_SCAN, profile=strict_survival, allowed=false, reason=DENIED_STRICT_SURVIVAL}
[03:12:27] [Server thread/INFO]: [AIBot] ACTION event=capability_decision bot=Bob {context=observable_entity_query, capability=HIDDEN_BLOCK_SCAN, profile=strict_survival, allowed=false, reason=DENIED_STRICT_SURVIVAL}
[03:12:30] [Server thread/INFO]: [AIBot] ACTION event=capability_decision bot=Bob {context=danger_dark_trap_surface, capability=EMERGENCY_TELEPORT, profile=strict_survival, allowed=false, reason=DENIED_STRICT_SURVIVAL}
[03:12:30] [Server thread/INFO]: [AIBot] ACTION event=capability_decision bot=Bob {context=observable_block_query, capability=HIDDEN_BLOCK_SCAN, profile=strict_survival, allowed=false, reason=DENIED_STRICT_SURVIVAL}
[03:12:30] [Server thread/INFO]: [AIBot] ACTION event=capability_decision bot=Bob {context=perception_snapshot, capability=HIDDEN_BLOCK_SCAN, profile=strict_survival, allowed=false, reason=DENIED_STRICT_SURVIVAL}
[03:12:32] [Server thread/INFO]: [AIBot] ACTION event=capability_decision bot=Bob {context=observable_entity_query, capability=HIDDEN_BLOCK_SCAN, profile=strict_survival, allowed=false, reason=DENIED_STRICT_SURVIVAL}
[03:12:35] [Server thread/INFO]: [AIBot] ACTION event=capability_decision bot=Bob {context=observable_block_query, capability=HIDDEN_BLOCK_SCAN, profile=strict_survival, allowed=false, reason=DENIED_STRICT_SURVIVAL}
[03:12:35] [Server thread/INFO]: [AIBot] ACTION event=capability_decision bot=Bob {context=perception_snapshot, capability=HIDDEN_BLOCK_SCAN, profile=strict_survival, allowed=false, reason=DENIED_STRICT_SURVIVAL}
[03:12:38] [Server thread/INFO]: [AIBot] ACTION event=capability_decision bot=Bob {context=danger_dark_trap_surface, capability=EMERGENCY_TELEPORT, profile=strict_survival, allowed=false, reason=DENIED_STRICT_SURVIVAL}
[03:12:39] [Server thread/INFO]: [AIBot] ACTION event=capability_decision bot=Bob {context=observable_entity_query, capability=HIDDEN_BLOCK_SCAN, profile=strict_survival, allowed=false, reason=DENIED_STRICT_SURVIVAL}
[03:12:40] [Server thread/INFO]: [AIBot] ACTION event=capability_decision bot=Bob {context=observable_block_query, capability=HIDDEN_BLOCK_SCAN, profile=strict_survival, allowed=false, reason=DENIED_STRICT_SURVIVAL}
[03:12:40] [Server thread/INFO]: [AIBot] ACTION event=capability_decision bot=Bob {context=perception_snapshot, capability=HIDDEN_BLOCK_SCAN, profile=strict_survival, allowed=false, reason=DENIED_STRICT_SURVIVAL}
[03:12:45] [Server thread/INFO]: [AIBot] ACTION event=capability_decision bot=Bob {context=observable_block_query, capability=HIDDEN_BLOCK_SCAN, profile=strict_survival, allowed=false, reason=DENIED_STRICT_SURVIVAL}
[03:12:45] [Server thread/INFO]: [AIBot] ACTION event=capability_decision bot=Bob {context=perception_snapshot, capability=HIDDEN_BLOCK_SCAN, profile=strict_survival, allowed=false, reason=DENIED_STRICT_SURVIVAL}
[03:12:45] [Server thread/INFO]: [AIBot] ACTION event=capability_decision bot=Bob {context=observable_entity_query, capability=HIDDEN_BLOCK_SCAN, profile=strict_survival, allowed=false, reason=DENIED_STRICT_SURVIVAL}
[03:12:46] [Server thread/INFO]: [AIBot] ACTION event=capability_decision bot=Bob {context=danger_dark_trap_surface, capability=EMERGENCY_TELEPORT, profile=strict_survival, allowed=false, reason=DENIED_STRICT_SURVIVAL}
[03:12:50] [Server thread/INFO]: [AIBot] ACTION event=capability_decision bot=Bob {context=observable_entity_query, capability=HIDDEN_BLOCK_SCAN, profile=strict_survival, allowed=false, reason=DENIED_STRICT_SURVIVAL}
[03:12:50] [Server thread/INFO]: [AIBot] ACTION event=capability_decision bot=Bob {context=observable_block_query, capability=HIDDEN_BLOCK_SCAN, profile=strict_survival, allowed=false, reason=DENIED_STRICT_SURVIVAL}
[03:12:50] [Server thread/INFO]: [AIBot] ACTION event=capability_decision bot=Bob {context=perception_snapshot, capability=HIDDEN_BLOCK_SCAN, profile=strict_survival, allowed=false, reason=DENIED_STRICT_SURVIVAL}
[03:12:54] [Server thread/INFO]: [AIBot] ACTION event=capability_decision bot=Bob {context=danger_dark_trap_surface, capability=EMERGENCY_TELEPORT, profile=strict_survival, allowed=false, reason=DENIED_STRICT_SURVIVAL}
[03:12:55] [Server thread/INFO]: [AIBot] TASK event=task_assigned bot=Bob {params=Eating phase=FINDING starting_food=0, origin=SAFETY, name=eat, origin_reason=critical_hunger}
[03:12:55] [Server thread/INFO]: [AIBot] DANGER event=hunger_eat_started bot=Bob {food=6, critical=true, hp=20, healing=false}
[03:12:55] [Server thread/INFO]: [AIBot] ACTION event=capability_decision bot=Bob {context=observable_block_query, capability=HIDDEN_BLOCK_SCAN, profile=strict_survival, allowed=false, reason=DENIED_STRICT_SURVIVAL}
[03:12:55] [Server thread/INFO]: [AIBot] ACTION event=capability_decision bot=Bob {context=perception_snapshot, capability=HIDDEN_BLOCK_SCAN, profile=strict_survival, allowed=false, reason=DENIED_STRICT_SURVIVAL}
[03:12:55] [Server thread/INFO]: [AIBot] ACTION event=capability_decision bot=Bob {context=observable_entity_query, capability=HIDDEN_BLOCK_SCAN, profile=strict_survival, allowed=false, reason=DENIED_STRICT_SURVIVAL}
[03:12:56] [Server thread/INFO]: [AIBot] TASK event=task_completed bot=Bob {name=eat, elapsed_ticks=34}
[03:13:00] [Server thread/INFO]: [AIBot] ACTION event=capability_decision bot=Bob {context=observable_block_query, capability=HIDDEN_BLOCK_SCAN, profile=strict_survival, allowed=false, reason=DENIED_STRICT_SURVIVAL}
[03:13:00] [Server thread/INFO]: [AIBot] ACTION event=capability_decision bot=Bob {context=perception_snapshot, capability=HIDDEN_BLOCK_SCAN, profile=strict_survival, allowed=false, reason=DENIED_STRICT_SURVIVAL}
[03:13:04] [Server thread/INFO]: [AIBot] ACTION event=capability_decision bot=Bob {context=danger_dark_trap_surface, capability=EMERGENCY_TELEPORT, profile=strict_survival, allowed=false, reason=DENIED_STRICT_SURVIVAL}
[03:13:05] [Server thread/INFO]: [AIBot] ACTION event=capability_decision bot=Bob {context=observable_block_query, capability=HIDDEN_BLOCK_SCAN, profile=strict_survival, allowed=false, reason=DENIED_STRICT_SURVIVAL}
[03:13:05] [Server thread/INFO]: [AIBot] ACTION event=capability_decision bot=Bob {context=perception_snapshot, capability=HIDDEN_BLOCK_SCAN, profile=strict_survival, allowed=false, reason=DENIED_STRICT_SURVIVAL}
[03:13:10] [Server thread/INFO]: [AIBot] ACTION event=capability_decision bot=Bob {context=observable_block_query, capability=HIDDEN_BLOCK_SCAN, profile=strict_survival, allowed=false, reason=DENIED_STRICT_SURVIVAL}
[03:13:10] [Server thread/INFO]: [AIBot] ACTION event=capability_decision bot=Bob {context=perception_snapshot, capability=HIDDEN_BLOCK_SCAN, profile=strict_survival, allowed=false, reason=DENIED_STRICT_SURVIVAL}
[03:13:12] [Server thread/INFO]: [AIBot] ACTION event=capability_decision bot=Bob {context=danger_dark_trap_surface, capability=EMERGENCY_TELEPORT, profile=strict_survival, allowed=false, reason=DENIED_STRICT_SURVIVAL}
[03:13:15] [Server thread/INFO]: [AIBot] ACTION event=capability_decision bot=Bob {context=observable_block_query, capability=HIDDEN_BLOCK_SCAN, profile=strict_survival, allowed=false, reason=DENIED_STRICT_SURVIVAL}
[03:13:15] [Server thread/INFO]: [AIBot] ACTION event=capability_decision bot=Bob {context=perception_snapshot, capability=HIDDEN_BLOCK_SCAN, profile=strict_survival, allowed=false, reason=DENIED_STRICT_SURVIVAL}
[03:13:20] [Server thread/INFO]: [AIBot] ACTION event=capability_decision bot=Bob {context=observable_block_query, capability=HIDDEN_BLOCK_SCAN, profile=strict_survival, allowed=false, reason=DENIED_STRICT_SURVIVAL}
[03:13:20] [Server thread/INFO]: [AIBot] ACTION event=capability_decision bot=Bob {context=perception_snapshot, capability=HIDDEN_BLOCK_SCAN, profile=strict_survival, allowed=false, reason=DENIED_STRICT_SURVIVAL}
[03:13:20] [Server thread/INFO]: [AIBot] ACTION event=capability_decision bot=Bob {context=danger_dark_trap_surface, capability=EMERGENCY_TELEPORT, profile=strict_survival, allowed=false, reason=DENIED_STRICT_SURVIVAL}
[03:13:25] [Server thread/INFO]: [AIBot] ACTION event=capability_decision bot=Bob {context=observable_block_query, capability=HIDDEN_BLOCK_SCAN, profile=strict_survival, allowed=false, reason=DENIED_STRICT_SURVIVAL}
[03:13:25] [Server thread/INFO]: [AIBot] ACTION event=capability_decision bot=Bob {context=perception_snapshot, capability=HIDDEN_BLOCK_SCAN, profile=strict_survival, allowed=false, reason=DENIED_STRICT_SURVIVAL}
[03:13:27] [Server thread/INFO]: [AIBot] ACTION event=capability_decision bot=Bob {context=observable_entity_query, capability=HIDDEN_BLOCK_SCAN, profile=strict_survival, allowed=false, reason=DENIED_STRICT_SURVIVAL}
[03:13:28] [Server thread/INFO]: [AIBot] ACTION event=capability_decision bot=Bob {context=danger_dark_trap_surface, capability=EMERGENCY_TELEPORT, profile=strict_survival, allowed=false, reason=DENIED_STRICT_SURVIVAL}
[03:13:30] [Server thread/INFO]: [AIBot] ACTION event=capability_decision bot=Bob {context=observable_block_query, capability=HIDDEN_BLOCK_SCAN, profile=strict_survival, allowed=false, reason=DENIED_STRICT_SURVIVAL}
[03:13:30] [Server thread/INFO]: [AIBot] ACTION event=capability_decision bot=Bob {context=perception_snapshot, capability=HIDDEN_BLOCK_SCAN, profile=strict_survival, allowed=false, reason=DENIED_STRICT_SURVIVAL}
[03:13:33] [Server thread/INFO]: [AIBot] ACTION event=capability_decision bot=Bob {context=observable_entity_query, capability=HIDDEN_BLOCK_SCAN, profile=strict_survival, allowed=false, reason=DENIED_STRICT_SURVIVAL}
[03:13:35] [Server thread/INFO]: [AIBot] ACTION event=capability_decision bot=Bob {context=observable_block_query, capability=HIDDEN_BLOCK_SCAN, profile=strict_survival, allowed=false, reason=DENIED_STRICT_SURVIVAL}
[03:13:35] [Server thread/INFO]: [AIBot] ACTION event=capability_decision bot=Bob {context=perception_snapshot, capability=HIDDEN_BLOCK_SCAN, profile=strict_survival, allowed=false, reason=DENIED_STRICT_SURVIVAL}
[03:13:37] [Server thread/INFO]: [AIBot] ACTION event=capability_decision bot=Bob {context=danger_dark_trap_surface, capability=EMERGENCY_TELEPORT, profile=strict_survival, allowed=false, reason=DENIED_STRICT_SURVIVAL}
[03:13:40] [Server thread/INFO]: [AIBot] ACTION event=capability_decision bot=Bob {context=observable_block_query, capability=HIDDEN_BLOCK_SCAN, profile=strict_survival, allowed=false, reason=DENIED_STRICT_SURVIVAL}
[03:13:40] [Server thread/INFO]: [AIBot] ACTION event=capability_decision bot=Bob {context=perception_snapshot, capability=HIDDEN_BLOCK_SCAN, profile=strict_survival, allowed=false, reason=DENIED_STRICT_SURVIVAL}
[03:13:43] [Server thread/INFO]: [AIBot] ACTION event=capability_decision bot=Bob {context=observable_entity_query, capability=HIDDEN_BLOCK_SCAN, profile=strict_survival, allowed=false, reason=DENIED_STRICT_SURVIVAL}
[03:13:45] [Server thread/INFO]: [AIBot] ACTION event=capability_decision bot=Bob {context=danger_dark_trap_surface, capability=EMERGENCY_TELEPORT, profile=strict_survival, allowed=false, reason=DENIED_STRICT_SURVIVAL}
[03:13:45] [Server thread/INFO]: [AIBot] ACTION event=capability_decision bot=Bob {context=observable_block_query, capability=HIDDEN_BLOCK_SCAN, profile=strict_survival, allowed=false, reason=DENIED_STRICT_SURVIVAL}
[03:13:45] [Server thread/INFO]: [AIBot] ACTION event=capability_decision bot=Bob {context=perception_snapshot, capability=HIDDEN_BLOCK_SCAN, profile=strict_survival, allowed=false, reason=DENIED_STRICT_SURVIVAL}
[03:13:49] [Server thread/INFO]: [AIBot] ACTION event=capability_decision bot=Bob {context=observable_entity_query, capability=HIDDEN_BLOCK_SCAN, profile=strict_survival, allowed=false, reason=DENIED_STRICT_SURVIVAL}
[03:13:50] [Server thread/INFO]: [AIBot] ACTION event=capability_decision bot=Bob {context=observable_block_query, capability=HIDDEN_BLOCK_SCAN, profile=strict_survival, allowed=false, reason=DENIED_STRICT_SURVIVAL}
[03:13:50] [Server thread/INFO]: [AIBot] ACTION event=capability_decision bot=Bob {context=perception_snapshot, capability=HIDDEN_BLOCK_SCAN, profile=strict_survival, allowed=false, reason=DENIED_STRICT_SURVIVAL}
[03:13:53] [Server thread/INFO]: [AIBot] ACTION event=capability_decision bot=Bob {context=danger_dark_trap_surface, capability=EMERGENCY_TELEPORT, profile=strict_survival, allowed=false, reason=DENIED_STRICT_SURVIVAL}
[03:13:55] [Server thread/INFO]: [AIBot] ACTION event=capability_decision bot=Bob {context=observable_block_query, capability=HIDDEN_BLOCK_SCAN, profile=strict_survival, allowed=false, reason=DENIED_STRICT_SURVIVAL}
[03:13:55] [Server thread/INFO]: [AIBot] ACTION event=capability_decision bot=Bob {context=perception_snapshot, capability=HIDDEN_BLOCK_SCAN, profile=strict_survival, allowed=false, reason=DENIED_STRICT_SURVIVAL}
[03:13:55] [Server thread/INFO]: [AIBot] ACTION event=capability_decision bot=Bob {context=observable_entity_query, capability=HIDDEN_BLOCK_SCAN, profile=strict_survival, allowed=false, reason=DENIED_STRICT_SURVIVAL}
[03:14:00] [Server thread/INFO]: [AIBot] ACTION event=capability_decision bot=Bob {context=observable_block_query, capability=HIDDEN_BLOCK_SCAN, profile=strict_survival, allowed=false, reason=DENIED_STRICT_SURVIVAL}
[03:14:00] [Server thread/INFO]: [AIBot] ACTION event=capability_decision bot=Bob {context=perception_snapshot, capability=HIDDEN_BLOCK_SCAN, profile=strict_survival, allowed=false, reason=DENIED_STRICT_SURVIVAL}
[03:14:01] [Server thread/INFO]: [AIBot] ACTION event=capability_decision bot=Bob {context=danger_dark_trap_surface, capability=EMERGENCY_TELEPORT, profile=strict_survival, allowed=false, reason=DENIED_STRICT_SURVIVAL}
[03:14:01] [Server thread/INFO]: [AIBot] ACTION event=capability_decision bot=Bob {context=observable_entity_query, capability=HIDDEN_BLOCK_SCAN, profile=strict_survival, allowed=false, reason=DENIED_STRICT_SURVIVAL}
[03:14:05] [Server thread/INFO]: [AIBot] ACTION event=capability_decision bot=Bob {context=observable_block_query, capability=HIDDEN_BLOCK_SCAN, profile=strict_survival, allowed=false, reason=DENIED_STRICT_SURVIVAL}
[03:14:05] [Server thread/INFO]: [AIBot] ACTION event=capability_decision bot=Bob {context=perception_snapshot, capability=HIDDEN_BLOCK_SCAN, profile=strict_survival, allowed=false, reason=DENIED_STRICT_SURVIVAL}
[03:14:07] [Server thread/INFO]: [AIBot] ACTION event=capability_decision bot=Bob {context=observable_entity_query, capability=HIDDEN_BLOCK_SCAN, profile=strict_survival, allowed=false, reason=DENIED_STRICT_SURVIVAL}
[03:14:09] [Server thread/INFO]: [AIBot] ACTION event=capability_decision bot=Bob {context=danger_dark_trap_surface, capability=EMERGENCY_TELEPORT, profile=strict_survival, allowed=false, reason=DENIED_STRICT_SURVIVAL}
[03:14:10] [Server thread/INFO]: [AIBot] ACTION event=capability_decision bot=Bob {context=observable_block_query, capability=HIDDEN_BLOCK_SCAN, profile=strict_survival, allowed=false, reason=DENIED_STRICT_SURVIVAL}
[03:14:10] [Server thread/INFO]: [AIBot] ACTION event=capability_decision bot=Bob {context=perception_snapshot, capability=HIDDEN_BLOCK_SCAN, profile=strict_survival, allowed=false, reason=DENIED_STRICT_SURVIVAL}
[03:14:13] [Server thread/INFO]: [AIBot] ACTION event=capability_decision bot=Bob {context=observable_entity_query, capability=HIDDEN_BLOCK_SCAN, profile=strict_survival, allowed=false, reason=DENIED_STRICT_SURVIVAL}
[03:14:15] [Server thread/INFO]: [AIBot] ACTION event=capability_decision bot=Bob {context=observable_block_query, capability=HIDDEN_BLOCK_SCAN, profile=strict_survival, allowed=false, reason=DENIED_STRICT_SURVIVAL}
[03:14:15] [Server thread/INFO]: [AIBot] ACTION event=capability_decision bot=Bob {context=perception_snapshot, capability=HIDDEN_BLOCK_SCAN, profile=strict_survival, allowed=false, reason=DENIED_STRICT_SURVIVAL}
[03:14:17] [Server thread/INFO]: [AIBot] ACTION event=capability_decision bot=Bob {context=danger_dark_trap_surface, capability=EMERGENCY_TELEPORT, profile=strict_survival, allowed=false, reason=DENIED_STRICT_SURVIVAL}
[03:14:19] [Server thread/INFO]: [AIBot] ACTION event=capability_decision bot=Bob {context=observable_entity_query, capability=HIDDEN_BLOCK_SCAN, profile=strict_survival, allowed=false, reason=DENIED_STRICT_SURVIVAL}
[03:14:20] [Server thread/INFO]: [AIBot] ACTION event=capability_decision bot=Bob {context=observable_block_query, capability=HIDDEN_BLOCK_SCAN, profile=strict_survival, allowed=false, reason=DENIED_STRICT_SURVIVAL}
[03:14:20] [Server thread/INFO]: [AIBot] ACTION event=capability_decision bot=Bob {context=perception_snapshot, capability=HIDDEN_BLOCK_SCAN, profile=strict_survival, allowed=false, reason=DENIED_STRICT_SURVIVAL}
[03:14:25] [Server thread/INFO]: [AIBot] ACTION event=capability_decision bot=Bob {context=danger_dark_trap_surface, capability=EMERGENCY_TELEPORT, profile=strict_survival, allowed=false, reason=DENIED_STRICT_SURVIVAL}
[03:14:25] [Server thread/INFO]: [AIBot] ACTION event=capability_decision bot=Bob {context=observable_block_query, capability=HIDDEN_BLOCK_SCAN, profile=strict_survival, allowed=false, reason=DENIED_STRICT_SURVIVAL}
[03:14:25] [Server thread/INFO]: [AIBot] ACTION event=capability_decision bot=Bob {context=perception_snapshot, capability=HIDDEN_BLOCK_SCAN, profile=strict_survival, allowed=false, reason=DENIED_STRICT_SURVIVAL}
[03:14:25] [Server thread/INFO]: [AIBot] ACTION event=capability_decision bot=Bob {context=observable_entity_query, capability=HIDDEN_BLOCK_SCAN, profile=strict_survival, allowed=false, reason=DENIED_STRICT_SURVIVAL}
[03:14:30] [Server thread/INFO]: [AIBot] ACTION event=capability_decision bot=Bob {context=observable_entity_query, capability=HIDDEN_BLOCK_SCAN, profile=strict_survival, allowed=false, reason=DENIED_STRICT_SURVIVAL}
[03:14:30] [Server thread/INFO]: [AIBot] ACTION event=capability_decision bot=Bob {context=observable_block_query, capability=HIDDEN_BLOCK_SCAN, profile=strict_survival, allowed=false, reason=DENIED_STRICT_SURVIVAL}
[03:14:30] [Server thread/INFO]: [AIBot] ACTION event=capability_decision bot=Bob {context=perception_snapshot, capability=HIDDEN_BLOCK_SCAN, profile=strict_survival, allowed=false, reason=DENIED_STRICT_SURVIVAL}
[03:14:33] [Server thread/INFO]: [AIBot] ACTION event=capability_decision bot=Bob {context=danger_dark_trap_surface, capability=EMERGENCY_TELEPORT, profile=strict_survival, allowed=false, reason=DENIED_STRICT_SURVIVAL}
[03:14:35] [Server thread/INFO]: [AIBot] ACTION event=capability_decision bot=Bob {context=observable_entity_query, capability=HIDDEN_BLOCK_SCAN, profile=strict_survival, allowed=false, reason=DENIED_STRICT_SURVIVAL}
[03:14:35] [Server thread/INFO]: [AIBot] ACTION event=capability_decision bot=Bob {context=observable_block_query, capability=HIDDEN_BLOCK_SCAN, profile=strict_survival, allowed=false, reason=DENIED_STRICT_SURVIVAL}
[03:14:35] [Server thread/INFO]: [AIBot] ACTION event=capability_decision bot=Bob {context=perception_snapshot, capability=HIDDEN_BLOCK_SCAN, profile=strict_survival, allowed=false, reason=DENIED_STRICT_SURVIVAL}
[03:14:40] [Server thread/INFO]: [AIBot] ACTION event=capability_decision bot=Bob {context=observable_entity_query, capability=HIDDEN_BLOCK_SCAN, profile=strict_survival, allowed=false, reason=DENIED_STRICT_SURVIVAL}
[03:14:40] [Server thread/INFO]: [AIBot] ACTION event=capability_decision bot=Bob {context=observable_block_query, capability=HIDDEN_BLOCK_SCAN, profile=strict_survival, allowed=false, reason=DENIED_STRICT_SURVIVAL}
[03:14:40] [Server thread/INFO]: [AIBot] ACTION event=capability_decision bot=Bob {context=perception_snapshot, capability=HIDDEN_BLOCK_SCAN, profile=strict_survival, allowed=false, reason=DENIED_STRICT_SURVIVAL}
[03:14:41] [Server thread/INFO]: [AIBot] ACTION event=capability_decision bot=Bob {context=danger_dark_trap_surface, capability=EMERGENCY_TELEPORT, profile=strict_survival, allowed=false, reason=DENIED_STRICT_SURVIVAL}
[03:14:45] [Server thread/INFO]: [AIBot] ACTION event=capability_decision bot=Bob {context=observable_entity_query, capability=HIDDEN_BLOCK_SCAN, profile=strict_survival, allowed=false, reason=DENIED_STRICT_SURVIVAL}
[03:14:45] [Server thread/INFO]: [AIBot] ACTION event=capability_decision bot=Bob {context=observable_block_query, capability=HIDDEN_BLOCK_SCAN, profile=strict_survival, allowed=false, reason=DENIED_STRICT_SURVIVAL}
[03:14:45] [Server thread/INFO]: [AIBot] ACTION event=capability_decision bot=Bob {context=perception_snapshot, capability=HIDDEN_BLOCK_SCAN, profile=strict_survival, allowed=false, reason=DENIED_STRICT_SURVIVAL}
[03:14:49] [Server thread/INFO]: [AIBot] ACTION event=capability_decision bot=Bob {context=danger_dark_trap_surface, capability=EMERGENCY_TELEPORT, profile=strict_survival, allowed=false, reason=DENIED_STRICT_SURVIVAL}
[03:14:50] [Server thread/INFO]: [AIBot] ACTION event=capability_decision bot=Bob {context=observable_entity_query, capability=HIDDEN_BLOCK_SCAN, profile=strict_survival, allowed=false, reason=DENIED_STRICT_SURVIVAL}
[03:14:50] [Server thread/INFO]: [AIBot] ACTION event=capability_decision bot=Bob {context=observable_block_query, capability=HIDDEN_BLOCK_SCAN, profile=strict_survival, allowed=false, reason=DENIED_STRICT_SURVIVAL}
[03:14:50] [Server thread/INFO]: [AIBot] ACTION event=capability_decision bot=Bob {context=perception_snapshot, capability=HIDDEN_BLOCK_SCAN, profile=strict_survival, allowed=false, reason=DENIED_STRICT_SURVIVAL}
[03:14:55] [Server thread/INFO]: [AIBot] ACTION event=capability_decision bot=Bob {context=observable_block_query, capability=HIDDEN_BLOCK_SCAN, profile=strict_survival, allowed=false, reason=DENIED_STRICT_SURVIVAL}
[03:14:55] [Server thread/INFO]: [AIBot] ACTION event=capability_decision bot=Bob {context=perception_snapshot, capability=HIDDEN_BLOCK_SCAN, profile=strict_survival, allowed=false, reason=DENIED_STRICT_SURVIVAL}
[03:14:55] [Server thread/INFO]: [AIBot] ACTION event=capability_decision bot=Bob {context=observable_entity_query, capability=HIDDEN_BLOCK_SCAN, profile=strict_survival, allowed=false, reason=DENIED_STRICT_SURVIVAL}
[03:14:57] [Server thread/INFO]: [AIBot] ACTION event=capability_decision bot=Bob {context=danger_dark_trap_surface, capability=EMERGENCY_TELEPORT, profile=strict_survival, allowed=false, reason=DENIED_STRICT_SURVIVAL}
[03:15:00] [Server thread/INFO]: [AIBot] ACTION event=capability_decision bot=Bob {context=observable_block_query, capability=HIDDEN_BLOCK_SCAN, profile=strict_survival, allowed=false, reason=DENIED_STRICT_SURVIVAL}
[03:15:00] [Server thread/INFO]: [AIBot] ACTION event=capability_decision bot=Bob {context=perception_snapshot, capability=HIDDEN_BLOCK_SCAN, profile=strict_survival, allowed=false, reason=DENIED_STRICT_SURVIVAL}
[03:15:01] [Server thread/INFO]: [AIBot] ACTION event=capability_decision bot=Bob {context=observable_entity_query, capability=HIDDEN_BLOCK_SCAN, profile=strict_survival, allowed=false, reason=DENIED_STRICT_SURVIVAL}
[03:15:05] [Server thread/INFO]: [AIBot] ACTION event=capability_decision bot=Bob {context=danger_dark_trap_surface, capability=EMERGENCY_TELEPORT, profile=strict_survival, allowed=false, reason=DENIED_STRICT_SURVIVAL}
[03:15:06] [Server thread/INFO]: [AIBot] ACTION event=capability_decision bot=Bob {context=observable_block_query, capability=HIDDEN_BLOCK_SCAN, profile=strict_survival, allowed=false, reason=DENIED_STRICT_SURVIVAL}
[03:15:06] [Server thread/INFO]: [AIBot] ACTION event=capability_decision bot=Bob {context=perception_snapshot, capability=HIDDEN_BLOCK_SCAN, profile=strict_survival, allowed=false, reason=DENIED_STRICT_SURVIVAL}
[03:15:06] [Server thread/INFO]: [AIBot] ACTION event=capability_decision bot=Bob {context=observable_entity_query, capability=HIDDEN_BLOCK_SCAN, profile=strict_survival, allowed=false, reason=DENIED_STRICT_SURVIVAL}
[03:15:10] [Server thread/INFO]: [AIBot] ACTION event=capability_decision bot=Bob {context=observable_block_query, capability=HIDDEN_BLOCK_SCAN, profile=strict_survival, allowed=false, reason=DENIED_STRICT_SURVIVAL}
[03:15:10] [Server thread/INFO]: [AIBot] ACTION event=capability_decision bot=Bob {context=perception_snapshot, capability=HIDDEN_BLOCK_SCAN, profile=strict_survival, allowed=false, reason=DENIED_STRICT_SURVIVAL}
[03:15:11] [Server thread/INFO]: [AIBot] ACTION event=capability_decision bot=Bob {context=observable_entity_query, capability=HIDDEN_BLOCK_SCAN, profile=strict_survival, allowed=false, reason=DENIED_STRICT_SURVIVAL}
[03:15:13] [Server thread/INFO]: [AIBot] ACTION event=capability_decision bot=Bob {context=danger_dark_trap_surface, capability=EMERGENCY_TELEPORT, profile=strict_survival, allowed=false, reason=DENIED_STRICT_SURVIVAL}
[03:15:15] [Server thread/INFO]: [AIBot] ACTION event=capability_decision bot=Bob {context=observable_block_query, capability=HIDDEN_BLOCK_SCAN, profile=strict_survival, allowed=false, reason=DENIED_STRICT_SURVIVAL}
[03:15:15] [Server thread/INFO]: [AIBot] ACTION event=capability_decision bot=Bob {context=perception_snapshot, capability=HIDDEN_BLOCK_SCAN, profile=strict_survival, allowed=false, reason=DENIED_STRICT_SURVIVAL}
[03:15:17] [Server thread/INFO]: [AIBot] ACTION event=capability_decision bot=Bob {context=observable_entity_query, capability=HIDDEN_BLOCK_SCAN, profile=strict_survival, allowed=false, reason=DENIED_STRICT_SURVIVAL}
[03:15:20] [Server thread/INFO]: [AIBot] ACTION event=capability_decision bot=Bob {context=observable_block_query, capability=HIDDEN_BLOCK_SCAN, profile=strict_survival, allowed=false, reason=DENIED_STRICT_SURVIVAL}
[03:15:20] [Server thread/INFO]: [AIBot] ACTION event=capability_decision bot=Bob {context=perception_snapshot, capability=HIDDEN_BLOCK_SCAN, profile=strict_survival, allowed=false, reason=DENIED_STRICT_SURVIVAL}
[03:15:21] [Server thread/INFO]: [AIBot] ACTION event=capability_decision bot=Bob {context=danger_dark_trap_surface, capability=EMERGENCY_TELEPORT, profile=strict_survival, allowed=false, reason=DENIED_STRICT_SURVIVAL}
[03:15:23] [Server thread/INFO]: [AIBot] ACTION event=capability_decision bot=Bob {context=observable_entity_query, capability=HIDDEN_BLOCK_SCAN, profile=strict_survival, allowed=false, reason=DENIED_STRICT_SURVIVAL}
[03:15:25] [Server thread/INFO]: [AIBot] ACTION event=capability_decision bot=Bob {context=observable_block_query, capability=HIDDEN_BLOCK_SCAN, profile=strict_survival, allowed=false, reason=DENIED_STRICT_SURVIVAL}
[03:15:25] [Server thread/INFO]: [AIBot] ACTION event=capability_decision bot=Bob {context=perception_snapshot, capability=HIDDEN_BLOCK_SCAN, profile=strict_survival, allowed=false, reason=DENIED_STRICT_SURVIVAL}
[03:15:29] [Server thread/INFO]: [AIBot] ACTION event=capability_decision bot=Bob {context=danger_dark_trap_surface, capability=EMERGENCY_TELEPORT, profile=strict_survival, allowed=false, reason=DENIED_STRICT_SURVIVAL}
[03:15:29] [Server thread/INFO]: [AIBot] ACTION event=capability_decision bot=Bob {context=observable_entity_query, capability=HIDDEN_BLOCK_SCAN, profile=strict_survival, allowed=false, reason=DENIED_STRICT_SURVIVAL}
[03:15:30] [Server thread/INFO]: [AIBot] ACTION event=capability_decision bot=Bob {context=observable_block_query, capability=HIDDEN_BLOCK_SCAN, profile=strict_survival, allowed=false, reason=DENIED_STRICT_SURVIVAL}
[03:15:30] [Server thread/INFO]: [AIBot] ACTION event=capability_decision bot=Bob {context=perception_snapshot, capability=HIDDEN_BLOCK_SCAN, profile=strict_survival, allowed=false, reason=DENIED_STRICT_SURVIVAL}
[03:15:34] [Server thread/INFO]: [AIBot] TASK event=task_assigned bot=Bob {params=farm crop=Block{minecraft:wheat} center=4,112,8 radius=4 done=0 phase=SURVEY, origin=LLM_TOOL, name=farm, origin_reason=external_dsh}
[03:15:34] [Server thread/INFO]: [AIBot] TASK event=task_completed bot=Bob {name=farm, elapsed_ticks=2}
[03:15:35] [Server thread/INFO]: [AIBot] ACTION event=capability_decision bot=Bob {context=observable_block_query, capability=HIDDEN_BLOCK_SCAN, profile=strict_survival, allowed=false, reason=DENIED_STRICT_SURVIVAL}
[03:15:35] [Server thread/INFO]: [AIBot] ACTION event=capability_decision bot=Bob {context=perception_snapshot, capability=HIDDEN_BLOCK_SCAN, profile=strict_survival, allowed=false, reason=DENIED_STRICT_SURVIVAL}
[03:15:35] [Server thread/INFO]: [AIBot] ACTION event=capability_decision bot=Bob {context=observable_entity_query, capability=HIDDEN_BLOCK_SCAN, profile=strict_survival, allowed=false, reason=DENIED_STRICT_SURVIVAL}
[03:15:40] [Server thread/INFO]: [AIBot] ACTION event=capability_decision bot=Bob {context=observable_block_query, capability=HIDDEN_BLOCK_SCAN, profile=strict_survival, allowed=false, reason=DENIED_STRICT_SURVIVAL}
[03:15:40] [Server thread/INFO]: [AIBot] ACTION event=capability_decision bot=Bob {context=perception_snapshot, capability=HIDDEN_BLOCK_SCAN, profile=strict_survival, allowed=false, reason=DENIED_STRICT_SURVIVAL}
[03:15:41] [Server thread/INFO]: [AIBot] ACTION event=capability_decision bot=Bob {context=observable_entity_query, capability=HIDDEN_BLOCK_SCAN, profile=strict_survival, allowed=false, reason=DENIED_STRICT_SURVIVAL}
[03:15:42] [Server thread/INFO]: [AIBot] ACTION event=capability_decision bot=Bob {context=danger_dark_trap_surface, capability=EMERGENCY_TELEPORT, profile=strict_survival, allowed=false, reason=DENIED_STRICT_SURVIVAL}
[03:15:45] [Server thread/INFO]: [AIBot] ACTION event=capability_decision bot=Bob {context=observable_block_query, capability=HIDDEN_BLOCK_SCAN, profile=strict_survival, allowed=false, reason=DENIED_STRICT_SURVIVAL}
[03:15:45] [Server thread/INFO]: [AIBot] ACTION event=capability_decision bot=Bob {context=perception_snapshot, capability=HIDDEN_BLOCK_SCAN, profile=strict_survival, allowed=false, reason=DENIED_STRICT_SURVIVAL}
[03:15:47] [Server thread/INFO]: [AIBot] ACTION event=capability_decision bot=Bob {context=observable_entity_query, capability=HIDDEN_BLOCK_SCAN, profile=strict_survival, allowed=false, reason=DENIED_STRICT_SURVIVAL}
[03:15:50] [Server thread/INFO]: [AIBot] ACTION event=capability_decision bot=Bob {context=observable_block_query, capability=HIDDEN_BLOCK_SCAN, profile=strict_survival, allowed=false, reason=DENIED_STRICT_SURVIVAL}
[03:15:50] [Server thread/INFO]: [AIBot] ACTION event=capability_decision bot=Bob {context=perception_snapshot, capability=HIDDEN_BLOCK_SCAN, profile=strict_survival, allowed=false, reason=DENIED_STRICT_SURVIVAL}
[03:15:50] [Server thread/INFO]: [AIBot] ACTION event=capability_decision bot=Bob {context=danger_dark_trap_surface, capability=EMERGENCY_TELEPORT, profile=strict_survival, allowed=false, reason=DENIED_STRICT_SURVIVAL}
[03:15:54] [Server thread/INFO]: [AIBot] TASK event=task_assigned bot=Bob {params=Gathering minecraft:wheat 0/1 phase=SURVEY, origin=LLM_TOOL, name=gather, origin_reason=external_dsh}
[03:15:54] [Server thread/WARN]: [AIBot] TASK event=task_failed bot=Bob {elapsed_ticks=1, reason=unsupported_resource_type, name=gather}
[03:15:55] [Server thread/INFO]: [AIBot] ACTION event=capability_decision bot=Bob {context=observable_block_query, capability=HIDDEN_BLOCK_SCAN, profile=strict_survival, allowed=false, reason=DENIED_STRICT_SURVIVAL}
[03:15:55] [Server thread/INFO]: [AIBot] ACTION event=capability_decision bot=Bob {context=perception_snapshot, capability=HIDDEN_BLOCK_SCAN, profile=strict_survival, allowed=false, reason=DENIED_STRICT_SURVIVAL}
[03:15:59] [Server thread/INFO]: [AIBot] ACTION event=capability_decision bot=Bob {context=danger_dark_trap_surface, capability=EMERGENCY_TELEPORT, profile=strict_survival, allowed=false, reason=DENIED_STRICT_SURVIVAL}
[03:16:00] [Server thread/INFO]: [AIBot] ACTION event=capability_decision bot=Bob {context=observable_block_query, capability=HIDDEN_BLOCK_SCAN, profile=strict_survival, allowed=false, reason=DENIED_STRICT_SURVIVAL}
[03:16:00] [Server thread/INFO]: [AIBot] ACTION event=capability_decision bot=Bob {context=perception_snapshot, capability=HIDDEN_BLOCK_SCAN, profile=strict_survival, allowed=false, reason=DENIED_STRICT_SURVIVAL}
[03:16:05] [Server thread/INFO]: [AIBot] ACTION event=capability_decision bot=Bob {context=observable_block_query, capability=HIDDEN_BLOCK_SCAN, profile=strict_survival, allowed=false, reason=DENIED_STRICT_SURVIVAL}
[03:16:05] [Server thread/INFO]: [AIBot] ACTION event=capability_decision bot=Bob {context=perception_snapshot, capability=HIDDEN_BLOCK_SCAN, profile=strict_survival, allowed=false, reason=DENIED_STRICT_SURVIVAL}
[03:16:07] [Server thread/INFO]: [AIBot] ACTION event=capability_decision bot=Bob {context=danger_dark_trap_surface, capability=EMERGENCY_TELEPORT, profile=strict_survival, allowed=false, reason=DENIED_STRICT_SURVIVAL}
[03:16:07] [Server thread/INFO]: [AIBot] ACTION event=capability_decision bot=Bob {context=observable_entity_query, capability=HIDDEN_BLOCK_SCAN, profile=strict_survival, allowed=false, reason=DENIED_STRICT_SURVIVAL}
[03:16:10] [Server thread/INFO]: [AIBot] ACTION event=capability_decision bot=Bob {context=observable_block_query, capability=HIDDEN_BLOCK_SCAN, profile=strict_survival, allowed=false, reason=DENIED_STRICT_SURVIVAL}
[03:16:10] [Server thread/INFO]: [AIBot] ACTION event=capability_decision bot=Bob {context=perception_snapshot, capability=HIDDEN_BLOCK_SCAN, profile=strict_survival, allowed=false, reason=DENIED_STRICT_SURVIVAL}
[03:16:13] [Server thread/INFO]: [AIBot] ACTION event=capability_decision bot=Bob {context=observable_entity_query, capability=HIDDEN_BLOCK_SCAN, profile=strict_survival, allowed=false, reason=DENIED_STRICT_SURVIVAL}
[03:16:15] [Server thread/INFO]: [AIBot] ACTION event=capability_decision bot=Bob {context=danger_dark_trap_surface, capability=EMERGENCY_TELEPORT, profile=strict_survival, allowed=false, reason=DENIED_STRICT_SURVIVAL}
[03:16:15] [Server thread/INFO]: [AIBot] ACTION event=capability_decision bot=Bob {context=observable_block_query, capability=HIDDEN_BLOCK_SCAN, profile=strict_survival, allowed=false, reason=DENIED_STRICT_SURVIVAL}
[03:16:15] [Server thread/INFO]: [AIBot] ACTION event=capability_decision bot=Bob {context=perception_snapshot, capability=HIDDEN_BLOCK_SCAN, profile=strict_survival, allowed=false, reason=DENIED_STRICT_SURVIVAL}
[03:16:18] [Server thread/INFO]: [AIBot] ACTION event=capability_decision bot=Bob {context=observable_entity_query, capability=HIDDEN_BLOCK_SCAN, profile=strict_survival, allowed=false, reason=DENIED_STRICT_SURVIVAL}
[03:16:20] [Server thread/INFO]: [AIBot] ACTION event=capability_decision bot=Bob {context=observable_block_query, capability=HIDDEN_BLOCK_SCAN, profile=strict_survival, allowed=false, reason=DENIED_STRICT_SURVIVAL}
[03:16:20] [Server thread/INFO]: [AIBot] ACTION event=capability_decision bot=Bob {context=perception_snapshot, capability=HIDDEN_BLOCK_SCAN, profile=strict_survival, allowed=false, reason=DENIED_STRICT_SURVIVAL}
[03:16:23] [Server thread/INFO]: [AIBot] ACTION event=capability_decision bot=Bob {context=danger_dark_trap_surface, capability=EMERGENCY_TELEPORT, profile=strict_survival, allowed=false, reason=DENIED_STRICT_SURVIVAL}
[03:16:23] [Server thread/INFO]: [AIBot] ACTION event=capability_decision bot=Bob {context=observable_entity_query, capability=HIDDEN_BLOCK_SCAN, profile=strict_survival, allowed=false, reason=DENIED_STRICT_SURVIVAL}
[03:16:25] [Server thread/INFO]: [AIBot] ACTION event=capability_decision bot=Bob {context=observable_block_query, capability=HIDDEN_BLOCK_SCAN, profile=strict_survival, allowed=false, reason=DENIED_STRICT_SURVIVAL}
[03:16:25] [Server thread/INFO]: [AIBot] ACTION event=capability_decision bot=Bob {context=perception_snapshot, capability=HIDDEN_BLOCK_SCAN, profile=strict_survival, allowed=false, reason=DENIED_STRICT_SURVIVAL}
[03:16:28] [Server thread/INFO]: [AIBot] ACTION event=capability_decision bot=Bob {context=observable_entity_query, capability=HIDDEN_BLOCK_SCAN, profile=strict_survival, allowed=false, reason=DENIED_STRICT_SURVIVAL}
[03:16:30] [Server thread/INFO]: [AIBot] ACTION event=capability_decision bot=Bob {context=observable_block_query, capability=HIDDEN_BLOCK_SCAN, profile=strict_survival, allowed=false, reason=DENIED_STRICT_SURVIVAL}
[03:16:30] [Server thread/INFO]: [AIBot] ACTION event=capability_decision bot=Bob {context=perception_snapshot, capability=HIDDEN_BLOCK_SCAN, profile=strict_survival, allowed=false, reason=DENIED_STRICT_SURVIVAL}
[03:16:31] [Server thread/INFO]: [AIBot] ACTION event=capability_decision bot=Bob {context=danger_dark_trap_surface, capability=EMERGENCY_TELEPORT, profile=strict_survival, allowed=false, reason=DENIED_STRICT_SURVIVAL}
[03:16:33] [Server thread/INFO]: [AIBot] ACTION event=capability_decision bot=Bob {context=observable_entity_query, capability=HIDDEN_BLOCK_SCAN, profile=strict_survival, allowed=false, reason=DENIED_STRICT_SURVIVAL}
[03:16:35] [Server thread/INFO]: [AIBot] ACTION event=capability_decision bot=Bob {context=observable_block_query, capability=HIDDEN_BLOCK_SCAN, profile=strict_survival, allowed=false, reason=DENIED_STRICT_SURVIVAL}
[03:16:35] [Server thread/INFO]: [AIBot] ACTION event=capability_decision bot=Bob {context=perception_snapshot, capability=HIDDEN_BLOCK_SCAN, profile=strict_survival, allowed=false, reason=DENIED_STRICT_SURVIVAL}
[03:16:38] [Server thread/INFO]: [AIBot] ACTION event=capability_decision bot=Bob {context=observable_entity_query, capability=HIDDEN_BLOCK_SCAN, profile=strict_survival, allowed=false, reason=DENIED_STRICT_SURVIVAL}
[03:16:39] [Server thread/INFO]: [AIBot] ACTION event=capability_decision bot=Bob {context=danger_dark_trap_surface, capability=EMERGENCY_TELEPORT, profile=strict_survival, allowed=false, reason=DENIED_STRICT_SURVIVAL}
[03:16:40] [Server thread/INFO]: [AIBot] ACTION event=capability_decision bot=Bob {context=observable_block_query, capability=HIDDEN_BLOCK_SCAN, profile=strict_survival, allowed=false, reason=DENIED_STRICT_SURVIVAL}
[03:16:40] [Server thread/INFO]: [AIBot] ACTION event=capability_decision bot=Bob {context=perception_snapshot, capability=HIDDEN_BLOCK_SCAN, profile=strict_survival, allowed=false, reason=DENIED_STRICT_SURVIVAL}
[03:16:43] [Server thread/INFO]: [AIBot] ACTION event=capability_decision bot=Bob {context=observable_entity_query, capability=HIDDEN_BLOCK_SCAN, profile=strict_survival, allowed=false, reason=DENIED_STRICT_SURVIVAL}
[03:16:45] [Server thread/INFO]: [AIBot] ACTION event=capability_decision bot=Bob {context=observable_block_query, capability=HIDDEN_BLOCK_SCAN, profile=strict_survival, allowed=false, reason=DENIED_STRICT_SURVIVAL}
[03:16:45] [Server thread/INFO]: [AIBot] ACTION event=capability_decision bot=Bob {context=perception_snapshot, capability=HIDDEN_BLOCK_SCAN, profile=strict_survival, allowed=false, reason=DENIED_STRICT_SURVIVAL}
[03:16:47] [Server thread/INFO]: [AIBot] ACTION event=capability_decision bot=Bob {context=danger_dark_trap_surface, capability=EMERGENCY_TELEPORT, profile=strict_survival, allowed=false, reason=DENIED_STRICT_SURVIVAL}
[03:16:48] [Server thread/INFO]: [AIBot] ACTION event=capability_decision bot=Bob {context=observable_entity_query, capability=HIDDEN_BLOCK_SCAN, profile=strict_survival, allowed=false, reason=DENIED_STRICT_SURVIVAL}
[03:16:50] [Server thread/INFO]: [AIBot] ACTION event=capability_decision bot=Bob {context=observable_block_query, capability=HIDDEN_BLOCK_SCAN, profile=strict_survival, allowed=false, reason=DENIED_STRICT_SURVIVAL}
[03:16:50] [Server thread/INFO]: [AIBot] ACTION event=capability_decision bot=Bob {context=perception_snapshot, capability=HIDDEN_BLOCK_SCAN, profile=strict_survival, allowed=false, reason=DENIED_STRICT_SURVIVAL}
[03:16:53] [Server thread/INFO]: [AIBot] ACTION event=capability_decision bot=Bob {context=observable_entity_query, capability=HIDDEN_BLOCK_SCAN, profile=strict_survival, allowed=false, reason=DENIED_STRICT_SURVIVAL}
[03:16:55] [Server thread/INFO]: [AIBot] ACTION event=capability_decision bot=Bob {context=danger_dark_trap_surface, capability=EMERGENCY_TELEPORT, profile=strict_survival, allowed=false, reason=DENIED_STRICT_SURVIVAL}
[03:16:55] [Server thread/INFO]: [AIBot] ACTION event=capability_decision bot=Bob {context=observable_block_query, capability=HIDDEN_BLOCK_SCAN, profile=strict_survival, allowed=false, reason=DENIED_STRICT_SURVIVAL}
[03:16:55] [Server thread/INFO]: [AIBot] ACTION event=capability_decision bot=Bob {context=perception_snapshot, capability=HIDDEN_BLOCK_SCAN, profile=strict_survival, allowed=false, reason=DENIED_STRICT_SURVIVAL}
[03:16:58] [Server thread/INFO]: [AIBot] ACTION event=capability_decision bot=Bob {context=observable_entity_query, capability=HIDDEN_BLOCK_SCAN, profile=strict_survival, allowed=false, reason=DENIED_STRICT_SURVIVAL}
[03:17:00] [Server thread/INFO]: [AIBot] ACTION event=capability_decision bot=Bob {context=observable_block_query, capability=HIDDEN_BLOCK_SCAN, profile=strict_survival, allowed=false, reason=DENIED_STRICT_SURVIVAL}
[03:17:00] [Server thread/INFO]: [AIBot] ACTION event=capability_decision bot=Bob {context=perception_snapshot, capability=HIDDEN_BLOCK_SCAN, profile=strict_survival, allowed=false, reason=DENIED_STRICT_SURVIVAL}
[03:17:03] [Server thread/INFO]: [AIBot] ACTION event=capability_decision bot=Bob {context=danger_dark_trap_surface, capability=EMERGENCY_TELEPORT, profile=strict_survival, allowed=false, reason=DENIED_STRICT_SURVIVAL}
[03:17:03] [Server thread/INFO]: [AIBot] ACTION event=capability_decision bot=Bob {context=observable_entity_query, capability=HIDDEN_BLOCK_SCAN, profile=strict_survival, allowed=false, reason=DENIED_STRICT_SURVIVAL}
[03:17:05] [Server thread/INFO]: [AIBot] ACTION event=capability_decision bot=Bob {context=observable_block_query, capability=HIDDEN_BLOCK_SCAN, profile=strict_survival, allowed=false, reason=DENIED_STRICT_SURVIVAL}
[03:17:05] [Server thread/INFO]: [AIBot] ACTION event=capability_decision bot=Bob {context=perception_snapshot, capability=HIDDEN_BLOCK_SCAN, profile=strict_survival, allowed=false, reason=DENIED_STRICT_SURVIVAL}
[03:17:08] [Server thread/INFO]: [AIBot] ACTION event=capability_decision bot=Bob {context=observable_entity_query, capability=HIDDEN_BLOCK_SCAN, profile=strict_survival, allowed=false, reason=DENIED_STRICT_SURVIVAL}
[03:17:10] [Server thread/INFO]: [AIBot] ACTION event=capability_decision bot=Bob {context=observable_block_query, capability=HIDDEN_BLOCK_SCAN, profile=strict_survival, allowed=false, reason=DENIED_STRICT_SURVIVAL}
[03:17:10] [Server thread/INFO]: [AIBot] ACTION event=capability_decision bot=Bob {context=perception_snapshot, capability=HIDDEN_BLOCK_SCAN, profile=strict_survival, allowed=false, reason=DENIED_STRICT_SURVIVAL}
[03:17:11] [Server thread/INFO]: [AIBot] ACTION event=capability_decision bot=Bob {context=danger_dark_trap_surface, capability=EMERGENCY_TELEPORT, profile=strict_survival, allowed=false, reason=DENIED_STRICT_SURVIVAL}
[03:17:13] [Server thread/INFO]: [AIBot] ACTION event=capability_decision bot=Bob {context=observable_entity_query, capability=HIDDEN_BLOCK_SCAN, profile=strict_survival, allowed=false, reason=DENIED_STRICT_SURVIVAL}
[03:17:15] [Server thread/INFO]: [AIBot] ACTION event=capability_decision bot=Bob {context=observable_block_query, capability=HIDDEN_BLOCK_SCAN, profile=strict_survival, allowed=false, reason=DENIED_STRICT_SURVIVAL}
[03:17:15] [Server thread/INFO]: [AIBot] ACTION event=capability_decision bot=Bob {context=perception_snapshot, capability=HIDDEN_BLOCK_SCAN, profile=strict_survival, allowed=false, reason=DENIED_STRICT_SURVIVAL}
[03:17:18] [Server thread/INFO]: [AIBot] ACTION event=capability_decision bot=Bob {context=observable_entity_query, capability=HIDDEN_BLOCK_SCAN, profile=strict_survival, allowed=false, reason=DENIED_STRICT_SURVIVAL}
[03:17:19] [Server thread/INFO]: [AIBot] ACTION event=capability_decision bot=Bob {context=danger_dark_trap_surface, capability=EMERGENCY_TELEPORT, profile=strict_survival, allowed=false, reason=DENIED_STRICT_SURVIVAL}
[03:17:20] [Server thread/INFO]: [AIBot] ACTION event=capability_decision bot=Bob {context=observable_block_query, capability=HIDDEN_BLOCK_SCAN, profile=strict_survival, allowed=false, reason=DENIED_STRICT_SURVIVAL}
[03:17:20] [Server thread/INFO]: [AIBot] ACTION event=capability_decision bot=Bob {context=perception_snapshot, capability=HIDDEN_BLOCK_SCAN, profile=strict_survival, allowed=false, reason=DENIED_STRICT_SURVIVAL}
[03:17:23] [Server thread/INFO]: [AIBot] ACTION event=capability_decision bot=Bob {context=observable_entity_query, capability=HIDDEN_BLOCK_SCAN, profile=strict_survival, allowed=false, reason=DENIED_STRICT_SURVIVAL}
[03:17:25] [Server thread/INFO]: [AIBot] ACTION event=capability_decision bot=Bob {context=observable_block_query, capability=HIDDEN_BLOCK_SCAN, profile=strict_survival, allowed=false, reason=DENIED_STRICT_SURVIVAL}
[03:17:25] [Server thread/INFO]: [AIBot] ACTION event=capability_decision bot=Bob {context=perception_snapshot, capability=HIDDEN_BLOCK_SCAN, profile=strict_survival, allowed=false, reason=DENIED_STRICT_SURVIVAL}
[03:17:27] [Server thread/INFO]: [AIBot] ACTION event=capability_decision bot=Bob {context=danger_dark_trap_surface, capability=EMERGENCY_TELEPORT, profile=strict_survival, allowed=false, reason=DENIED_STRICT_SURVIVAL}
[03:17:28] [Server thread/INFO]: [AIBot] ACTION event=capability_decision bot=Bob {context=observable_entity_query, capability=HIDDEN_BLOCK_SCAN, profile=strict_survival, allowed=false, reason=DENIED_STRICT_SURVIVAL}
[03:17:30] [Server thread/INFO]: [AIBot] ACTION event=capability_decision bot=Bob {context=observable_block_query, capability=HIDDEN_BLOCK_SCAN, profile=strict_survival, allowed=false, reason=DENIED_STRICT_SURVIVAL}
[03:17:30] [Server thread/INFO]: [AIBot] ACTION event=capability_decision bot=Bob {context=perception_snapshot, capability=HIDDEN_BLOCK_SCAN, profile=strict_survival, allowed=false, reason=DENIED_STRICT_SURVIVAL}
[03:17:33] [Server thread/INFO]: [AIBot] ACTION event=capability_decision bot=Bob {context=observable_entity_query, capability=HIDDEN_BLOCK_SCAN, profile=strict_survival, allowed=false, reason=DENIED_STRICT_SURVIVAL}
[03:17:35] [Server thread/INFO]: [AIBot] ACTION event=capability_decision bot=Bob {context=danger_dark_trap_surface, capability=EMERGENCY_TELEPORT, profile=strict_survival, allowed=false, reason=DENIED_STRICT_SURVIVAL}
[03:17:35] [Server thread/INFO]: [AIBot] ACTION event=capability_decision bot=Bob {context=observable_block_query, capability=HIDDEN_BLOCK_SCAN, profile=strict_survival, allowed=false, reason=DENIED_STRICT_SURVIVAL}
[03:17:35] [Server thread/INFO]: [AIBot] ACTION event=capability_decision bot=Bob {context=perception_snapshot, capability=HIDDEN_BLOCK_SCAN, profile=strict_survival, allowed=false, reason=DENIED_STRICT_SURVIVAL}
[03:17:38] [Server thread/INFO]: [AIBot] ACTION event=capability_decision bot=Bob {context=observable_entity_query, capability=HIDDEN_BLOCK_SCAN, profile=strict_survival, allowed=false, reason=DENIED_STRICT_SURVIVAL}
[03:17:40] [Server thread/INFO]: [AIBot] ACTION event=capability_decision bot=Bob {context=observable_block_query, capability=HIDDEN_BLOCK_SCAN, profile=strict_survival, allowed=false, reason=DENIED_STRICT_SURVIVAL}
[03:17:40] [Server thread/INFO]: [AIBot] ACTION event=capability_decision bot=Bob {context=perception_snapshot, capability=HIDDEN_BLOCK_SCAN, profile=strict_survival, allowed=false, reason=DENIED_STRICT_SURVIVAL}
[03:17:43] [Server thread/INFO]: [AIBot] ACTION event=capability_decision bot=Bob {context=danger_dark_trap_surface, capability=EMERGENCY_TELEPORT, profile=strict_survival, allowed=false, reason=DENIED_STRICT_SURVIVAL}
[03:17:43] [Server thread/INFO]: [AIBot] ACTION event=capability_decision bot=Bob {context=observable_entity_query, capability=HIDDEN_BLOCK_SCAN, profile=strict_survival, allowed=false, reason=DENIED_STRICT_SURVIVAL}
[03:17:45] [Server thread/INFO]: [AIBot] ACTION event=capability_decision bot=Bob {context=observable_block_query, capability=HIDDEN_BLOCK_SCAN, profile=strict_survival, allowed=false, reason=DENIED_STRICT_SURVIVAL}
[03:17:45] [Server thread/INFO]: [AIBot] ACTION event=capability_decision bot=Bob {context=perception_snapshot, capability=HIDDEN_BLOCK_SCAN, profile=strict_survival, allowed=false, reason=DENIED_STRICT_SURVIVAL}
[03:17:48] [Server thread/INFO]: [AIBot] ACTION event=capability_decision bot=Bob {context=observable_entity_query, capability=HIDDEN_BLOCK_SCAN, profile=strict_survival, allowed=false, reason=DENIED_STRICT_SURVIVAL}
