[02:36:45] [Server thread/INFO]: [AIBot] TASK event=task_assigned bot=Bob {name=gather, origin=LLM_TOOL, params=Gathering minecraft:oak_log 0/4 phase=SURVEY, origin_reason=external_dsh}
[02:36:45] [Server thread/INFO]: [AIBot] PROFILE event=profile_slow_section bot=- {section=task_tick, bot=Bob, elapsed_ms=176.80}
[02:36:48] [Server thread/INFO]: [AIBot] ACTION event=gather_pickup_origin_approach bot=Bob {from=17, 112, 5, origin=20, 113, 5}
[02:36:49] [Server thread/INFO]: [AIBot] ACTION event=gather_expand_search bot=Bob {item=minecraft:oak_log, radius=32}
[02:36:49] [Server thread/INFO]: [AIBot] PROFILE event=profile_slow_section bot=- {section=task_tick, bot=Bob, elapsed_ms=134.02}
[02:36:50] [Server thread/INFO]: [AIBot] ACTION event=gather_expand_search bot=Bob {item=minecraft:oak_log, radius=48}
[02:36:50] [Server thread/INFO]: [AIBot] PROFILE event=profile_slow_section bot=- {section=task_tick, bot=Bob, elapsed_ms=141.65}
[02:36:50] [Server thread/INFO]: [AIBot] ACTION event=capability_decision bot=Bob {reason=DENIED_STRICT_SURVIVAL, allowed=false, profile=strict_survival, capability=EMERGENCY_TELEPORT, context=gather_surface}
[02:36:50] [Server thread/INFO]: [AIBot] ACTION event=gather_prospect_empty bot=Bob {blacklisted=0, item=minecraft:oak_log, range=96}
[02:36:50] [Server thread/INFO]: [AIBot] ACTION event=gather_roam bot=Bob {n=1, to=-9,112,5, dist=28}
[02:36:50] [Server thread/INFO]: [AIBot] PROFILE event=profile_slow_section bot=- {section=task_tick, bot=Bob, elapsed_ms=412.59}
[02:36:55] [Server thread/INFO]: [AIBot] ACTION event=gather_expand_search bot=Bob {item=minecraft:oak_log, radius=32}
[02:36:55] [Server thread/INFO]: [AIBot] PROFILE event=profile_slow_section bot=- {section=task_tick, bot=Bob, elapsed_ms=203.90}
[02:36:55] [Server thread/INFO]: [AIBot] ACTION event=gather_expand_search bot=Bob {item=minecraft:oak_log, radius=48}
[02:36:55] [Server thread/INFO]: [AIBot] PROFILE event=profile_slow_section bot=- {section=task_tick, bot=Bob, elapsed_ms=198.31}
[02:36:56] [Server thread/INFO]: [AIBot] ACTION event=gather_prospect_empty bot=Bob {blacklisted=0, item=minecraft:oak_log, range=96}
[02:36:56] [Server thread/INFO]: [AIBot] ACTION event=gather_roam bot=Bob {n=2, to=-37,112,5, dist=28}
[02:36:56] [Server thread/INFO]: [AIBot] PROFILE event=profile_slow_section bot=- {section=task_tick, bot=Bob, elapsed_ms=341.65}
[02:37:00] [Server thread/INFO]: [AIBot] ACTION event=gather_expand_search bot=Bob {item=minecraft:oak_log, radius=32}
[02:37:00] [Server thread/INFO]: [AIBot] PROFILE event=profile_slow_section bot=- {section=task_tick, bot=Bob, elapsed_ms=177.92}
[02:37:01] [Server thread/INFO]: [AIBot] PROFILE event=profile_slow_section bot=- {section=task_tick, bot=Bob, elapsed_ms=171.87}
[02:37:06] [Server thread/INFO]: [AIBot] ACTION event=gather_pickup_origin_approach bot=Bob {from=-40, 112, 16, origin=-41, 112, 20}
[02:37:12] [Server thread/INFO]: [AIBot] ACTION event=gather_pickup_miss bot=Bob {visible_drop=false, pickup_stat_delta=0, at=-40, 112, 20, origin=-41, 112, 20, miss=1, have=1/4}
[02:37:12] [Server thread/INFO]: [AIBot] PROFILE event=profile_slow_section bot=- {section=task_tick, bot=Bob, elapsed_ms=99.94}
[02:37:21] [Server thread/INFO]: [AIBot] ACTION event=gather_pickup_miss bot=Bob {visible_drop=false, pickup_stat_delta=0, at=-40, 108, 31, origin=-41, 112, 21, miss=2, have=1/4}
[02:37:21] [Server thread/INFO]: [AIBot] PROFILE event=profile_slow_section bot=- {section=task_tick, bot=Bob, elapsed_ms=105.97}
[02:37:24] [Server thread/INFO]: [AIBot] TASK event=task_paused bot=Bob {stack_depth=1, name=gather, why=threat: HOSTILE, origin=LLM_TOOL}
[02:37:24] [Server thread/INFO]: [AIBot] TASK event=task_assigned bot=Bob {name=evade, origin=SAFETY, params=Evading HOSTILE toward -54,110,29, origin_reason=threat:HOSTILE}
[02:37:26] [Server thread/INFO]: [AIBot] TASK event=task_completed bot=Bob {elapsed_ticks=37, name=evade}
[02:37:26] [Server thread/INFO]: [AIBot] ACTION event=gather_harvest_resume_reselect bot=Bob {pos=-44, 108, 22, from=-52, 110, 29}
[02:37:26] [Server thread/INFO]: [AIBot] TASK event=task_resumed bot=Bob {stack_depth=0, name=gather, user_paused=false, origin=LLM_TOOL}
[02:37:26] [Server thread/INFO]: [AIBot] PROFILE event=profile_slow_section bot=- {section=task_tick, bot=Bob, elapsed_ms=164.29}
[02:37:30] [Server thread/INFO]: [AIBot] ACTION event=gather_pickup_origin_approach bot=Bob {from=-52, 110, 30, origin=-52, 110, 34}
[02:37:30] [Server thread/INFO]: [AIBot] PROFILE event=profile_slow_section bot=- {section=task_tick, bot=Bob, elapsed_ms=141.98}
[02:37:34] [Server thread/INFO]: [AIBot] ACTION event=gather_pickup_origin_approach bot=Bob {from=-56, 110, 31, origin=-60, 110, 31}
[02:37:35] [Server thread/INFO]: [AIBot] PROFILE event=profile_slow_section bot=- {section=task_tick, bot=Bob, elapsed_ms=131.42}
[02:37:40] [Server thread/INFO]: [AIBot] ACTION event=gather_pickup_origin_approach bot=Bob {from=-63, 110, 38, origin=-65, 110, 41}
[02:37:40] [Server thread/INFO]: [AIBot] TASK event=task_completed bot=Bob {elapsed_ticks=1061, name=gather}
[02:37:42] [Server thread/INFO]: [AIBot] TASK event=task_assigned bot=Bob {name=evade, origin=SAFETY, params=Evading HOSTILE toward -75,108,44, origin_reason=threat:HOSTILE}
[02:37:44] [Server thread/INFO]: [AIBot] TASK event=task_completed bot=Bob {elapsed_ticks=37, name=evade}
[02:37:49] [Server thread/INFO]: [AIBot] TASK event=task_assigned bot=Bob {name=evade, origin=SAFETY, params=Evading HOSTILE toward -84,108,38, origin_reason=threat:HOSTILE}
[02:37:51] [Server thread/INFO]: [AIBot] TASK event=task_completed bot=Bob {elapsed_ticks=41, name=evade}
[02:37:54] [Server thread/INFO]: [AIBot] TASK event=task_assigned bot=Bob {name=evade, origin=SAFETY, params=Evading HOSTILE toward -93,107,32, origin_reason=threat:HOSTILE}
[02:37:56] [Server thread/INFO]: [AIBot] TASK event=task_completed bot=Bob {elapsed_ticks=33, name=evade}
[02:37:59] [Server thread/INFO]: [AIBot] TASK event=task_assigned bot=Bob {name=evade, origin=SAFETY, params=Evading HOSTILE toward -102,107,27, origin_reason=threat:HOSTILE}
[02:38:02] [Server thread/INFO]: [AIBot] TASK event=task_completed bot=Bob {elapsed_ticks=68, name=evade}
[02:39:40] [Server thread/INFO]: [AIBot] TASK event=task_assigned bot=Bob {name=gather, origin=LLM_TOOL, params=Gathering minecraft:oak_log 1/4 phase=SURVEY, origin_reason=external_dsh}
[02:39:40] [Server thread/INFO]: [AIBot] PROFILE event=profile_slow_section bot=- {section=task_tick, bot=Bob, elapsed_ms=187.37}
[02:39:43] [Server thread/INFO]: [AIBot] ACTION event=gather_pickup_origin_approach bot=Bob {from=-100, 113, 25, origin=-102, 113, 25}
[02:39:44] [Server thread/INFO]: [AIBot] ACTION event=gather_expand_search bot=Bob {item=minecraft:oak_log, radius=32}
[02:39:44] [Server thread/INFO]: [AIBot] PROFILE event=profile_slow_section bot=- {section=task_tick, bot=Bob, elapsed_ms=121.77}
[02:39:44] [Server thread/INFO]: [AIBot] ACTION event=gather_expand_search bot=Bob {item=minecraft:oak_log, radius=48}
[02:39:44] [Server thread/INFO]: [AIBot] PROFILE event=profile_slow_section bot=- {section=task_tick, bot=Bob, elapsed_ms=128.69}
[02:39:45] [Server thread/INFO]: [AIBot] ACTION event=capability_decision bot=Bob {reason=DENIED_STRICT_SURVIVAL, allowed=false, profile=strict_survival, capability=EMERGENCY_TELEPORT, context=gather_surface}
[02:39:45] [Server thread/INFO]: [AIBot] ACTION event=gather_prospected bot=Bob {item=minecraft:oak_log, to=-87,112,25, found=-87,117,25, dist=14}
[02:39:45] [Server thread/INFO]: [AIBot] PROFILE event=profile_slow_section bot=- {section=task_tick, bot=Bob, elapsed_ms=313.48}
[02:39:51] [Server thread/INFO]: [AIBot] PROFILE event=profile_slow_section bot=- {section=task_tick, bot=Bob, elapsed_ms=136.50}
[02:39:54] [Server thread/INFO]: [AIBot] ACTION event=gather_pickup_origin_approach bot=Bob {from=-88, 112, 25, origin=-85, 115, 25}
[02:39:55] [Server thread/INFO]: [AIBot] TASK event=task_completed bot=Bob {elapsed_ticks=296, name=gather}
[02:43:05] [Server thread/INFO]: [AIBot] TASK event=task_assigned bot=Bob {name=gather, origin=LLM_TOOL, params=Gathering minecraft:oak_log 0/4 phase=SURVEY, origin_reason=external_dsh}
[02:43:05] [Server thread/INFO]: [AIBot] PROFILE event=profile_slow_section bot=- {section=task_tick, bot=Bob, elapsed_ms=143.75}
[02:43:08] [Server thread/INFO]: [AIBot] ACTION event=gather_pickup_origin_approach bot=Bob {from=1000, 101, 1000, origin=1002, 101, 1000}
[02:43:09] [Server thread/INFO]: [AIBot] ACTION event=gather_expand_search bot=Bob {item=minecraft:oak_log, radius=32}
[02:43:09] [Server thread/INFO]: [AIBot] PROFILE event=profile_slow_section bot=- {section=task_tick, bot=Bob, elapsed_ms=93.62}
[02:43:09] [Server thread/INFO]: [AIBot] ACTION event=gather_expand_search bot=Bob {item=minecraft:oak_log, radius=48}
[02:43:09] [Server thread/INFO]: [AIBot] PROFILE event=profile_slow_section bot=- {section=task_tick, bot=Bob, elapsed_ms=127.82}
[02:43:10] [Server thread/INFO]: [AIBot] ACTION event=capability_decision bot=Bob {reason=DENIED_STRICT_SURVIVAL, allowed=false, profile=strict_survival, capability=EMERGENCY_TELEPORT, context=gather_surface}
[02:43:10] [Server thread/INFO]: [AIBot] ACTION event=gather_prospect_empty bot=Bob {blacklisted=0, item=minecraft:oak_log, range=96}
[02:43:10] [Server thread/INFO]: [AIBot] PROFILE event=profile_slow_section bot=- {section=task_tick, bot=Bob, elapsed_ms=302.43}
[02:43:10] [Server thread/WARN]: [AIBot] TASK event=task_failed bot=Bob {reason=no_resource_nearby, elapsed_ticks=92, name=gather}
[02:45:39] [Server thread/INFO]: [AIBot] TASK event=task_assigned bot=Bob {name=gather, origin=LLM_TOOL, params=Gathering minecraft:oak_log 1/4 phase=SURVEY, origin_reason=external_dsh}
[02:45:39] [Server thread/INFO]: [AIBot] PROFILE event=profile_slow_section bot=- {section=task_tick, bot=Bob, elapsed_ms=125.89}
[02:45:42] [Server thread/INFO]: [AIBot] ACTION event=gather_pickup_origin_approach bot=Bob {from=1001, 101, 1000, origin=998, 101, 998}
[02:45:48] [Server thread/INFO]: [AIBot] ACTION event=gather_pickup_miss bot=Bob {visible_drop=false, pickup_stat_delta=0, at=999, 101, 998, origin=998, 101, 998, miss=1, have=1/4}
[02:45:48] [Server thread/INFO]: [AIBot] PROFILE event=profile_slow_section bot=- {section=task_tick, bot=Bob, elapsed_ms=118.97}
[02:45:51] [Server thread/INFO]: [AIBot] ACTION event=gather_pickup_origin_approach bot=Bob {from=999, 101, 998, origin=997, 101, 1000}
[02:45:52] [Server thread/INFO]: [AIBot] PROFILE event=profile_slow_section bot=- {section=task_tick, bot=Bob, elapsed_ms=92.42}
[02:45:55] [Server thread/INFO]: [AIBot] ACTION event=gather_expand_search bot=Bob {item=minecraft:oak_log, radius=32}
[02:45:55] [Server thread/INFO]: [AIBot] PROFILE event=profile_slow_section bot=- {section=task_tick, bot=Bob, elapsed_ms=114.52}
[02:45:56] [Server thread/INFO]: [AIBot] ACTION event=gather_expand_search bot=Bob {item=minecraft:oak_log, radius=48}
[02:45:56] [Server thread/INFO]: [AIBot] PROFILE event=profile_slow_section bot=- {section=task_tick, bot=Bob, elapsed_ms=97.09}
[02:45:56] [Server thread/INFO]: [AIBot] ACTION event=capability_decision bot=Bob {reason=DENIED_STRICT_SURVIVAL, allowed=false, profile=strict_survival, capability=EMERGENCY_TELEPORT, context=gather_surface}
[02:45:56] [Server thread/INFO]: [AIBot] ACTION event=gather_prospect_empty bot=Bob {blacklisted=0, item=minecraft:oak_log, range=96}
[02:45:56] [Server thread/INFO]: [AIBot] PROFILE event=profile_slow_section bot=- {section=task_tick, bot=Bob, elapsed_ms=242.11}
[02:45:56] [Server thread/WARN]: [AIBot] TASK event=task_failed bot=Bob {reason=no_resource_nearby, elapsed_ticks=348, name=gather}
[02:48:29] [Server thread/INFO]: [AIBot] TASK event=task_assigned bot=Bob {name=gather, origin=LLM_TOOL, params=Gathering minecraft:oak_log 3/4 phase=SURVEY, origin_reason=external_dsh}
[02:48:30] [Server thread/INFO]: [AIBot] PROFILE event=profile_slow_section bot=- {section=task_tick, bot=Bob, elapsed_ms=105.53}
[02:48:33] [Server thread/INFO]: [AIBot] TASK event=task_completed bot=Bob {elapsed_ticks=68, name=gather}
