{"run": "b01", "evt": {"t": 0.031, "kind": "session-open"}}
{"run": "b01", "evt": {"t": 0.033, "kind": "initial-inventory", "inv": {}}}
{"run": "b01", "evt": {"t": 0.033, "kind": "armed-timer-start", "limit_s": 720}}
{"run": "b01", "evt": {"t": 0.978, "kind": "receipt", "op": "goto", "state": "completed", "reason": "server_authoritative_arrival_and_facing_verified"}}
{"run": "b01", "evt": {"t": 121.964, "kind": "receipt", "op": "mine_opportunity", "state": "failed", "reason": "real_client_resource_opportunity_stale"}}
{"run": "b01", "evt": {"t": 129.768, "kind": "receipt", "op": "goto", "state": "completed", "reason": "server_authoritative_arrival_within_2_5_blocks"}}
{"run": "b01", "evt": {"t": 131.783, "kind": "mine-drop-lost", "label": "logs", "at": [8, 109, 8]}}
{"run": "b01", "evt": {"t": 132.749, "kind": "receipt", "op": "goto", "state": "completed", "reason": "server_authoritative_arrival_and_facing_verified"}}
{"run": "b01", "evt": {"t": 136.993, "kind": "receipt", "op": "mine_opportunity", "state": "completed", "reason": "server_authoritative_block_and_inventory_gain_verified:0->1"}}
{"run": "b01", "evt": {"t": 136.993, "kind": "mined", "label": "logs", "at": [8, 108, 8], "n": 1}}
{"run": "b01", "evt": {"t": 137.969, "kind": "receipt", "op": "goto", "state": "completed", "reason": "server_authoritative_arrival_and_facing_verified"}}
{"run": "b01", "evt": {"t": 142.158, "kind": "receipt", "op": "mine_opportunity", "state": "completed", "reason": "server_authoritative_block_and_inventory_gain_verified:2->3"}}
{"run": "b01", "evt": {"t": 142.158, "kind": "mined", "label": "logs", "at": [8, 110, 8], "n": 2}}
{"run": "b01", "evt": {"t": 143.063, "kind": "receipt", "op": "goto", "state": "completed", "reason": "server_authoritative_arrival_and_facing_verified"}}
{"run": "b01", "evt": {"t": 147.369, "kind": "receipt", "op": "mine_opportunity", "state": "completed", "reason": "server_authoritative_block_and_inventory_gain_verified:3->4"}}
{"run": "b01", "evt": {"t": 147.369, "kind": "mined", "label": "logs", "at": [8, 107, 8], "n": 3}}
{"run": "b01", "evt": {"t": 148.256, "kind": "receipt", "op": "goto", "state": "completed", "reason": "server_authoritative_arrival_and_facing_verified"}}
{"run": "b01", "evt": {"t": 152.511, "kind": "receipt", "op": "mine_opportunity", "state": "completed", "reason": "server_authoritative_block_and_inventory_gain_verified:4->5"}}
{"run": "b01", "evt": {"t": 152.511, "kind": "mined", "label": "logs", "at": [8, 111, 8], "n": 4}}
{"run": "b01", "evt": {"t": 152.56, "kind": "no-reachable-candidate", "label": "logs"}}
{"run": "b01", "evt": {"t": 154.598, "kind": "no-reachable-candidate", "label": "logs"}}
{"run": "b01", "evt": {"t": 156.654, "kind": "no-reachable-candidate", "label": "logs"}}
{"run": "b01", "evt": {"t": 158.686, "kind": "no-reachable-candidate", "label": "logs"}}
{"run": "b01", "evt": {"t": 160.763, "kind": "no-reachable-candidate", "label": "logs"}}
{"run": "b01", "evt": {"t": 162.807, "kind": "no-reachable-candidate", "label": "logs"}}
{"run": "b01", "evt": {"t": 164.853, "kind": "no-reachable-candidate", "label": "logs"}}
{"run": "b01", "evt": {"t": 166.899, "kind": "no-reachable-candidate", "label": "logs"}}
{"run": "b01", "evt": {"t": 168.959, "kind": "no-reachable-candidate", "label": "logs"}}
{"run": "b01", "evt": {"t": 170.998, "kind": "no-reachable-candidate", "label": "logs"}}
{"run": "b01", "evt": {"t": 173.055, "kind": "no-reachable-candidate", "label": "logs"}}
{"run": "b01", "evt": {"t": 175.1, "kind": "no-reachable-candidate", "label": "logs"}}
{"run": "b01", "evt": {"t": 177.153, "kind": "no-reachable-candidate", "label": "logs"}}
{"run": "b01", "evt": {"t": 179.2, "kind": "no-reachable-candidate", "label": "logs"}}
{"run": "b01", "evt": {"t": 181.248, "kind": "no-reachable-candidate", "label": "logs"}}
{"run": "b01", "evt": {"t": 183.306, "kind": "no-reachable-candidate", "label": "logs"}}
{"run": "b01", "evt": {"t": 185.358, "kind": "no-reachable-candidate", "label": "logs"}}
{"run": "b01", "evt": {"t": 187.409, "kind": "no-reachable-candidate", "label": "logs"}}
{"run": "b01", "evt": {"t": 189.455, "kind": "no-reachable-candidate", "label": "logs"}}
{"run": "b01", "evt": {"t": 191.513, "kind": "no-reachable-candidate", "label": "logs"}}
{"run": "b01", "evt": {"t": 193.536, "kind": "no-reachable-candidate", "label": "logs"}}
{"run": "b01", "evt": {"t": 195.604, "kind": "no-reachable-candidate", "label": "logs"}}
{"run": "b01", "evt": {"t": 197.661, "kind": "no-reachable-candidate", "label": "logs"}}
{"run": "b01", "evt": {"t": 199.749, "kind": "no-reachable-candidate", "label": "logs"}}
{"run": "b01", "evt": {"t": 201.808, "kind": "no-reachable-candidate", "label": "logs"}}
{"run": "b01", "evt": {"t": 203.853, "kind": "no-reachable-candidate", "label": "logs"}}
{"run": "b01", "evt": {"t": 205.912, "kind": "no-reachable-candidate", "label": "logs"}}
{"run": "b01", "evt": {"t": 207.955, "kind": "no-reachable-candidate", "label": "logs"}}
{"run": "b01", "evt": {"t": 210.001, "kind": "no-reachable-candidate", "label": "logs"}}
{"run": "b01", "evt": {"t": 212.057, "kind": "no-reachable-candidate", "label": "logs"}}
{"run": "b01", "evt": {"t": 214.098, "kind": "no-reachable-candidate", "label": "logs"}}
{"run": "b01", "evt": {"t": 216.151, "kind": "no-reachable-candidate", "label": "logs"}}
{"run": "b01", "evt": {"t": 218.212, "kind": "no-reachable-candidate", "label": "logs"}}
{"run": "b01", "evt": {"t": 220.256, "kind": "no-reachable-candidate", "label": "logs"}}
{"run": "b01", "evt": {"t": 222.3, "kind": "no-reachable-candidate", "label": "logs"}}
{"run": "b01", "evt": {"t": 224.356, "kind": "no-reachable-candidate", "label": "logs"}}
{"run": "b01", "evt": {"t": 226.409, "kind": "no-reachable-candidate", "label": "logs"}}
{"run": "b01", "evt": {"t": 228.449, "kind": "no-reachable-candidate", "label": "logs"}}
{"run": "b01", "evt": {"t": 230.509, "kind": "no-reachable-candidate", "label": "logs"}}
{"run": "b01", "evt": {"t": 232.598, "kind": "no-reachable-candidate", "label": "logs"}}
{"run": "b01", "evt": {"t": 234.66, "kind": "no-reachable-candidate", "label": "logs"}}
{"run": "b01", "evt": {"t": 236.748, "kind": "no-reachable-candidate", "label": "logs"}}
{"run": "b01", "evt": {"t": 238.808, "kind": "no-reachable-candidate", "label": "logs"}}
{"run": "b01", "evt": {"t": 240.85, "kind": "no-reachable-candidate", "label": "logs"}}
{"run": "b01", "evt": {"t": 242.886, "kind": "no-reachable-candidate", "label": "logs"}}
{"run": "b01", "evt": {"t": 244.949, "kind": "no-reachable-candidate", "label": "logs"}}
{"run": "b01", "evt": {"t": 246.997, "kind": "no-reachable-candidate", "label": "logs"}}
{"run": "b01", "evt": {"t": 249.062, "kind": "no-reachable-candidate", "label": "logs"}}
{"run": "b01", "evt": {"t": 251.107, "kind": "no-reachable-candidate", "label": "logs"}}
{"run": "b01", "evt": {"t": 253.149, "kind": "no-reachable-candidate", "label": "logs"}}
{"run": "b01", "evt": {"t": 255.211, "kind": "no-reachable-candidate", "label": "logs"}}
{"run": "b01", "evt": {"t": 257.261, "kind": "no-reachable-candidate", "label": "logs"}}
{"run": "b01", "evt": {"t": 259.313, "kind": "no-reachable-candidate", "label": "logs"}}
{"run": "b01", "evt": {"t": 261.358, "kind": "no-reachable-candidate", "label": "logs"}}
{"run": "b01", "evt": {"t": 263.397, "kind": "no-reachable-candidate", "label": "logs"}}
{"run": "b01", "evt": {"t": 265.456, "kind": "no-reachable-candidate", "label": "logs"}}
{"run": "b01", "evt": {"t": 267.498, "kind": "no-reachable-candidate", "label": "logs"}}
{"run": "b01", "evt": {"t": 269.554, "kind": "no-reachable-candidate", "label": "logs"}}
{"run": "b01", "evt": {"t": 271.586, "kind": "no-reachable-candidate", "label": "logs"}}
{"run": "b01", "evt": {"t": 273.638, "kind": "no-reachable-candidate", "label": "logs"}}
{"run": "b01", "evt": {"t": 275.709, "kind": "no-reachable-candidate", "label": "logs"}}
{"run": "b01", "evt": {"t": 277.813, "kind": "no-reachable-candidate", "label": "logs"}}
{"run": "b01", "evt": {"t": 279.848, "kind": "no-reachable-candidate", "label": "logs"}}
{"run": "b01", "evt": {"t": 281.9, "kind": "no-reachable-candidate", "label": "logs"}}
{"run": "b01", "evt": {"t": 283.961, "kind": "no-reachable-candidate", "label": "logs"}}
{"run": "b01", "evt": {"t": 286.011, "kind": "no-reachable-candidate", "label": "logs"}}
{"run": "b01", "evt": {"t": 288.05, "kind": "no-reachable-candidate", "label": "logs"}}
{"run": "b01", "evt": {"t": 290.108, "kind": "no-reachable-candidate", "label": "logs"}}
{"run": "b01", "evt": {"t": 292.152, "kind": "no-reachable-candidate", "label": "logs"}}
{"run": "b01", "evt": {"t": 294.208, "kind": "no-reachable-candidate", "label": "logs"}}
{"run": "b01", "evt": {"t": 296.249, "kind": "no-reachable-candidate", "label": "logs"}}
{"run": "b01", "evt": {"t": 298.287, "kind": "no-reachable-candidate", "label": "logs"}}
{"run": "b01", "evt": {"t": 300.348, "kind": "no-reachable-candidate", "label": "logs"}}
{"run": "b01", "evt": {"t": 302.406, "kind": "no-reachable-candidate", "label": "logs"}}
{"run": "b01", "evt": {"t": 304.452, "kind": "no-reachable-candidate", "label": "logs"}}
{"run": "b01", "evt": {"t": 306.512, "kind": "no-reachable-candidate", "label": "logs"}}
{"run": "b01", "evt": {"t": 308.549, "kind": "no-reachable-candidate", "label": "logs"}}
{"run": "b01", "evt": {"t": 310.603, "kind": "no-reachable-candidate", "label": "logs"}}
{"run": "b01", "evt": {"t": 312.661, "kind": "no-reachable-candidate", "label": "logs"}}
{"run": "b01", "evt": {"t": 314.706, "kind": "no-reachable-candidate", "label": "logs"}}
{"run": "b01", "evt": {"t": 316.759, "kind": "no-reachable-candidate", "label": "logs"}}
{"run": "b01", "evt": {"t": 318.808, "kind": "no-reachable-candidate", "label": "logs"}}
{"run": "b01", "evt": {"t": 320.851, "kind": "no-reachable-candidate", "label": "logs"}}
{"run": "b01", "evt": {"t": 322.903, "kind": "no-reachable-candidate", "label": "logs"}}
{"run": "b01", "evt": {"t": 324.961, "kind": "no-reachable-candidate", "label": "logs"}}
{"run": "b01", "evt": {"t": 326.999, "kind": "no-reachable-candidate", "label": "logs"}}
{"run": "b01", "evt": {"t": 329.058, "kind": "no-reachable-candidate", "label": "logs"}}
{"run": "b01", "evt": {"t": 331.101, "kind": "no-reachable-candidate", "label": "logs"}}
{"run": "b01", "evt": {"t": 333.16, "kind": "no-reachable-candidate", "label": "logs"}}
{"run": "b01", "evt": {"t": 335.209, "kind": "no-reachable-candidate", "label": "logs"}}
{"run": "b01", "evt": {"t": 337.252, "kind": "no-reachable-candidate", "label": "logs"}}
{"run": "b01", "evt": {"t": 339.313, "kind": "no-reachable-candidate", "label": "logs"}}
{"run": "b01", "evt": {"t": 341.387, "kind": "no-reachable-candidate", "label": "logs"}}
{"run": "b01", "evt": {"t": 343.449, "kind": "no-reachable-candidate", "label": "logs"}}
{"run": "b01", "evt": {"t": 345.507, "kind": "no-reachable-candidate", "label": "logs"}}
{"run": "b01", "evt": {"t": 347.547, "kind": "no-reachable-candidate", "label": "logs"}}
{"run": "b01", "evt": {"t": 349.598, "kind": "no-reachable-candidate", "label": "logs"}}
{"run": "b01", "evt": {"t": 351.658, "kind": "no-reachable-candidate", "label": "logs"}}
{"run": "b01", "evt": {"t": 353.712, "kind": "no-reachable-candidate", "label": "logs"}}
{"run": "b01", "evt": {"t": 355.757, "kind": "no-reachable-candidate", "label": "logs"}}
{"run": "b01", "evt": {"t": 357.808, "kind": "no-reachable-candidate", "label": "logs"}}
{"run": "b01", "evt": {"t": 359.85, "kind": "no-reachable-candidate", "label": "logs"}}
{"run": "b01", "evt": {"t": 361.903, "kind": "no-reachable-candidate", "label": "logs"}}
{"run": "b01", "evt": {"t": 363.955, "kind": "no-reachable-candidate", "label": "logs"}}
{"run": "b01", "evt": {"t": 366.01, "kind": "no-reachable-candidate", "label": "logs"}}
{"run": "b01", "evt": {"t": 368.059, "kind": "no-reachable-candidate", "label": "logs"}}
{"run": "b01", "evt": {"t": 370.099, "kind": "no-reachable-candidate", "label": "logs"}}
{"run": "b01", "evt": {"t": 372.154, "kind": "no-reachable-candidate", "label": "logs"}}
{"run": "b01", "evt": {"t": 374.21, "kind": "no-reachable-candidate", "label": "logs"}}
{"run": "b01", "evt": {"t": 376.25, "kind": "no-reachable-candidate", "label": "logs"}}
{"run": "b01", "evt": {"t": 378.306, "kind": "no-reachable-candidate", "label": "logs"}}
{"run": "b01", "evt": {"t": 380.361, "kind": "no-reachable-candidate", "label": "logs"}}
{"run": "b01", "evt": {"t": 382.401, "kind": "no-reachable-candidate", "label": "logs"}}
{"run": "b01", "evt": {"t": 384.459, "kind": "no-reachable-candidate", "label": "logs"}}
{"run": "b01", "evt": {"t": 386.5, "kind": "no-reachable-candidate", "label": "logs"}}
{"run": "b01", "evt": {"t": 388.558, "kind": "no-reachable-candidate", "label": "logs"}}
{"run": "b01", "evt": {"t": 390.599, "kind": "no-reachable-candidate", "label": "logs"}}
{"run": "b01", "evt": {"t": 392.654, "kind": "no-reachable-candidate", "label": "logs"}}
{"run": "b01", "evt": {"t": 394.708, "kind": "no-reachable-candidate", "label": "logs"}}
{"run": "b01", "evt": {"t": 396.749, "kind": "no-reachable-candidate", "label": "logs"}}
{"run": "b01", "evt": {"t": 398.807, "kind": "no-reachable-candidate", "label": "logs"}}
{"run": "b01", "evt": {"t": 400.847, "kind": "no-reachable-candidate", "label": "logs"}}
{"run": "b01", "evt": {"t": 402.897, "kind": "no-reachable-candidate", "label": "logs"}}
{"run": "b01", "evt": {"t": 404.95, "kind": "no-reachable-candidate", "label": "logs"}}
{"run": "b01", "evt": {"t": 407.009, "kind": "no-reachable-candidate", "label": "logs"}}
{"run": "b01", "evt": {"t": 409.037, "kind": "no-reachable-candidate", "label": "logs"}}
{"run": "b01", "evt": {"t": 411.087, "kind": "no-reachable-candidate", "label": "logs"}}
{"run": "b01", "evt": {"t": 413.156, "kind": "no-reachable-candidate", "label": "logs"}}
{"run": "b01", "evt": {"t": 415.2, "kind": "no-reachable-candidate", "label": "logs"}}
{"run": "b01", "evt": {"t": 417.26, "kind": "no-reachable-candidate", "label": "logs"}}
{"run": "b01", "evt": {"t": 419.3, "kind": "no-reachable-candidate", "label": "logs"}}
{"run": "b01", "evt": {"t": 421.325, "kind": "logs-reconciled-from-inventory", "counted": 4, "inv": 5, "effective": 5, "note": "receipt-counted<inventory; provenance=empty-initial+real-mine-drops"}}
{"run": "b01", "evt": {"t": 421.325, "kind": "logs-collected", "n": 5}}
{"run": "b01", "evt": {"t": 429.631, "kind": "receipt", "op": "craft", "state": "completed", "reason": "server_authoritative_native_craft:minecraft:oak_planks:0->20:delta=20:batches=5:output_per_batch=4:materials=minecraft:oak_log:5->0,"}}
{"run": "b01", "evt": {"t": 433.802, "kind": "receipt", "op": "craft", "state": "completed", "reason": "server_authoritative_native_craft:minecraft:stick:0->8:delta=8:batches=2:output_per_batch=4:materials=minecraft:oak_planks:20->16,"}}
{"run": "b01", "evt": {"t": 436.322, "kind": "receipt", "op": "craft", "state": "completed", "reason": "server_authoritative_native_craft:minecraft:crafting_table:0->1:delta=1:batches=1:output_per_batch=1:materials=minecraft:oak_planks:16->12,"}}
{"run": "b01", "evt": {"t": 437.193, "kind": "receipt", "op": "goto", "state": "completed", "reason": "server_authoritative_arrival_within_2_5_blocks"}}
{"run": "b01", "evt": {"t": 438.874, "kind": "receipt", "op": "place", "state": "completed", "reason": "server_authoritative_block_placed:minecraft:crafting_table:1->0:at=8, 107, 2:consumed=true:interaction_witnessed=true"}}
{"run": "b01", "evt": {"t": 443.081, "kind": "receipt", "op": "craft", "state": "completed", "reason": "server_authoritative_native_craft:minecraft:wooden_pickaxe:0->1:delta=1:batches=1:output_per_batch=1:materials=minecraft:oak_planks:12->9,minecraft:stick:8->6,"}}
{"run": "b01", "evt": {"t": 445.689, "kind": "receipt", "op": "goto", "state": "completed", "reason": "server_authoritative_arrival_and_facing_verified"}}
{"run": "b01", "evt": {"t": 448.262, "kind": "receipt", "op": "mine_opportunity", "state": "completed", "reason": "server_authoritative_block_and_inventory_gain_verified:0->1"}}
{"run": "b01", "evt": {"t": 448.262, "kind": "mined", "label": "stone", "at": [10, 107, 2], "n": 1}}
{"run": "b01", "evt": {"t": 449.194, "kind": "receipt", "op": "goto", "state": "completed", "reason": "server_authoritative_arrival_and_facing_verified"}}
{"run": "b01", "evt": {"t": 451.743, "kind": "receipt", "op": "mine_opportunity", "state": "completed", "reason": "server_authoritative_block_and_inventory_gain_verified:1->2"}}
{"run": "b01", "evt": {"t": 451.743, "kind": "mined", "label": "stone", "at": [11, 107, 2], "n": 2}}
{"run": "b01", "evt": {"t": 452.674, "kind": "receipt", "op": "goto", "state": "completed", "reason": "server_authoritative_arrival_and_facing_verified"}}
{"run": "b01", "evt": {"t": 455.191, "kind": "receipt", "op": "mine_opportunity", "state": "completed", "reason": "server_authoritative_block_and_inventory_gain_verified:2->3"}}
{"run": "b01", "evt": {"t": 455.191, "kind": "mined", "label": "stone", "at": [11, 107, 3], "n": 3}}
{"run": "b01", "evt": {"t": 456.064, "kind": "receipt", "op": "goto", "state": "completed", "reason": "server_authoritative_arrival_within_2_5_blocks"}}
{"run": "b01", "evt": {"t": 459.407, "kind": "receipt", "op": "craft", "state": "completed", "reason": "server_authoritative_native_craft:minecraft:stone_pickaxe:0->1:delta=1:batches=1:output_per_batch=1:materials=minecraft:stick:6->4,minecraft:cobblestone:3->0,"}}
{"run": "b01", "evt": {"t": 463.57, "kind": "receipt", "op": "craft", "state": "completed", "reason": "server_authoritative_native_craft:minecraft:wooden_pickaxe:1->2:delta=1:batches=1:output_per_batch=1:materials=minecraft:oak_planks:9->6,minecraft:stick:4->2,"}}
{"run": "b01", "evt": {"t": 463.57, "kind": "final-begin"}}
{"RESULT": {"run": "b01", "fail_at": null, "receipts": 26, "saved": "D:\\mc-rcf1-raw\\g4-b01-20260924-032101.json"}}
{"run": "b02", "evt": {"t": 0.016, "kind": "session-open"}}
{"run": "b02", "evt": {"t": 0.032, "kind": "initial-inventory", "inv": {}}}
{"run": "b02", "evt": {"t": 0.032, "kind": "armed-timer-start", "limit_s": 720}}
{"run": "b02", "evt": {"t": 0.958, "kind": "receipt", "op": "goto", "state": "completed", "reason": "server_authoritative_arrival_and_facing_verified"}}
{"run": "b02", "evt": {"t": 6.803, "kind": "receipt", "op": "mine_opportunity", "state": "completed", "reason": "server_authoritative_block_and_inventory_gain_verified:0->1"}}
{"run": "b02", "evt": {"t": 6.803, "kind": "mined", "label": "logs", "at": [8, 109, 8], "n": 1}}
{"run": "b02", "evt": {"t": 7.728, "kind": "receipt", "op": "goto", "state": "completed", "reason": "server_authoritative_arrival_and_facing_verified"}}
{"run": "b02", "evt": {"t": 11.977, "kind": "receipt", "op": "mine_opportunity", "state": "completed", "reason": "server_authoritative_block_and_inventory_gain_verified:1->2"}}
{"run": "b02", "evt": {"t": 11.977, "kind": "mined", "label": "logs", "at": [8, 108, 8], "n": 2}}
{"run": "b02", "evt": {"t": 102.557, "kind": "receipt", "op": "goto", "state": "cancelled", "reason": "external_cancel"}}
{"run": "b02", "evt": {"t": 102.557, "kind": "goto-face-failed", "label": "logs", "reason": "external_cancel"}}
{"run": "b02", "evt": {"t": 105.506, "kind": "receipt", "op": "goto", "state": "completed", "reason": "server_authoritative_arrival_and_facing_verified"}}
{"run": "b02", "evt": {"t": 109.773, "kind": "receipt", "op": "mine_opportunity", "state": "completed", "reason": "server_authoritative_block_and_inventory_gain_verified:2->3"}}
{"run": "b02", "evt": {"t": 109.774, "kind": "mined", "label": "logs", "at": [8, 110, 8], "n": 3}}
{"run": "b02", "evt": {"t": 110.725, "kind": "receipt", "op": "goto", "state": "completed", "reason": "server_authoritative_arrival_and_facing_verified"}}
{"run": "b02", "evt": {"t": 114.961, "kind": "receipt", "op": "mine_opportunity", "state": "completed", "reason": "server_authoritative_block_and_inventory_gain_verified:3->4"}}
{"run": "b02", "evt": {"t": 114.961, "kind": "mined", "label": "logs", "at": [8, 107, 8], "n": 4}}
{"run": "b02", "evt": {"t": 115.896, "kind": "receipt", "op": "goto", "state": "completed", "reason": "server_authoritative_arrival_and_facing_verified"}}
{"run": "b02", "evt": {"t": 120.089, "kind": "receipt", "op": "mine_opportunity", "state": "completed", "reason": "server_authoritative_block_and_inventory_gain_verified:4->5"}}
{"run": "b02", "evt": {"t": 120.089, "kind": "mined", "label": "logs", "at": [8, 111, 8], "n": 5}}
{"run": "b02", "evt": {"t": 120.105, "kind": "logs-collected", "n": 5}}
{"run": "b02", "evt": {"t": 128.483, "kind": "receipt", "op": "craft", "state": "completed", "reason": "server_authoritative_native_craft:minecraft:oak_planks:0->20:delta=20:batches=5:output_per_batch=4:materials=minecraft:oak_log:5->0,"}}
{"run": "b02", "evt": {"t": 132.61, "kind": "receipt", "op": "craft", "state": "completed", "reason": "server_authoritative_native_craft:minecraft:stick:0->8:delta=8:batches=2:output_per_batch=4:materials=minecraft:oak_planks:20->16,"}}
{"run": "b02", "evt": {"t": 135.091, "kind": "receipt", "op": "craft", "state": "completed", "reason": "server_authoritative_native_craft:minecraft:crafting_table:0->1:delta=1:batches=1:output_per_batch=1:materials=minecraft:oak_planks:16->12,"}}
{"run": "b02", "evt": {"t": 135.974, "kind": "receipt", "op": "goto", "state": "completed", "reason": "server_authoritative_arrival_within_2_5_blocks"}}
{"run": "b02", "evt": {"t": 137.689, "kind": "receipt", "op": "place", "state": "completed", "reason": "server_authoritative_block_placed:minecraft:crafting_table:1->0:at=8, 107, 2:consumed=true:interaction_witnessed=true"}}
{"run": "b02", "evt": {"t": 141.885, "kind": "receipt", "op": "craft", "state": "completed", "reason": "server_authoritative_native_craft:minecraft:wooden_pickaxe:0->1:delta=1:batches=1:output_per_batch=1:materials=minecraft:oak_planks:12->9,minecraft:stick:8->6,"}}
{"run": "b02", "evt": {"t": 144.487, "kind": "receipt", "op": "goto", "state": "completed", "reason": "server_authoritative_arrival_and_facing_verified"}}
{"run": "b02", "evt": {"t": 147.038, "kind": "receipt", "op": "mine_opportunity", "state": "completed", "reason": "server_authoritative_block_and_inventory_gain_verified:0->1"}}
{"run": "b02", "evt": {"t": 147.038, "kind": "mined", "label": "stone", "at": [10, 107, 2], "n": 1}}
{"run": "b02", "evt": {"t": 148.001, "kind": "receipt", "op": "goto", "state": "completed", "reason": "server_authoritative_arrival_and_facing_verified"}}
{"run": "b02", "evt": {"t": 150.533, "kind": "receipt", "op": "mine_opportunity", "state": "completed", "reason": "server_authoritative_block_and_inventory_gain_verified:1->2"}}
{"run": "b02", "evt": {"t": 150.533, "kind": "mined", "label": "stone", "at": [11, 107, 2], "n": 2}}
{"run": "b02", "evt": {"t": 151.47, "kind": "receipt", "op": "goto", "state": "completed", "reason": "server_authoritative_arrival_and_facing_verified"}}
{"run": "b02", "evt": {"t": 154.009, "kind": "receipt", "op": "mine_opportunity", "state": "completed", "reason": "server_authoritative_block_and_inventory_gain_verified:2->3"}}
{"run": "b02", "evt": {"t": 154.009, "kind": "mined", "label": "stone", "at": [11, 107, 3], "n": 3}}
{"run": "b02", "evt": {"t": 154.844, "kind": "receipt", "op": "goto", "state": "completed", "reason": "server_authoritative_arrival_within_2_5_blocks"}}
{"run": "b02", "evt": {"t": 158.181, "kind": "receipt", "op": "craft", "state": "completed", "reason": "server_authoritative_native_craft:minecraft:stone_pickaxe:0->1:delta=1:batches=1:output_per_batch=1:materials=minecraft:stick:6->4,minecraft:cobblestone:3->0,"}}
{"run": "b02", "evt": {"t": 162.35, "kind": "receipt", "op": "craft", "state": "completed", "reason": "server_authoritative_native_craft:minecraft:wooden_pickaxe:1->2:delta=1:batches=1:output_per_batch=1:materials=minecraft:oak_planks:9->6,minecraft:stick:4->2,"}}
{"run": "b02", "evt": {"t": 162.35, "kind": "final-begin"}}
{"RESULT": {"run": "b02", "fail_at": null, "receipts": 26, "saved": "D:\\mc-rcf1-raw\\g4-b02-20260924-032101.json"}}
{"run": "b03", "evt": {"t": 0.016, "kind": "session-open"}}
{"run": "b03", "evt": {"t": 0.018, "kind": "initial-inventory", "inv": {}}}
{"run": "b03", "evt": {"t": 0.018, "kind": "armed-timer-start", "limit_s": 720}}
{"run": "b03", "evt": {"t": 0.997, "kind": "receipt", "op": "goto", "state": "completed", "reason": "server_authoritative_arrival_and_facing_verified"}}
{"run": "b03", "evt": {"t": 121.676, "kind": "receipt", "op": "mine_opportunity", "state": "failed", "reason": "real_client_resource_opportunity_stale"}}
{"run": "b03", "evt": {"t": 129.472, "kind": "receipt", "op": "goto", "state": "completed", "reason": "server_authoritative_arrival_within_2_5_blocks"}}
{"run": "b03", "evt": {"t": 131.498, "kind": "mine-drop-lost", "label": "logs", "at": [8, 109, 8]}}
{"run": "b03", "evt": {"t": 132.431, "kind": "receipt", "op": "goto", "state": "completed", "reason": "server_authoritative_arrival_and_facing_verified"}}
{"run": "b03", "evt": {"t": 136.666, "kind": "receipt", "op": "mine_opportunity", "state": "completed", "reason": "server_authoritative_block_and_inventory_gain_verified:0->1"}}
{"run": "b03", "evt": {"t": 136.666, "kind": "mined", "label": "logs", "at": [8, 108, 8], "n": 1}}
{"run": "b03", "evt": {"t": 137.64, "kind": "receipt", "op": "goto", "state": "completed", "reason": "server_authoritative_arrival_and_facing_verified"}}
{"run": "b03", "evt": {"t": 141.846, "kind": "receipt", "op": "mine_opportunity", "state": "completed", "reason": "server_authoritative_block_and_inventory_gain_verified:2->3"}}
{"run": "b03", "evt": {"t": 141.846, "kind": "mined", "label": "logs", "at": [8, 110, 8], "n": 2}}
{"run": "b03", "evt": {"t": 142.758, "kind": "receipt", "op": "goto", "state": "completed", "reason": "server_authoritative_arrival_and_facing_verified"}}
{"run": "b03", "evt": {"t": 146.965, "kind": "receipt", "op": "mine_opportunity", "state": "completed", "reason": "server_authoritative_block_and_inventory_gain_verified:3->4"}}
{"run": "b03", "evt": {"t": 146.965, "kind": "mined", "label": "logs", "at": [8, 107, 8], "n": 3}}
{"run": "b03", "evt": {"t": 147.939, "kind": "receipt", "op": "goto", "state": "completed", "reason": "server_authoritative_arrival_and_facing_verified"}}
{"run": "b03", "evt": {"t": 152.152, "kind": "receipt", "op": "mine_opportunity", "state": "completed", "reason": "server_authoritative_block_and_inventory_gain_verified:4->5"}}
{"run": "b03", "evt": {"t": 152.153, "kind": "mined", "label": "logs", "at": [8, 111, 8], "n": 4}}
{"run": "b03", "evt": {"t": 152.199, "kind": "no-reachable-candidate", "label": "logs"}}
{"run": "b03", "evt": {"t": 154.24, "kind": "no-reachable-candidate", "label": "logs"}}
{"run": "b03", "evt": {"t": 156.299, "kind": "no-reachable-candidate", "label": "logs"}}
{"run": "b03", "evt": {"t": 158.345, "kind": "no-reachable-candidate", "label": "logs"}}
{"run": "b03", "evt": {"t": 160.389, "kind": "no-reachable-candidate", "label": "logs"}}
{"run": "b03", "evt": {"t": 162.452, "kind": "no-reachable-candidate", "label": "logs"}}
{"run": "b03", "evt": {"t": 164.495, "kind": "no-reachable-candidate", "label": "logs"}}
{"run": "b03", "evt": {"t": 166.537, "kind": "no-reachable-candidate", "label": "logs"}}
{"run": "b03", "evt": {"t": 168.596, "kind": "no-reachable-candidate", "label": "logs"}}
{"run": "b03", "evt": {"t": 170.646, "kind": "no-reachable-candidate", "label": "logs"}}
{"run": "b03", "evt": {"t": 172.7, "kind": "no-reachable-candidate", "label": "logs"}}
{"run": "b03", "evt": {"t": 174.741, "kind": "no-reachable-candidate", "label": "logs"}}
{"run": "b03", "evt": {"t": 176.788, "kind": "no-reachable-candidate", "label": "logs"}}
{"run": "b03", "evt": {"t": 178.845, "kind": "no-reachable-candidate", "label": "logs"}}
{"run": "b03", "evt": {"t": 180.888, "kind": "no-reachable-candidate", "label": "logs"}}
{"run": "b03", "evt": {"t": 182.946, "kind": "no-reachable-candidate", "label": "logs"}}
{"run": "b03", "evt": {"t": 184.993, "kind": "no-reachable-candidate", "label": "logs"}}
{"run": "b03", "evt": {"t": 187.05, "kind": "no-reachable-candidate", "label": "logs"}}
{"run": "b03", "evt": {"t": 189.1, "kind": "no-reachable-candidate", "label": "logs"}}
{"run": "b03", "evt": {"t": 191.144, "kind": "no-reachable-candidate", "label": "logs"}}
{"run": "b03", "evt": {"t": 193.202, "kind": "no-reachable-candidate", "label": "logs"}}
{"run": "b03", "evt": {"t": 195.288, "kind": "no-reachable-candidate", "label": "logs"}}
{"run": "b03", "evt": {"t": 197.346, "kind": "no-reachable-candidate", "label": "logs"}}
{"run": "b03", "evt": {"t": 199.389, "kind": "no-reachable-candidate", "label": "logs"}}
{"run": "b03", "evt": {"t": 201.446, "kind": "no-reachable-candidate", "label": "logs"}}
{"run": "b03", "evt": {"t": 203.477, "kind": "no-reachable-candidate", "label": "logs"}}
{"run": "b03", "evt": {"t": 205.526, "kind": "no-reachable-candidate", "label": "logs"}}
{"run": "b03", "evt": {"t": 207.593, "kind": "no-reachable-candidate", "label": "logs"}}
{"run": "b03", "evt": {"t": 209.648, "kind": "no-reachable-candidate", "label": "logs"}}
{"run": "b03", "evt": {"t": 211.69, "kind": "no-reachable-candidate", "label": "logs"}}
{"run": "b03", "evt": {"t": 213.749, "kind": "no-reachable-candidate", "label": "logs"}}
{"run": "b03", "evt": {"t": 215.795, "kind": "no-reachable-candidate", "label": "logs"}}
{"run": "b03", "evt": {"t": 217.851, "kind": "no-reachable-candidate", "label": "logs"}}
{"run": "b03", "evt": {"t": 219.941, "kind": "no-reachable-candidate", "label": "logs"}}
{"run": "b03", "evt": {"t": 222.001, "kind": "no-reachable-candidate", "label": "logs"}}
{"run": "b03", "evt": {"t": 224.053, "kind": "no-reachable-candidate", "label": "logs"}}
{"run": "b03", "evt": {"t": 226.09, "kind": "no-reachable-candidate", "label": "logs"}}
{"run": "b03", "evt": {"t": 228.138, "kind": "no-reachable-candidate", "label": "logs"}}
{"run": "b03", "evt": {"t": 230.197, "kind": "no-reachable-candidate", "label": "logs"}}
{"run": "b03", "evt": {"t": 232.244, "kind": "no-reachable-candidate", "label": "logs"}}
{"run": "b03", "evt": {"t": 234.295, "kind": "no-reachable-candidate", "label": "logs"}}
{"run": "b03", "evt": {"t": 236.338, "kind": "no-reachable-candidate", "label": "logs"}}
{"run": "b03", "evt": {"t": 238.395, "kind": "no-reachable-candidate", "label": "logs"}}
{"run": "b03", "evt": {"t": 240.454, "kind": "no-reachable-candidate", "label": "logs"}}
{"run": "b03", "evt": {"t": 242.498, "kind": "no-reachable-candidate", "label": "logs"}}
{"run": "b03", "evt": {"t": 244.528, "kind": "no-reachable-candidate", "label": "logs"}}
{"run": "b03", "evt": {"t": 246.589, "kind": "no-reachable-candidate", "label": "logs"}}
{"run": "b03", "evt": {"t": 248.649, "kind": "no-reachable-candidate", "label": "logs"}}
{"run": "b03", "evt": {"t": 250.692, "kind": "no-reachable-candidate", "label": "logs"}}
{"run": "b03", "evt": {"t": 252.749, "kind": "no-reachable-candidate", "label": "logs"}}
{"run": "b03", "evt": {"t": 254.793, "kind": "no-reachable-candidate", "label": "logs"}}
{"run": "b03", "evt": {"t": 256.839, "kind": "no-reachable-candidate", "label": "logs"}}
{"run": "b03", "evt": {"t": 258.898, "kind": "no-reachable-candidate", "label": "logs"}}
{"run": "b03", "evt": {"t": 260.94, "kind": "no-reachable-candidate", "label": "logs"}}
{"run": "b03", "evt": {"t": 262.996, "kind": "no-reachable-candidate", "label": "logs"}}
{"run": "b03", "evt": {"t": 265.028, "kind": "no-reachable-candidate", "label": "logs"}}
{"run": "b03", "evt": {"t": 267.092, "kind": "no-reachable-candidate", "label": "logs"}}
{"run": "b03", "evt": {"t": 269.145, "kind": "no-reachable-candidate", "label": "logs"}}
{"run": "b03", "evt": {"t": 271.187, "kind": "no-reachable-candidate", "label": "logs"}}
{"run": "b03", "evt": {"t": 273.228, "kind": "no-reachable-candidate", "label": "logs"}}
{"run": "b03", "evt": {"t": 275.276, "kind": "no-reachable-candidate", "label": "logs"}}
{"run": "b03", "evt": {"t": 277.344, "kind": "no-reachable-candidate", "label": "logs"}}
{"run": "b03", "evt": {"t": 279.39, "kind": "no-reachable-candidate", "label": "logs"}}
{"run": "b03", "evt": {"t": 281.43, "kind": "no-reachable-candidate", "label": "logs"}}
{"run": "b03", "evt": {"t": 283.497, "kind": "no-reachable-candidate", "label": "logs"}}
{"run": "b03", "evt": {"t": 285.528, "kind": "no-reachable-candidate", "label": "logs"}}
{"run": "b03", "evt": {"t": 287.596, "kind": "no-reachable-candidate", "label": "logs"}}
{"run": "b03", "evt": {"t": 289.641, "kind": "no-reachable-candidate", "label": "logs"}}
{"run": "b03", "evt": {"t": 291.695, "kind": "no-reachable-candidate", "label": "logs"}}
{"run": "b03", "evt": {"t": 293.741, "kind": "no-reachable-candidate", "label": "logs"}}
{"run": "b03", "evt": {"t": 295.8, "kind": "no-reachable-candidate", "label": "logs"}}
{"run": "b03", "evt": {"t": 297.889, "kind": "no-reachable-candidate", "label": "logs"}}
{"run": "b03", "evt": {"t": 299.948, "kind": "no-reachable-candidate", "label": "logs"}}
{"run": "b03", "evt": {"t": 301.977, "kind": "no-reachable-candidate", "label": "logs"}}
{"run": "b03", "evt": {"t": 304.047, "kind": "no-reachable-candidate", "label": "logs"}}
{"run": "b03", "evt": {"t": 306.077, "kind": "no-reachable-candidate", "label": "logs"}}
{"run": "b03", "evt": {"t": 308.151, "kind": "no-reachable-candidate", "label": "logs"}}
{"run": "b03", "evt": {"t": 310.191, "kind": "no-reachable-candidate", "label": "logs"}}
{"run": "b03", "evt": {"t": 312.251, "kind": "no-reachable-candidate", "label": "logs"}}
{"run": "b03", "evt": {"t": 314.295, "kind": "no-reachable-candidate", "label": "logs"}}
{"run": "b03", "evt": {"t": 316.339, "kind": "no-reachable-candidate", "label": "logs"}}
{"run": "b03", "evt": {"t": 318.394, "kind": "no-reachable-candidate", "label": "logs"}}
{"run": "b03", "evt": {"t": 320.453, "kind": "no-reachable-candidate", "label": "logs"}}
{"run": "b03", "evt": {"t": 322.496, "kind": "no-reachable-candidate", "label": "logs"}}
{"run": "b03", "evt": {"t": 324.538, "kind": "no-reachable-candidate", "label": "logs"}}
{"run": "b03", "evt": {"t": 326.598, "kind": "no-reachable-candidate", "label": "logs"}}
{"run": "b03", "evt": {"t": 328.65, "kind": "no-reachable-candidate", "label": "logs"}}
{"run": "b03", "evt": {"t": 330.693, "kind": "no-reachable-candidate", "label": "logs"}}
{"run": "b03", "evt": {"t": 332.728, "kind": "no-reachable-candidate", "label": "logs"}}
{"run": "b03", "evt": {"t": 334.794, "kind": "no-reachable-candidate", "label": "logs"}}
{"run": "b03", "evt": {"t": 336.846, "kind": "no-reachable-candidate", "label": "logs"}}
{"run": "b03", "evt": {"t": 338.89, "kind": "no-reachable-candidate", "label": "logs"}}
{"run": "b03", "evt": {"t": 340.947, "kind": "no-reachable-candidate", "label": "logs"}}
{"run": "b03", "evt": {"t": 342.992, "kind": "no-reachable-candidate", "label": "logs"}}
{"run": "b03", "evt": {"t": 345.038, "kind": "no-reachable-candidate", "label": "logs"}}
{"run": "b03", "evt": {"t": 347.093, "kind": "no-reachable-candidate", "label": "logs"}}
{"run": "b03", "evt": {"t": 349.151, "kind": "no-reachable-candidate", "label": "logs"}}
{"run": "b03", "evt": {"t": 351.198, "kind": "no-reachable-candidate", "label": "logs"}}
{"run": "b03", "evt": {"t": 353.246, "kind": "no-reachable-candidate", "label": "logs"}}
{"run": "b03", "evt": {"t": 355.299, "kind": "no-reachable-candidate", "label": "logs"}}
{"run": "b03", "evt": {"t": 357.346, "kind": "no-reachable-candidate", "label": "logs"}}
{"run": "b03", "evt": {"t": 359.401, "kind": "no-reachable-candidate", "label": "logs"}}
{"run": "b03", "evt": {"t": 361.446, "kind": "no-reachable-candidate", "label": "logs"}}
{"run": "b03", "evt": {"t": 363.501, "kind": "no-reachable-candidate", "label": "logs"}}
{"run": "b03", "evt": {"t": 365.548, "kind": "no-reachable-candidate", "label": "logs"}}
{"run": "b03", "evt": {"t": 367.576, "kind": "no-reachable-candidate", "label": "logs"}}
{"run": "b03", "evt": {"t": 369.643, "kind": "no-reachable-candidate", "label": "logs"}}
{"run": "b03", "evt": {"t": 371.688, "kind": "no-reachable-candidate", "label": "logs"}}
{"run": "b03", "evt": {"t": 373.746, "kind": "no-reachable-candidate", "label": "logs"}}
{"run": "b03", "evt": {"t": 375.779, "kind": "no-reachable-candidate", "label": "logs"}}
{"run": "b03", "evt": {"t": 377.85, "kind": "no-reachable-candidate", "label": "logs"}}
{"run": "b03", "evt": {"t": 379.888, "kind": "no-reachable-candidate", "label": "logs"}}
{"run": "b03", "evt": {"t": 381.94, "kind": "no-reachable-candidate", "label": "logs"}}
{"run": "b03", "evt": {"t": 383.996, "kind": "no-reachable-candidate", "label": "logs"}}
{"run": "b03", "evt": {"t": 386.037, "kind": "no-reachable-candidate", "label": "logs"}}
{"run": "b03", "evt": {"t": 388.101, "kind": "no-reachable-candidate", "label": "logs"}}
{"run": "b03", "evt": {"t": 390.126, "kind": "no-reachable-candidate", "label": "logs"}}
{"run": "b03", "evt": {"t": 392.177, "kind": "no-reachable-candidate", "label": "logs"}}
{"run": "b03", "evt": {"t": 394.248, "kind": "no-reachable-candidate", "label": "logs"}}
{"run": "b03", "evt": {"t": 396.29, "kind": "no-reachable-candidate", "label": "logs"}}
{"run": "b03", "evt": {"t": 398.347, "kind": "no-reachable-candidate", "label": "logs"}}
{"run": "b03", "evt": {"t": 400.402, "kind": "no-reachable-candidate", "label": "logs"}}
{"run": "b03", "evt": {"t": 402.446, "kind": "no-reachable-candidate", "label": "logs"}}
{"run": "b03", "evt": {"t": 404.477, "kind": "no-reachable-candidate", "label": "logs"}}
{"run": "b03", "evt": {"t": 406.55, "kind": "no-reachable-candidate", "label": "logs"}}
{"run": "b03", "evt": {"t": 408.595, "kind": "no-reachable-candidate", "label": "logs"}}
{"run": "b03", "evt": {"t": 410.639, "kind": "no-reachable-candidate", "label": "logs"}}
{"run": "b03", "evt": {"t": 412.699, "kind": "no-reachable-candidate", "label": "logs"}}
{"run": "b03", "evt": {"t": 414.738, "kind": "no-reachable-candidate", "label": "logs"}}
{"run": "b03", "evt": {"t": 416.796, "kind": "no-reachable-candidate", "label": "logs"}}
{"run": "b03", "evt": {"t": 418.844, "kind": "no-reachable-candidate", "label": "logs"}}
{"run": "b03", "evt": {"t": 420.871, "kind": "logs-reconciled-from-inventory", "counted": 4, "inv": 5, "effective": 5, "note": "receipt-counted<inventory; provenance=empty-initial+real-mine-drops"}}
{"run": "b03", "evt": {"t": 420.871, "kind": "logs-collected", "n": 5}}
{"run": "b03", "evt": {"t": 429.25, "kind": "receipt", "op": "craft", "state": "completed", "reason": "server_authoritative_native_craft:minecraft:birch_planks:0->20:delta=20:batches=5:output_per_batch=4:materials=minecraft:birch_log:5->0,"}}
{"run": "b03", "evt": {"t": 433.389, "kind": "receipt", "op": "craft", "state": "completed", "reason": "server_authoritative_native_craft:minecraft:stick:0->8:delta=8:batches=2:output_per_batch=4:materials=minecraft:birch_planks:20->16,"}}
{"run": "b03", "evt": {"t": 435.895, "kind": "receipt", "op": "craft", "state": "completed", "reason": "server_authoritative_native_craft:minecraft:crafting_table:0->1:delta=1:batches=1:output_per_batch=1:materials=minecraft:birch_planks:16->12,"}}
{"run": "b03", "evt": {"t": 436.779, "kind": "receipt", "op": "goto", "state": "completed", "reason": "server_authoritative_arrival_within_2_5_blocks"}}
{"run": "b03", "evt": {"t": 438.49, "kind": "receipt", "op": "place", "state": "completed", "reason": "server_authoritative_block_placed:minecraft:crafting_table:1->0:at=8, 107, 2:consumed=true:interaction_witnessed=true"}}
{"run": "b03", "evt": {"t": 442.653, "kind": "receipt", "op": "craft", "state": "completed", "reason": "server_authoritative_native_craft:minecraft:wooden_pickaxe:0->1:delta=1:batches=1:output_per_batch=1:materials=minecraft:birch_planks:12->9,minecraft:stick:8->6,"}}
{"run": "b03", "evt": {"t": 444.444, "kind": "receipt", "op": "goto", "state": "completed", "reason": "server_authoritative_arrival_and_facing_verified"}}
{"run": "b03", "evt": {"t": 447.014, "kind": "receipt", "op": "mine_opportunity", "state": "completed", "reason": "server_authoritative_block_and_inventory_gain_verified:0->1"}}
{"run": "b03", "evt": {"t": 447.014, "kind": "mined", "label": "stone", "at": [10, 107, 2], "n": 1}}
{"run": "b03", "evt": {"t": 447.908, "kind": "receipt", "op": "goto", "state": "completed", "reason": "server_authoritative_arrival_and_facing_verified"}}
{"run": "b03", "evt": {"t": 450.434, "kind": "receipt", "op": "mine_opportunity", "state": "completed", "reason": "server_authoritative_block_and_inventory_gain_verified:1->2"}}
{"run": "b03", "evt": {"t": 450.434, "kind": "mined", "label": "stone", "at": [11, 107, 2], "n": 2}}
{"run": "b03", "evt": {"t": 451.384, "kind": "receipt", "op": "goto", "state": "completed", "reason": "server_authoritative_arrival_and_facing_verified"}}
{"run": "b03", "evt": {"t": 453.954, "kind": "receipt", "op": "mine_opportunity", "state": "completed", "reason": "server_authoritative_block_and_inventory_gain_verified:2->3"}}
{"run": "b03", "evt": {"t": 453.954, "kind": "mined", "label": "stone", "at": [11, 107, 3], "n": 3}}
{"run": "b03", "evt": {"t": 454.844, "kind": "receipt", "op": "goto", "state": "completed", "reason": "server_authoritative_arrival_within_2_5_blocks"}}
{"run": "b03", "evt": {"t": 458.201, "kind": "receipt", "op": "craft", "state": "completed", "reason": "server_authoritative_native_craft:minecraft:stone_pickaxe:0->1:delta=1:batches=1:output_per_batch=1:materials=minecraft:stick:6->4,minecraft:cobblestone:3->0,"}}
{"run": "b03", "evt": {"t": 462.379, "kind": "receipt", "op": "craft", "state": "completed", "reason": "server_authoritative_native_craft:minecraft:wooden_pickaxe:1->2:delta=1:batches=1:output_per_batch=1:materials=minecraft:birch_planks:9->6,minecraft:stick:4->2,"}}
{"run": "b03", "evt": {"t": 462.379, "kind": "final-begin"}}
{"RESULT": {"run": "b03", "fail_at": null, "receipts": 26, "saved": "D:\\mc-rcf1-raw\\g4-b03-20260924-032101.json"}}
{"run": "b04", "evt": {"t": 0.031, "kind": "session-open"}}
{"run": "b04", "evt": {"t": 0.063, "kind": "initial-inventory", "inv": {}}}
{"run": "b04", "evt": {"t": 0.063, "kind": "armed-timer-start", "limit_s": 720}}
{"run": "b04", "evt": {"t": 0.993, "kind": "receipt", "op": "goto", "state": "completed", "reason": "server_authoritative_arrival_and_facing_verified"}}
{"run": "b04", "evt": {"t": 121.785, "kind": "receipt", "op": "mine_opportunity", "state": "failed", "reason": "real_client_resource_opportunity_stale"}}
{"run": "b04", "evt": {"t": 129.563, "kind": "receipt", "op": "goto", "state": "completed", "reason": "server_authoritative_arrival_within_2_5_blocks"}}
{"run": "b04", "evt": {"t": 131.59, "kind": "mine-drop-lost", "label": "logs", "at": [8, 109, 8]}}
{"run": "b04", "evt": {"t": 132.555, "kind": "receipt", "op": "goto", "state": "completed", "reason": "server_authoritative_arrival_and_facing_verified"}}
{"run": "b04", "evt": {"t": 136.751, "kind": "receipt", "op": "mine_opportunity", "state": "completed", "reason": "server_authoritative_block_and_inventory_gain_verified:0->1"}}
{"run": "b04", "evt": {"t": 136.751, "kind": "mined", "label": "logs", "at": [8, 108, 8], "n": 1}}
{"run": "b04", "evt": {"t": 138.479, "kind": "receipt", "op": "goto", "state": "completed", "reason": "server_authoritative_arrival_and_facing_verified"}}
{"run": "b04", "evt": {"t": 142.711, "kind": "receipt", "op": "mine_opportunity", "state": "completed", "reason": "server_authoritative_block_and_inventory_gain_verified:2->3"}}
{"run": "b04", "evt": {"t": 142.711, "kind": "mined", "label": "logs", "at": [8, 110, 8], "n": 2}}
{"run": "b04", "evt": {"t": 143.63, "kind": "receipt", "op": "goto", "state": "completed", "reason": "server_authoritative_arrival_and_facing_verified"}}
{"run": "b04", "evt": {"t": 147.81, "kind": "receipt", "op": "mine_opportunity", "state": "completed", "reason": "server_authoritative_block_and_inventory_gain_verified:3->4"}}
{"run": "b04", "evt": {"t": 147.81, "kind": "mined", "label": "logs", "at": [8, 107, 8], "n": 3}}
{"run": "b04", "evt": {"t": 148.711, "kind": "receipt", "op": "goto", "state": "completed", "reason": "server_authoritative_arrival_and_facing_verified"}}
{"run": "b04", "evt": {"t": 152.93, "kind": "receipt", "op": "mine_opportunity", "state": "completed", "reason": "server_authoritative_block_and_inventory_gain_verified:4->5"}}
{"run": "b04", "evt": {"t": 152.93, "kind": "mined", "label": "logs", "at": [8, 111, 8], "n": 4}}
{"run": "b04", "evt": {"t": 152.99, "kind": "no-reachable-candidate", "label": "logs"}}
{"run": "b04", "evt": {"t": 155.055, "kind": "no-reachable-candidate", "label": "logs"}}
{"run": "b04", "evt": {"t": 157.112, "kind": "no-reachable-candidate", "label": "logs"}}
{"run": "b04", "evt": {"t": 159.16, "kind": "no-reachable-candidate", "label": "logs"}}
{"run": "b04", "evt": {"t": 161.25, "kind": "no-reachable-candidate", "label": "logs"}}
{"run": "b04", "evt": {"t": 163.307, "kind": "no-reachable-candidate", "label": "logs"}}
{"run": "b04", "evt": {"t": 165.352, "kind": "no-reachable-candidate", "label": "logs"}}
{"run": "b04", "evt": {"t": 167.41, "kind": "no-reachable-candidate", "label": "logs"}}
{"run": "b04", "evt": {"t": 169.449, "kind": "no-reachable-candidate", "label": "logs"}}
{"run": "b04", "evt": {"t": 171.487, "kind": "no-reachable-candidate", "label": "logs"}}
{"run": "b04", "evt": {"t": 173.562, "kind": "no-reachable-candidate", "label": "logs"}}
{"run": "b04", "evt": {"t": 175.606, "kind": "no-reachable-candidate", "label": "logs"}}
{"run": "b04", "evt": {"t": 177.66, "kind": "no-reachable-candidate", "label": "logs"}}
{"run": "b04", "evt": {"t": 179.706, "kind": "no-reachable-candidate", "label": "logs"}}
{"run": "b04", "evt": {"t": 181.753, "kind": "no-reachable-candidate", "label": "logs"}}
{"run": "b04", "evt": {"t": 183.789, "kind": "no-reachable-candidate", "label": "logs"}}
{"run": "b04", "evt": {"t": 185.862, "kind": "no-reachable-candidate", "label": "logs"}}
{"run": "b04", "evt": {"t": 187.909, "kind": "no-reachable-candidate", "label": "logs"}}
{"run": "b04", "evt": {"t": 189.951, "kind": "no-reachable-candidate", "label": "logs"}}
{"run": "b04", "evt": {"t": 191.998, "kind": "no-reachable-candidate", "label": "logs"}}
{"run": "b04", "evt": {"t": 194.049, "kind": "no-reachable-candidate", "label": "logs"}}
{"run": "b04", "evt": {"t": 196.109, "kind": "no-reachable-candidate", "label": "logs"}}
{"run": "b04", "evt": {"t": 198.156, "kind": "no-reachable-candidate", "label": "logs"}}
{"run": "b04", "evt": {"t": 200.213, "kind": "no-reachable-candidate", "label": "logs"}}
{"run": "b04", "evt": {"t": 202.257, "kind": "no-reachable-candidate", "label": "logs"}}
{"run": "b04", "evt": {"t": 204.299, "kind": "no-reachable-candidate", "label": "logs"}}
{"run": "b04", "evt": {"t": 206.357, "kind": "no-reachable-candidate", "label": "logs"}}
{"run": "b04", "evt": {"t": 208.398, "kind": "no-reachable-candidate", "label": "logs"}}
{"run": "b04", "evt": {"t": 210.439, "kind": "no-reachable-candidate", "label": "logs"}}
{"run": "b04", "evt": {"t": 212.505, "kind": "no-reachable-candidate", "label": "logs"}}
{"run": "b04", "evt": {"t": 214.538, "kind": "no-reachable-candidate", "label": "logs"}}
{"run": "b04", "evt": {"t": 216.609, "kind": "no-reachable-candidate", "label": "logs"}}
{"run": "b04", "evt": {"t": 218.654, "kind": "no-reachable-candidate", "label": "logs"}}
{"run": "b04", "evt": {"t": 220.71, "kind": "no-reachable-candidate", "label": "logs"}}
{"run": "b04", "evt": {"t": 222.752, "kind": "no-reachable-candidate", "label": "logs"}}
{"run": "b04", "evt": {"t": 224.806, "kind": "no-reachable-candidate", "label": "logs"}}
{"run": "b04", "evt": {"t": 226.838, "kind": "no-reachable-candidate", "label": "logs"}}
{"run": "b04", "evt": {"t": 228.911, "kind": "no-reachable-candidate", "label": "logs"}}
{"run": "b04", "evt": {"t": 230.952, "kind": "no-reachable-candidate", "label": "logs"}}
{"run": "b04", "evt": {"t": 233.012, "kind": "no-reachable-candidate", "label": "logs"}}
{"run": "b04", "evt": {"t": 235.05, "kind": "no-reachable-candidate", "label": "logs"}}
{"run": "b04", "evt": {"t": 237.109, "kind": "no-reachable-candidate", "label": "logs"}}
{"run": "b04", "evt": {"t": 239.153, "kind": "no-reachable-candidate", "label": "logs"}}
{"run": "b04", "evt": {"t": 241.206, "kind": "no-reachable-candidate", "label": "logs"}}
{"run": "b04", "evt": {"t": 243.256, "kind": "no-reachable-candidate", "label": "logs"}}
{"run": "b04", "evt": {"t": 245.302, "kind": "no-reachable-candidate", "label": "logs"}}
{"run": "b04", "evt": {"t": 247.357, "kind": "no-reachable-candidate", "label": "logs"}}
{"run": "b04", "evt": {"t": 249.403, "kind": "no-reachable-candidate", "label": "logs"}}
{"run": "b04", "evt": {"t": 251.449, "kind": "no-reachable-candidate", "label": "logs"}}
{"run": "b04", "evt": {"t": 253.51, "kind": "no-reachable-candidate", "label": "logs"}}
{"run": "b04", "evt": {"t": 255.561, "kind": "no-reachable-candidate", "label": "logs"}}
{"run": "b04", "evt": {"t": 257.615, "kind": "no-reachable-candidate", "label": "logs"}}
{"run": "b04", "evt": {"t": 259.661, "kind": "no-reachable-candidate", "label": "logs"}}
{"run": "b04", "evt": {"t": 261.7, "kind": "no-reachable-candidate", "label": "logs"}}
{"run": "b04", "evt": {"t": 263.763, "kind": "no-reachable-candidate", "label": "logs"}}
{"run": "b04", "evt": {"t": 265.811, "kind": "no-reachable-candidate", "label": "logs"}}
{"run": "b04", "evt": {"t": 267.838, "kind": "no-reachable-candidate", "label": "logs"}}
{"run": "b04", "evt": {"t": 269.902, "kind": "no-reachable-candidate", "label": "logs"}}
{"run": "b04", "evt": {"t": 271.958, "kind": "no-reachable-candidate", "label": "logs"}}
{"run": "b04", "evt": {"t": 274.004, "kind": "no-reachable-candidate", "label": "logs"}}
{"run": "b04", "evt": {"t": 276.061, "kind": "no-reachable-candidate", "label": "logs"}}
{"run": "b04", "evt": {"t": 278.089, "kind": "no-reachable-candidate", "label": "logs"}}
{"run": "b04", "evt": {"t": 280.157, "kind": "no-reachable-candidate", "label": "logs"}}
{"run": "b04", "evt": {"t": 282.199, "kind": "no-reachable-candidate", "label": "logs"}}
{"run": "b04", "evt": {"t": 284.258, "kind": "no-reachable-candidate", "label": "logs"}}
{"run": "b04", "evt": {"t": 286.298, "kind": "no-reachable-candidate", "label": "logs"}}
{"run": "b04", "evt": {"t": 288.351, "kind": "no-reachable-candidate", "label": "logs"}}
{"run": "b04", "evt": {"t": 290.388, "kind": "no-reachable-candidate", "label": "logs"}}
{"run": "b04", "evt": {"t": 292.461, "kind": "no-reachable-candidate", "label": "logs"}}
{"run": "b04", "evt": {"t": 294.508, "kind": "no-reachable-candidate", "label": "logs"}}
{"run": "b04", "evt": {"t": 296.55, "kind": "no-reachable-candidate", "label": "logs"}}
{"run": "b04", "evt": {"t": 298.608, "kind": "no-reachable-candidate", "label": "logs"}}
{"run": "b04", "evt": {"t": 300.654, "kind": "no-reachable-candidate", "label": "logs"}}
{"run": "b04", "evt": {"t": 302.688, "kind": "no-reachable-candidate", "label": "logs"}}
{"run": "b04", "evt": {"t": 304.76, "kind": "no-reachable-candidate", "label": "logs"}}
{"run": "b04", "evt": {"t": 306.803, "kind": "no-reachable-candidate", "label": "logs"}}
{"run": "b04", "evt": {"t": 308.858, "kind": "no-reachable-candidate", "label": "logs"}}
{"run": "b04", "evt": {"t": 310.901, "kind": "no-reachable-candidate", "label": "logs"}}
{"run": "b04", "evt": {"t": 312.963, "kind": "no-reachable-candidate", "label": "logs"}}
{"run": "b04", "evt": {"t": 315.006, "kind": "no-reachable-candidate", "label": "logs"}}
{"run": "b04", "evt": {"t": 317.061, "kind": "no-reachable-candidate", "label": "logs"}}
{"run": "b04", "evt": {"t": 319.105, "kind": "no-reachable-candidate", "label": "logs"}}
{"run": "b04", "evt": {"t": 321.149, "kind": "no-reachable-candidate", "label": "logs"}}
{"run": "b04", "evt": {"t": 323.205, "kind": "no-reachable-candidate", "label": "logs"}}
{"run": "b04", "evt": {"t": 325.237, "kind": "no-reachable-candidate", "label": "logs"}}
{"run": "b04", "evt": {"t": 327.309, "kind": "no-reachable-candidate", "label": "logs"}}
{"run": "b04", "evt": {"t": 329.34, "kind": "no-reachable-candidate", "label": "logs"}}
{"run": "b04", "evt": {"t": 331.405, "kind": "no-reachable-candidate", "label": "logs"}}
{"run": "b04", "evt": {"t": 333.46, "kind": "no-reachable-candidate", "label": "logs"}}
{"run": "b04", "evt": {"t": 335.505, "kind": "no-reachable-candidate", "label": "logs"}}
{"run": "b04", "evt": {"t": 337.562, "kind": "no-reachable-candidate", "label": "logs"}}
{"run": "b04", "evt": {"t": 339.601, "kind": "no-reachable-candidate", "label": "logs"}}
{"run": "b04", "evt": {"t": 341.655, "kind": "no-reachable-candidate", "label": "logs"}}
{"run": "b04", "evt": {"t": 343.703, "kind": "no-reachable-candidate", "label": "logs"}}
{"run": "b04", "evt": {"t": 345.76, "kind": "no-reachable-candidate", "label": "logs"}}
{"run": "b04", "evt": {"t": 347.803, "kind": "no-reachable-candidate", "label": "logs"}}
{"run": "b04", "evt": {"t": 349.856, "kind": "no-reachable-candidate", "label": "logs"}}
{"run": "b04", "evt": {"t": 351.901, "kind": "no-reachable-candidate", "label": "logs"}}
{"run": "b04", "evt": {"t": 353.955, "kind": "no-reachable-candidate", "label": "logs"}}
{"run": "b04", "evt": {"t": 356.013, "kind": "no-reachable-candidate", "label": "logs"}}
{"run": "b04", "evt": {"t": 358.059, "kind": "no-reachable-candidate", "label": "logs"}}
{"run": "b04", "evt": {"t": 360.113, "kind": "no-reachable-candidate", "label": "logs"}}
{"run": "b04", "evt": {"t": 362.149, "kind": "no-reachable-candidate", "label": "logs"}}
{"run": "b04", "evt": {"t": 364.206, "kind": "no-reachable-candidate", "label": "logs"}}
{"run": "b04", "evt": {"t": 366.249, "kind": "no-reachable-candidate", "label": "logs"}}
{"run": "b04", "evt": {"t": 368.311, "kind": "no-reachable-candidate", "label": "logs"}}
{"run": "b04", "evt": {"t": 370.401, "kind": "no-reachable-candidate", "label": "logs"}}
{"run": "b04", "evt": {"t": 372.458, "kind": "no-reachable-candidate", "label": "logs"}}
{"run": "b04", "evt": {"t": 374.499, "kind": "no-reachable-candidate", "label": "logs"}}
{"run": "b04", "evt": {"t": 376.561, "kind": "no-reachable-candidate", "label": "logs"}}
{"run": "b04", "evt": {"t": 378.601, "kind": "no-reachable-candidate", "label": "logs"}}
{"run": "b04", "evt": {"t": 380.659, "kind": "no-reachable-candidate", "label": "logs"}}
{"run": "b04", "evt": {"t": 382.701, "kind": "no-reachable-candidate", "label": "logs"}}
{"run": "b04", "evt": {"t": 384.759, "kind": "no-reachable-candidate", "label": "logs"}}
{"run": "b04", "evt": {"t": 386.81, "kind": "no-reachable-candidate", "label": "logs"}}
{"run": "b04", "evt": {"t": 388.85, "kind": "no-reachable-candidate", "label": "logs"}}
{"run": "b04", "evt": {"t": 390.911, "kind": "no-reachable-candidate", "label": "logs"}}
{"run": "b04", "evt": {"t": 392.937, "kind": "no-reachable-candidate", "label": "logs"}}
{"run": "b04", "evt": {"t": 394.988, "kind": "no-reachable-candidate", "label": "logs"}}
{"run": "b04", "evt": {"t": 397.06, "kind": "no-reachable-candidate", "label": "logs"}}
{"run": "b04", "evt": {"t": 399.09, "kind": "no-reachable-candidate", "label": "logs"}}
{"run": "b04", "evt": {"t": 401.162, "kind": "no-reachable-candidate", "label": "logs"}}
{"run": "b04", "evt": {"t": 403.199, "kind": "no-reachable-candidate", "label": "logs"}}
{"run": "b04", "evt": {"t": 405.256, "kind": "no-reachable-candidate", "label": "logs"}}
{"run": "b04", "evt": {"t": 407.309, "kind": "no-reachable-candidate", "label": "logs"}}
{"run": "b04", "evt": {"t": 409.351, "kind": "no-reachable-candidate", "label": "logs"}}
{"run": "b04", "evt": {"t": 411.408, "kind": "no-reachable-candidate", "label": "logs"}}
{"run": "b04", "evt": {"t": 413.448, "kind": "no-reachable-candidate", "label": "logs"}}
{"run": "b04", "evt": {"t": 415.506, "kind": "no-reachable-candidate", "label": "logs"}}
{"run": "b04", "evt": {"t": 417.547, "kind": "no-reachable-candidate", "label": "logs"}}
{"run": "b04", "evt": {"t": 419.612, "kind": "no-reachable-candidate", "label": "logs"}}
{"run": "b04", "evt": {"t": 421.632, "kind": "logs-reconciled-from-inventory", "counted": 4, "inv": 5, "effective": 5, "note": "receipt-counted<inventory; provenance=empty-initial+real-mine-drops"}}
{"run": "b04", "evt": {"t": 421.632, "kind": "logs-collected", "n": 5}}
{"run": "b04", "evt": {"t": 429.994, "kind": "receipt", "op": "craft", "state": "completed", "reason": "server_authoritative_native_craft:minecraft:birch_planks:0->20:delta=20:batches=5:output_per_batch=4:materials=minecraft:birch_log:5->0,"}}
{"run": "b04", "evt": {"t": 434.143, "kind": "receipt", "op": "craft", "state": "completed", "reason": "server_authoritative_native_craft:minecraft:stick:0->8:delta=8:batches=2:output_per_batch=4:materials=minecraft:birch_planks:20->16,"}}
{"run": "b04", "evt": {"t": 436.619, "kind": "receipt", "op": "craft", "state": "completed", "reason": "server_authoritative_native_craft:minecraft:crafting_table:0->1:delta=1:batches=1:output_per_batch=1:materials=minecraft:birch_planks:16->12,"}}
{"run": "b04", "evt": {"t": 437.457, "kind": "receipt", "op": "goto", "state": "completed", "reason": "server_authoritative_arrival_within_2_5_blocks"}}
{"run": "b04", "evt": {"t": 439.122, "kind": "receipt", "op": "place", "state": "completed", "reason": "server_authoritative_block_placed:minecraft:crafting_table:1->0:at=8, 107, 2:consumed=true:interaction_witnessed=true"}}
{"run": "b04", "evt": {"t": 443.314, "kind": "receipt", "op": "craft", "state": "completed", "reason": "server_authoritative_native_craft:minecraft:wooden_pickaxe:0->1:delta=1:batches=1:output_per_batch=1:materials=minecraft:birch_planks:12->9,minecraft:stick:8->6,"}}
{"run": "b04", "evt": {"t": 445.106, "kind": "receipt", "op": "goto", "state": "completed", "reason": "server_authoritative_arrival_and_facing_verified"}}
{"run": "b04", "evt": {"t": 447.659, "kind": "receipt", "op": "mine_opportunity", "state": "completed", "reason": "server_authoritative_block_and_inventory_gain_verified:0->1"}}
{"run": "b04", "evt": {"t": 447.659, "kind": "mined", "label": "stone", "at": [10, 107, 2], "n": 1}}
{"run": "b04", "evt": {"t": 448.579, "kind": "receipt", "op": "goto", "state": "completed", "reason": "server_authoritative_arrival_and_facing_verified"}}
{"run": "b04", "evt": {"t": 451.146, "kind": "receipt", "op": "mine_opportunity", "state": "completed", "reason": "server_authoritative_block_and_inventory_gain_verified:1->2"}}
{"run": "b04", "evt": {"t": 451.146, "kind": "mined", "label": "stone", "at": [11, 107, 2], "n": 2}}
{"run": "b04", "evt": {"t": 452.089, "kind": "receipt", "op": "goto", "state": "completed", "reason": "server_authoritative_arrival_and_facing_verified"}}
{"run": "b04", "evt": {"t": 454.62, "kind": "receipt", "op": "mine_opportunity", "state": "completed", "reason": "server_authoritative_block_and_inventory_gain_verified:2->3"}}
{"run": "b04", "evt": {"t": 454.62, "kind": "mined", "label": "stone", "at": [11, 107, 3], "n": 3}}
{"run": "b04", "evt": {"t": 455.494, "kind": "receipt", "op": "goto", "state": "completed", "reason": "server_authoritative_arrival_within_2_5_blocks"}}
{"run": "b04", "evt": {"t": 458.826, "kind": "receipt", "op": "craft", "state": "completed", "reason": "server_authoritative_native_craft:minecraft:stone_pickaxe:0->1:delta=1:batches=1:output_per_batch=1:materials=minecraft:stick:6->4,minecraft:cobblestone:3->0,"}}
{"run": "b04", "evt": {"t": 462.984, "kind": "receipt", "op": "craft", "state": "completed", "reason": "server_authoritative_native_craft:minecraft:wooden_pickaxe:1->2:delta=1:batches=1:output_per_batch=1:materials=minecraft:birch_planks:9->6,minecraft:stick:4->2,"}}
{"run": "b04", "evt": {"t": 462.985, "kind": "final-begin"}}
{"RESULT": {"run": "b04", "fail_at": null, "receipts": 26, "saved": "D:\\mc-rcf1-raw\\g4-b04-20260924-032101.json"}}
{"run": "b05", "evt": {"t": 0.031, "kind": "session-open"}}
{"run": "b05", "evt": {"t": 0.062, "kind": "initial-inventory", "inv": {}}}
{"run": "b05", "evt": {"t": 0.062, "kind": "armed-timer-start", "limit_s": 720}}
{"run": "b05", "evt": {"t": 1.0, "kind": "receipt", "op": "goto", "state": "completed", "reason": "server_authoritative_arrival_and_facing_verified"}}
{"run": "b05", "evt": {"t": 121.795, "kind": "receipt", "op": "mine_opportunity", "state": "failed", "reason": "real_client_resource_opportunity_stale"}}
{"run": "b05", "evt": {"t": 129.61, "kind": "receipt", "op": "goto", "state": "completed", "reason": "server_authoritative_arrival_within_2_5_blocks"}}
{"run": "b05", "evt": {"t": 131.637, "kind": "mine-drop-lost", "label": "perturb", "at": [8, 109, 8]}}
{"run": "b05", "evt": {"t": 132.548, "kind": "receipt", "op": "goto", "state": "completed", "reason": "server_authoritative_arrival_and_facing_verified"}}
{"run": "b05", "evt": {"t": 136.766, "kind": "receipt", "op": "mine_opportunity", "state": "completed", "reason": "server_authoritative_block_and_inventory_gain_verified:0->1"}}
{"run": "b05", "evt": {"t": 136.766, "kind": "mined", "label": "perturb", "at": [8, 108, 8], "n": 1}}
{"run": "b05", "evt": {"t": 138.424, "kind": "receipt", "op": "craft", "state": "completed", "reason": "server_authoritative_native_craft:minecraft:oak_planks:0->4:delta=4:batches=1:output_per_batch=4:materials=minecraft:oak_log:2->1,"}}
{"run": "b05", "evt": {"t": 139.32, "kind": "receipt", "op": "move_items", "state": "completed", "reason": "server_authoritative_items_moved:minecraft:oak_planks:hotbar=7:baseline=0:after=4:gained=4"}}
{"run": "b05", "evt": {"t": 140.241, "kind": "receipt", "op": "goto", "state": "completed", "reason": "server_authoritative_arrival_and_facing_verified"}}
{"run": "b05", "evt": {"t": 144.514, "kind": "receipt", "op": "mine_opportunity", "state": "completed", "reason": "server_authoritative_block_and_inventory_gain_verified:1->2"}}
{"run": "b05", "evt": {"t": 144.514, "kind": "mined", "label": "logs", "at": [8, 110, 8], "n": 1}}
{"run": "b05", "evt": {"t": 145.457, "kind": "receipt", "op": "goto", "state": "completed", "reason": "server_authoritative_arrival_and_facing_verified"}}
{"run": "b05", "evt": {"t": 149.67, "kind": "receipt", "op": "mine_opportunity", "state": "completed", "reason": "server_authoritative_block_and_inventory_gain_verified:2->3"}}
{"run": "b05", "evt": {"t": 149.67, "kind": "mined", "label": "logs", "at": [8, 107, 8], "n": 2}}
{"run": "b05", "evt": {"t": 150.592, "kind": "receipt", "op": "goto", "state": "completed", "reason": "server_authoritative_arrival_and_facing_verified"}}
{"run": "b05", "evt": {"t": 154.762, "kind": "receipt", "op": "mine_opportunity", "state": "completed", "reason": "server_authoritative_block_and_inventory_gain_verified:3->4"}}
{"run": "b05", "evt": {"t": 154.762, "kind": "mined", "label": "logs", "at": [8, 111, 8], "n": 3}}
{"run": "b05", "evt": {"t": 154.831, "kind": "no-reachable-candidate", "label": "logs"}}
{"run": "b05", "evt": {"t": 156.919, "kind": "no-reachable-candidate", "label": "logs"}}
{"run": "b05", "evt": {"t": 158.968, "kind": "no-reachable-candidate", "label": "logs"}}
{"run": "b05", "evt": {"t": 161.02, "kind": "no-reachable-candidate", "label": "logs"}}
{"run": "b05", "evt": {"t": 163.067, "kind": "no-reachable-candidate", "label": "logs"}}
{"run": "b05", "evt": {"t": 165.121, "kind": "no-reachable-candidate", "label": "logs"}}
{"run": "b05", "evt": {"t": 167.176, "kind": "no-reachable-candidate", "label": "logs"}}
{"run": "b05", "evt": {"t": 169.225, "kind": "no-reachable-candidate", "label": "logs"}}
{"run": "b05", "evt": {"t": 171.283, "kind": "no-reachable-candidate", "label": "logs"}}
{"run": "b05", "evt": {"t": 173.331, "kind": "no-reachable-candidate", "label": "logs"}}
{"run": "b05", "evt": {"t": 175.374, "kind": "no-reachable-candidate", "label": "logs"}}
{"run": "b05", "evt": {"t": 177.429, "kind": "no-reachable-candidate", "label": "logs"}}
{"run": "b05", "evt": {"t": 179.474, "kind": "no-reachable-candidate", "label": "logs"}}
{"run": "b05", "evt": {"t": 181.525, "kind": "no-reachable-candidate", "label": "logs"}}
{"run": "b05", "evt": {"t": 183.58, "kind": "no-reachable-candidate", "label": "logs"}}
{"run": "b05", "evt": {"t": 185.623, "kind": "no-reachable-candidate", "label": "logs"}}
{"run": "b05", "evt": {"t": 187.681, "kind": "no-reachable-candidate", "label": "logs"}}
{"run": "b05", "evt": {"t": 189.729, "kind": "no-reachable-candidate", "label": "logs"}}
{"run": "b05", "evt": {"t": 191.777, "kind": "no-reachable-candidate", "label": "logs"}}
{"run": "b05", "evt": {"t": 193.833, "kind": "no-reachable-candidate", "label": "logs"}}
{"run": "b05", "evt": {"t": 195.879, "kind": "no-reachable-candidate", "label": "logs"}}
{"run": "b05", "evt": {"t": 197.928, "kind": "no-reachable-candidate", "label": "logs"}}
{"run": "b05", "evt": {"t": 199.97, "kind": "no-reachable-candidate", "label": "logs"}}
{"run": "b05", "evt": {"t": 202.028, "kind": "no-reachable-candidate", "label": "logs"}}
{"run": "b05", "evt": {"t": 204.057, "kind": "no-reachable-candidate", "label": "logs"}}
{"run": "b05", "evt": {"t": 206.123, "kind": "no-reachable-candidate", "label": "logs"}}
{"run": "b05", "evt": {"t": 208.16, "kind": "no-reachable-candidate", "label": "logs"}}
{"run": "b05", "evt": {"t": 210.218, "kind": "no-reachable-candidate", "label": "logs"}}
{"run": "b05", "evt": {"t": 212.279, "kind": "no-reachable-candidate", "label": "logs"}}
{"run": "b05", "evt": {"t": 214.332, "kind": "no-reachable-candidate", "label": "logs"}}
{"run": "b05", "evt": {"t": 216.358, "kind": "no-reachable-candidate", "label": "logs"}}
{"run": "b05", "evt": {"t": 218.429, "kind": "no-reachable-candidate", "label": "logs"}}
{"run": "b05", "evt": {"t": 220.469, "kind": "no-reachable-candidate", "label": "logs"}}
{"run": "b05", "evt": {"t": 222.524, "kind": "no-reachable-candidate", "label": "logs"}}
{"run": "b05", "evt": {"t": 224.582, "kind": "no-reachable-candidate", "label": "logs"}}
{"run": "b05", "evt": {"t": 226.628, "kind": "no-reachable-candidate", "label": "logs"}}
{"run": "b05", "evt": {"t": 228.676, "kind": "no-reachable-candidate", "label": "logs"}}
{"run": "b05", "evt": {"t": 230.708, "kind": "no-reachable-candidate", "label": "logs"}}
{"run": "b05", "evt": {"t": 232.76, "kind": "no-reachable-candidate", "label": "logs"}}
{"run": "b05", "evt": {"t": 234.829, "kind": "no-reachable-candidate", "label": "logs"}}
{"run": "b05", "evt": {"t": 236.87, "kind": "no-reachable-candidate", "label": "logs"}}
{"run": "b05", "evt": {"t": 238.928, "kind": "no-reachable-candidate", "label": "logs"}}
{"run": "b05", "evt": {"t": 240.971, "kind": "no-reachable-candidate", "label": "logs"}}
{"run": "b05", "evt": {"t": 243.032, "kind": "no-reachable-candidate", "label": "logs"}}
{"run": "b05", "evt": {"t": 245.068, "kind": "no-reachable-candidate", "label": "logs"}}
{"run": "b05", "evt": {"t": 247.123, "kind": "no-reachable-candidate", "label": "logs"}}
{"run": "b05", "evt": {"t": 249.17, "kind": "no-reachable-candidate", "label": "logs"}}
{"run": "b05", "evt": {"t": 251.229, "kind": "no-reachable-candidate", "label": "logs"}}
{"run": "b05", "evt": {"t": 253.274, "kind": "no-reachable-candidate", "label": "logs"}}
{"run": "b05", "evt": {"t": 255.327, "kind": "no-reachable-candidate", "label": "logs"}}
{"run": "b05", "evt": {"t": 257.379, "kind": "no-reachable-candidate", "label": "logs"}}
{"run": "b05", "evt": {"t": 259.42, "kind": "no-reachable-candidate", "label": "logs"}}
{"run": "b05", "evt": {"t": 261.481, "kind": "no-reachable-candidate", "label": "logs"}}
{"run": "b05", "evt": {"t": 263.529, "kind": "no-reachable-candidate", "label": "logs"}}
{"run": "b05", "evt": {"t": 265.576, "kind": "no-reachable-candidate", "label": "logs"}}
{"run": "b05", "evt": {"t": 267.631, "kind": "no-reachable-candidate", "label": "logs"}}
{"run": "b05", "evt": {"t": 269.676, "kind": "no-reachable-candidate", "label": "logs"}}
{"run": "b05", "evt": {"t": 271.719, "kind": "no-reachable-candidate", "label": "logs"}}
{"run": "b05", "evt": {"t": 273.78, "kind": "no-reachable-candidate", "label": "logs"}}
{"run": "b05", "evt": {"t": 275.826, "kind": "no-reachable-candidate", "label": "logs"}}
{"run": "b05", "evt": {"t": 277.871, "kind": "no-reachable-candidate", "label": "logs"}}
{"run": "b05", "evt": {"t": 279.93, "kind": "no-reachable-candidate", "label": "logs"}}
{"run": "b05", "evt": {"t": 281.971, "kind": "no-reachable-candidate", "label": "logs"}}
{"run": "b05", "evt": {"t": 284.03, "kind": "no-reachable-candidate", "label": "logs"}}
{"run": "b05", "evt": {"t": 286.072, "kind": "no-reachable-candidate", "label": "logs"}}
{"run": "b05", "evt": {"t": 288.131, "kind": "no-reachable-candidate", "label": "logs"}}
{"run": "b05", "evt": {"t": 290.171, "kind": "no-reachable-candidate", "label": "logs"}}
{"run": "b05", "evt": {"t": 292.228, "kind": "no-reachable-candidate", "label": "logs"}}
{"run": "b05", "evt": {"t": 294.273, "kind": "no-reachable-candidate", "label": "logs"}}
{"run": "b05", "evt": {"t": 296.33, "kind": "no-reachable-candidate", "label": "logs"}}
{"run": "b05", "evt": {"t": 298.376, "kind": "no-reachable-candidate", "label": "logs"}}
{"run": "b05", "evt": {"t": 300.426, "kind": "no-reachable-candidate", "label": "logs"}}
{"run": "b05", "evt": {"t": 302.47, "kind": "no-reachable-candidate", "label": "logs"}}
{"run": "b05", "evt": {"t": 304.529, "kind": "no-reachable-candidate", "label": "logs"}}
{"run": "b05", "evt": {"t": 306.572, "kind": "no-reachable-candidate", "label": "logs"}}
{"run": "b05", "evt": {"t": 308.626, "kind": "no-reachable-candidate", "label": "logs"}}
{"run": "b05", "evt": {"t": 310.669, "kind": "no-reachable-candidate", "label": "logs"}}
{"run": "b05", "evt": {"t": 312.727, "kind": "no-reachable-candidate", "label": "logs"}}
{"run": "b05", "evt": {"t": 314.782, "kind": "no-reachable-candidate", "label": "logs"}}
{"run": "b05", "evt": {"t": 316.872, "kind": "no-reachable-candidate", "label": "logs"}}
{"run": "b05", "evt": {"t": 318.931, "kind": "no-reachable-candidate", "label": "logs"}}
{"run": "b05", "evt": {"t": 320.978, "kind": "no-reachable-candidate", "label": "logs"}}
{"run": "b05", "evt": {"t": 323.021, "kind": "no-reachable-candidate", "label": "logs"}}
{"run": "b05", "evt": {"t": 325.082, "kind": "no-reachable-candidate", "label": "logs"}}
{"run": "b05", "evt": {"t": 327.122, "kind": "no-reachable-candidate", "label": "logs"}}
{"run": "b05", "evt": {"t": 329.176, "kind": "no-reachable-candidate", "label": "logs"}}
{"run": "b05", "evt": {"t": 331.226, "kind": "no-reachable-candidate", "label": "logs"}}
{"run": "b05", "evt": {"t": 333.281, "kind": "no-reachable-candidate", "label": "logs"}}
{"run": "b05", "evt": {"t": 335.357, "kind": "no-reachable-candidate", "label": "logs"}}
{"run": "b05", "evt": {"t": 337.429, "kind": "no-reachable-candidate", "label": "logs"}}
{"run": "b05", "evt": {"t": 339.471, "kind": "no-reachable-candidate", "label": "logs"}}
{"run": "b05", "evt": {"t": 341.531, "kind": "no-reachable-candidate", "label": "logs"}}
{"run": "b05", "evt": {"t": 343.557, "kind": "no-reachable-candidate", "label": "logs"}}
{"run": "b05", "evt": {"t": 345.62, "kind": "no-reachable-candidate", "label": "logs"}}
{"run": "b05", "evt": {"t": 347.674, "kind": "no-reachable-candidate", "label": "logs"}}
{"run": "b05", "evt": {"t": 349.708, "kind": "no-reachable-candidate", "label": "logs"}}
{"run": "b05", "evt": {"t": 351.775, "kind": "no-reachable-candidate", "label": "logs"}}
{"run": "b05", "evt": {"t": 353.819, "kind": "no-reachable-candidate", "label": "logs"}}
{"run": "b05", "evt": {"t": 355.876, "kind": "no-reachable-candidate", "label": "logs"}}
{"run": "b05", "evt": {"t": 357.907, "kind": "no-reachable-candidate", "label": "logs"}}
{"run": "b05", "evt": {"t": 359.976, "kind": "no-reachable-candidate", "label": "logs"}}
{"run": "b05", "evt": {"t": 362.026, "kind": "no-reachable-candidate", "label": "logs"}}
{"run": "b05", "evt": {"t": 364.079, "kind": "no-reachable-candidate", "label": "logs"}}
{"run": "b05", "evt": {"t": 366.125, "kind": "no-reachable-candidate", "label": "logs"}}
{"run": "b05", "evt": {"t": 368.178, "kind": "no-reachable-candidate", "label": "logs"}}
{"run": "b05", "evt": {"t": 370.222, "kind": "no-reachable-candidate", "label": "logs"}}
{"run": "b05", "evt": {"t": 372.278, "kind": "no-reachable-candidate", "label": "logs"}}
{"run": "b05", "evt": {"t": 374.324, "kind": "no-reachable-candidate", "label": "logs"}}
{"run": "b05", "evt": {"t": 376.381, "kind": "no-reachable-candidate", "label": "logs"}}
{"run": "b05", "evt": {"t": 378.422, "kind": "no-reachable-candidate", "label": "logs"}}
{"run": "b05", "evt": {"t": 380.471, "kind": "no-reachable-candidate", "label": "logs"}}
{"run": "b05", "evt": {"t": 382.528, "kind": "no-reachable-candidate", "label": "logs"}}
{"run": "b05", "evt": {"t": 384.585, "kind": "no-reachable-candidate", "label": "logs"}}
{"run": "b05", "evt": {"t": 386.63, "kind": "no-reachable-candidate", "label": "logs"}}
{"run": "b05", "evt": {"t": 388.671, "kind": "no-reachable-candidate", "label": "logs"}}
{"run": "b05", "evt": {"t": 390.732, "kind": "no-reachable-candidate", "label": "logs"}}
{"run": "b05", "evt": {"t": 392.78, "kind": "no-reachable-candidate", "label": "logs"}}
{"run": "b05", "evt": {"t": 394.829, "kind": "no-reachable-candidate", "label": "logs"}}
{"run": "b05", "evt": {"t": 396.877, "kind": "no-reachable-candidate", "label": "logs"}}
{"run": "b05", "evt": {"t": 398.907, "kind": "no-reachable-candidate", "label": "logs"}}
{"run": "b05", "evt": {"t": 400.975, "kind": "no-reachable-candidate", "label": "logs"}}
{"run": "b05", "evt": {"t": 403.017, "kind": "no-reachable-candidate", "label": "logs"}}
{"run": "b05", "evt": {"t": 405.081, "kind": "no-reachable-candidate", "label": "logs"}}
{"run": "b05", "evt": {"t": 407.126, "kind": "no-reachable-candidate", "label": "logs"}}
{"run": "b05", "evt": {"t": 409.175, "kind": "no-reachable-candidate", "label": "logs"}}
{"run": "b05", "evt": {"t": 411.225, "kind": "no-reachable-candidate", "label": "logs"}}
{"run": "b05", "evt": {"t": 413.26, "kind": "no-reachable-candidate", "label": "logs"}}
{"run": "b05", "evt": {"t": 415.307, "kind": "no-reachable-candidate", "label": "logs"}}
{"run": "b05", "evt": {"t": 417.371, "kind": "no-reachable-candidate", "label": "logs"}}
{"run": "b05", "evt": {"t": 419.429, "kind": "no-reachable-candidate", "label": "logs"}}
{"run": "b05", "evt": {"t": 421.476, "kind": "no-reachable-candidate", "label": "logs"}}
{"run": "b05", "evt": {"t": 423.528, "kind": "no-reachable-candidate", "label": "logs"}}
{"run": "b05", "evt": {"t": 425.571, "kind": "no-reachable-candidate", "label": "logs"}}
{"run": "b05", "evt": {"t": 427.624, "kind": "no-reachable-candidate", "label": "logs"}}
{"run": "b05", "evt": {"t": 429.682, "kind": "no-reachable-candidate", "label": "logs"}}
{"run": "b05", "evt": {"t": 431.719, "kind": "no-reachable-candidate", "label": "logs"}}
{"run": "b05", "evt": {"t": 433.779, "kind": "no-reachable-candidate", "label": "logs"}}
{"run": "b05", "evt": {"t": 435.808, "kind": "no-reachable-candidate", "label": "logs"}}
{"run": "b05", "evt": {"t": 437.872, "kind": "no-reachable-candidate", "label": "logs"}}
{"run": "b05", "evt": {"t": 439.927, "kind": "no-reachable-candidate", "label": "logs"}}
{"run": "b05", "evt": {"t": 441.972, "kind": "no-reachable-candidate", "label": "logs"}}
{"run": "b05", "evt": {"t": 444.029, "kind": "no-reachable-candidate", "label": "logs"}}
{"run": "b05", "evt": {"t": 446.071, "kind": "no-reachable-candidate", "label": "logs"}}
{"run": "b05", "evt": {"t": 448.122, "kind": "no-reachable-candidate", "label": "logs"}}
{"run": "b05", "evt": {"t": 450.175, "kind": "no-reachable-candidate", "label": "logs"}}
{"run": "b05", "evt": {"t": 452.218, "kind": "no-reachable-candidate", "label": "logs"}}
{"run": "b05", "evt": {"t": 454.275, "kind": "no-reachable-candidate", "label": "logs"}}
{"run": "b05", "evt": {"t": 456.319, "kind": "no-reachable-candidate", "label": "logs"}}
{"run": "b05", "evt": {"t": 458.379, "kind": "no-reachable-candidate", "label": "logs"}}
{"run": "b05", "evt": {"t": 460.433, "kind": "no-reachable-candidate", "label": "logs"}}
{"run": "b05", "evt": {"t": 462.481, "kind": "no-reachable-candidate", "label": "logs"}}
{"run": "b05", "evt": {"t": 464.524, "kind": "no-reachable-candidate", "label": "logs"}}
{"run": "b05", "evt": {"t": 466.582, "kind": "no-reachable-candidate", "label": "logs"}}
{"run": "b05", "evt": {"t": 468.624, "kind": "no-reachable-candidate", "label": "logs"}}
{"run": "b05", "evt": {"t": 470.659, "kind": "no-reachable-candidate", "label": "logs"}}
{"run": "b05", "evt": {"t": 472.729, "kind": "no-reachable-candidate", "label": "logs"}}
{"run": "b05", "evt": {"t": 474.783, "kind": "no-reachable-candidate", "label": "logs"}}
{"run": "b05", "evt": {"t": 476.824, "kind": "no-reachable-candidate", "label": "logs"}}
{"run": "b05", "evt": {"t": 478.875, "kind": "no-reachable-candidate", "label": "logs"}}
{"run": "b05", "evt": {"t": 480.933, "kind": "no-reachable-candidate", "label": "logs"}}
{"run": "b05", "evt": {"t": 483.022, "kind": "no-reachable-candidate", "label": "logs"}}
{"run": "b05", "evt": {"t": 485.079, "kind": "no-reachable-candidate", "label": "logs"}}
{"run": "b05", "evt": {"t": 487.108, "kind": "no-reachable-candidate", "label": "logs"}}
{"run": "b05", "evt": {"t": 489.157, "kind": "no-reachable-candidate", "label": "logs"}}
{"run": "b05", "evt": {"t": 491.227, "kind": "no-reachable-candidate", "label": "logs"}}
{"run": "b05", "evt": {"t": 493.282, "kind": "no-reachable-candidate", "label": "logs"}}
{"run": "b05", "evt": {"t": 495.307, "kind": "no-reachable-candidate", "label": "logs"}}
{"run": "b05", "evt": {"t": 497.357, "kind": "no-reachable-candidate", "label": "logs"}}
{"run": "b05", "evt": {"t": 499.409, "kind": "no-reachable-candidate", "label": "logs"}}
{"run": "b05", "evt": {"t": 501.479, "kind": "no-reachable-candidate", "label": "logs"}}
{"run": "b05", "evt": {"t": 503.529, "kind": "no-reachable-candidate", "label": "logs"}}
{"run": "b05", "evt": {"t": 505.574, "kind": "no-reachable-candidate", "label": "logs"}}
{"run": "b05", "evt": {"t": 507.632, "kind": "no-reachable-candidate", "label": "logs"}}
{"run": "b05", "evt": {"t": 509.675, "kind": "no-reachable-candidate", "label": "logs"}}
{"run": "b05", "evt": {"t": 511.726, "kind": "no-reachable-candidate", "label": "logs"}}
{"run": "b05", "evt": {"t": 513.771, "kind": "no-reachable-candidate", "label": "logs"}}
{"run": "b05", "evt": {"t": 515.818, "kind": "no-reachable-candidate", "label": "logs"}}
{"run": "b05", "evt": {"t": 517.881, "kind": "no-reachable-candidate", "label": "logs"}}
{"run": "b05", "evt": {"t": 519.908, "kind": "no-reachable-candidate", "label": "logs"}}
{"run": "b05", "evt": {"t": 521.982, "kind": "no-reachable-candidate", "label": "logs"}}
{"run": "b05", "evt": {"t": 524.027, "kind": "no-reachable-candidate", "label": "logs"}}
{"run": "b05", "evt": {"t": 526.071, "kind": "no-reachable-candidate", "label": "logs"}}
{"run": "b05", "evt": {"t": 528.128, "kind": "no-reachable-candidate", "label": "logs"}}
{"run": "b05", "evt": {"t": 530.173, "kind": "no-reachable-candidate", "label": "logs"}}
{"run": "b05", "evt": {"t": 532.226, "kind": "no-reachable-candidate", "label": "logs"}}
{"run": "b05", "evt": {"t": 534.269, "kind": "no-reachable-candidate", "label": "logs"}}
{"run": "b05", "evt": {"t": 536.33, "kind": "no-reachable-candidate", "label": "logs"}}
{"run": "b05", "evt": {"t": 538.375, "kind": "no-reachable-candidate", "label": "logs"}}
{"run": "b05", "evt": {"t": 540.423, "kind": "no-reachable-candidate", "label": "logs"}}
{"run": "b05", "evt": {"t": 542.467, "kind": "no-reachable-candidate", "label": "logs"}}
{"run": "b05", "evt": {"t": 544.526, "kind": "no-reachable-candidate", "label": "logs"}}
{"run": "b05", "evt": {"t": 546.58, "kind": "no-reachable-candidate", "label": "logs"}}
{"run": "b05", "evt": {"t": 548.669, "kind": "no-reachable-candidate", "label": "logs"}}
{"run": "b05", "evt": {"t": 550.724, "kind": "no-reachable-candidate", "label": "logs"}}
{"run": "b05", "evt": {"t": 552.782, "kind": "no-reachable-candidate", "label": "logs"}}
{"run": "b05", "evt": {"t": 554.825, "kind": "no-reachable-candidate", "label": "logs"}}
{"run": "b05", "evt": {"t": 556.872, "kind": "no-reachable-candidate", "label": "logs"}}
{"run": "b05", "evt": {"t": 558.926, "kind": "no-reachable-candidate", "label": "logs"}}
{"run": "b05", "evt": {"t": 560.954, "kind": "logs-reconciled-from-inventory", "counted": 4, "inv": 4, "effective": 5, "note": "receipt-counted<inventory; provenance=empty-initial+real-mine-drops"}}
{"run": "b05", "evt": {"t": 560.955, "kind": "logs-collected", "n": 5}}
{"run": "b05", "evt": {"t": 567.626, "kind": "receipt", "op": "craft", "state": "completed", "reason": "server_authoritative_native_craft:minecraft:oak_planks:4->20:delta=16:batches=4:output_per_batch=4:materials=minecraft:oak_log:4->0,"}}
{"run": "b05", "evt": {"t": 571.819, "kind": "receipt", "op": "craft", "state": "completed", "reason": "server_authoritative_native_craft:minecraft:stick:0->8:delta=8:batches=2:output_per_batch=4:materials=minecraft:oak_planks:20->16,"}}
{"run": "b05", "evt": {"t": 574.294, "kind": "receipt", "op": "craft", "state": "completed", "reason": "server_authoritative_native_craft:minecraft:crafting_table:0->1:delta=1:batches=1:output_per_batch=1:materials=minecraft:oak_planks:16->12,"}}
{"run": "b05", "evt": {"t": 575.155, "kind": "receipt", "op": "goto", "state": "completed", "reason": "server_authoritative_arrival_within_2_5_blocks"}}
{"run": "b05", "evt": {"t": 576.856, "kind": "receipt", "op": "place", "state": "completed", "reason": "server_authoritative_block_placed:minecraft:crafting_table:1->0:at=8, 107, 2:consumed=true:interaction_witnessed=true"}}
{"run": "b05", "evt": {"t": 581.079, "kind": "receipt", "op": "craft", "state": "completed", "reason": "server_authoritative_native_craft:minecraft:wooden_pickaxe:0->1:delta=1:batches=1:output_per_batch=1:materials=minecraft:oak_planks:12->9,minecraft:stick:8->6,"}}
{"run": "b05", "evt": {"t": 582.854, "kind": "receipt", "op": "goto", "state": "completed", "reason": "server_authoritative_arrival_and_facing_verified"}}
{"run": "b05", "evt": {"t": 585.456, "kind": "receipt", "op": "mine_opportunity", "state": "completed", "reason": "server_authoritative_block_and_inventory_gain_verified:0->1"}}
{"run": "b05", "evt": {"t": 585.456, "kind": "mined", "label": "stone", "at": [10, 107, 2], "n": 1}}
{"run": "b05", "evt": {"t": 586.425, "kind": "receipt", "op": "goto", "state": "completed", "reason": "server_authoritative_arrival_and_facing_verified"}}
{"run": "b05", "evt": {"t": 588.966, "kind": "receipt", "op": "mine_opportunity", "state": "completed", "reason": "server_authoritative_block_and_inventory_gain_verified:1->2"}}
{"run": "b05", "evt": {"t": 588.966, "kind": "mined", "label": "stone", "at": [11, 107, 2], "n": 2}}
{"run": "b05", "evt": {"t": 589.923, "kind": "receipt", "op": "goto", "state": "completed", "reason": "server_authoritative_arrival_and_facing_verified"}}
{"run": "b05", "evt": {"t": 594.16, "kind": "receipt", "op": "mine_opportunity", "state": "completed", "reason": "server_authoritative_block_and_inventory_gain_verified:2->3"}}
{"run": "b05", "evt": {"t": 594.16, "kind": "mined", "label": "stone", "at": [11, 107, 3], "n": 3}}
{"run": "b05", "evt": {"t": 594.222, "kind": "receipt", "op": "goto", "state": "completed", "reason": "server_authoritative_arrival_within_2_5_blocks"}}
{"run": "b05", "evt": {"t": 597.606, "kind": "receipt", "op": "craft", "state": "completed", "reason": "server_authoritative_native_craft:minecraft:stone_pickaxe:0->1:delta=1:batches=1:output_per_batch=1:materials=minecraft:stick:6->4,minecraft:cobblestone:3->0,"}}
{"run": "b05", "evt": {"t": 601.794, "kind": "receipt", "op": "craft", "state": "completed", "reason": "server_authoritative_native_craft:minecraft:wooden_pickaxe:1->2:delta=1:batches=1:output_per_batch=1:materials=minecraft:oak_planks:9->6,minecraft:stick:4->2,"}}
{"run": "b05", "evt": {"t": 601.794, "kind": "final-begin"}}
{"RESULT": {"run": "b05", "fail_at": null, "receipts": 28, "saved": "D:\\mc-rcf1-raw\\g4-b05-20260924-032101.json"}}
G4 5/5 runs complete
