{"id": "I01", "pass": true, "detail": {"pre_slots": {"pick": 9, "beef": 10, "dirt": 11}, "r1": "server_authoritative_items_moved:minecraft:iron_pickaxe:hotbar=0:baseline=0:after=1:gained=1", "r2": "server_authoritative_items_moved:minecraft:cooked_beef:hotbar=1:baseline=0:after=3:gained=3", "r3": "server_authoritative_items_moved:minecraft:dirt:hotbar=2:baseline=0:after=8:gained=8", "note": "前置:工具/食物/方块全部初始在主包>=9 且快捷栏无同款"}}
{"id": "I02a", "pass": true, "detail": {"r1": "server_authoritative_items_moved:minecraft:cobblestone:hotbar=3:baseline=0:after=1:gained=1", "r2": "server_authoritative_items_moved:minecraft:cobblestone:hotbar=4:baseline=0:after=7:gained=7", "r3": "server_authoritative_items_moved:minecraft:cobblestone:hotbar=5:baseline=0:after=31:gained=31", "note": "1/7/31 三档;无中途 fixture,逐动作守恒"}}
{"id": "I02b", "pass": true, "detail": {"before": 10, "after": 17, "r": "server_authoritative_items_moved:minecraft:cobblestone:hotbar=1:baseline=10:after=17:gained=7", "note": "目标已有 10 再移 7=净增 7(终 17)"}}
{"id": "I02c", "pass": true, "detail": {"dest": 64, "r": "server_authoritative_items_moved:minecraft:cobblestone:hotbar=5:baseline=0:after=64:gained=64", "note": "整堆 64:count=-1 全量到 hb5"}}
{"id": "I02d", "pass": true, "detail": {"src": 18, "total": 30, "dest": 12, "pick_n": 1, "r": "server_authoritative_items_moved:minecraft:cobblestone:hotbar=2:baseline=0:after=12:gained=12:src=18:30->0:component_verified=true", "note": "30 移 12:总量守恒/目标 12/余 18 在包内;保护镐数量不变"}}
{"id": "V02", "pass": true, "detail": {"before": 10, "after": 17, "gained": 7, "r": "server_authoritative_items_moved:minecraft:cobblestone:hotbar=1:baseline=10:after=17:gained=7"}}
{"id": "V02b", "pass": true, "detail": {"r": "move_items_count_zero_noop", "note": "count=0 必须明确拒绝"}}
{"id": "I03", "pass": true, "detail": {"moved": [5, 0], "kept": [90, 1], "dest_damage": 5, "r": "server_authoritative_items_moved:minecraft:iron_pickaxe:hotbar=5:baseline=0:after=1:gained=1:src=0:1->0:component_verified=true", "note": "source_slot 绑定移动指定组件那把,另一把原位保留"}}
{"id": "I04", "pass": true, "detail": {"dep1": "server_authoritative_container_transfer:minecraft:oak_log:deposit:player:10->6:container:0->4", "wdr": "server_authoritative_container_transfer:minecraft:oak_log:withdraw:player:6->8:container:4->2", "dep2": "server_authoritative_container_transfer:minecraft:oak_log:deposit:player:8->5:container:0->3", "inv_after_first_pair": 8, "note": "箱子存4取2(净2)+木桶存3,双向守恒"}}
{"id": "I05", "pass": true, "detail": {"n_slots": 36, "r": "client_craft_inventory_full", "logs": 63, "planks": 0, "note": "36 槽真满:产物不可入包,不假成功不丢物"}}
{"id": "I05b", "pass": true, "detail": {"r": "client_container_dest_full", "note": "容器满:拒绝或诚实部分"}}
{"id": "I06", "pass": true, "detail": {"stages": [{"stage": "pickup", "cancel_ok": true, "term": "cancelled", "reason": "external_cancel", "conserved": true, "logs": 8, "planks": 0, "base": 8}, {"stage": "partial", "cancel_ok": true, "term": "cancelled", "reason": "external_cancel", "conserved": true, "logs": 7, "planks": 4, "base": 8}, {"stage": "produced", "cancel_ok": true, "term": "cancelled", "reason": "external_cancel", "conserved": true, "logs": 7, "planks": 4, "base": 8}], "note": "三阶段注入:取物/部分拆分/取产物;cursor 回包按配方折算守恒,无丢弃"}}
{"lease-retry": "lease lost and not re-acquirable"}
{"id": "I07", "pass": true, "detail": {"r": "container_not_an_inventory", "note": "工作台非储物:拒绝,不写入"}}
{"id": "I08", "pass": false, "detail": {"dep": "external_cancel", "dep_left": 16, "wdr": "failed", "wdr_reason": "container_not_an_inventory", "after_withdraw": 16, "terminal": [305, 120, 296], "note": "真实终端网络:存16入网络(箱子端核验)+取4回包"}}
{"lease-retry": "lease lost and not re-acquirable"}
{"id": "A01", "pass": true, "detail": {"r1": "server_authoritative_native_craft:minecraft:oak_planks:0->8:delta=8:batches=2:output_per_batch=4:materials=minecraft:oak_log:2->0,", "r2": "server_authoritative_native_craft:minecraft:birch_planks:0->12:delta=12:batches=3:output_per_batch=4:materials=minecraft:birch_log:3->0,", "inv": {"minecraft:oak_planks": 2, "minecraft:crafting_table": 1, "minecraft:birch_planks": 12, "minecraft:stick": 4}, "note": "双木种 2x2 全链,数量精确"}}
{"id": "V01", "pass": true, "detail": {"term": "failed", "reason": "client_craft_material_missing:minecraft:oak_log", "planks": 8, "note": "产出单位=物品数:部分产出不冒充完成"}}
{"lease-retry": "lease lost and not re-acquirable"}
{"id": "A02", "pass": false, "detail": {"p": "server_authoritative_native_craft:minecraft:birch_planks:0->24:delta=24:batches=6:output_per_batch=4:materials=minecraft:birch_log:6->0,", "st": "server_authoritative_native_craft:minecraft:stick:0->8:delta=8:batches=2:output_per_batch=4:materials=minecraft:birch_planks:24->20,", "tb": "server_authoritative_native_craft:minecraft:crafting_table:0->1:delta=1:batches=1:output_per_batch=1:materials=minecraft:birch_planks:20->16,", "pl": "real_client_execution_timeout", "wp": "real_client_execution_timeout", "sp": "real_client_execution_timeout", "pickaxes": [0, 0], "note": "放置/打开工作台→3x3 木镐+石镐"}}
{"id": "A03", "pass": true, "detail": {"r": "craft_missing:minecraft:cobblestonehave=0need=3", "note": "无台 3x3 拒绝,无服务端变换"}}
{"id": "A04", "pass": true, "detail": {"n": 8, "r2": "server_authoritative_native_craft:minecraft:oak_planks:4->8:delta=4:batches=1:output_per_batch=4:materials=minecraft:oak_log:3->2,", "note": "已有 4 再请求 4:真实新增(不是已达标冒充)"}}
{"id": "A05", "pass": true, "detail": {"r": "craft_missing:minecraft:oak_plankshave=2need=4", "note": "材料不足明确拒绝"}}
{"id": "A06", "pass": false, "detail": {"r": "real_client_execution_timeout", "blk": "\u0000\u0000\u0000\u0000Test failed", "note": "快捷栏另有泥土:放的是工作台,精确落格+消耗"}}
{"id": "A07a", "pass": true, "detail": {"r": "server_authoritative_block_placed:minecraft:dirt:4->3:at=304, 121, 300:consumed=true:interaction_witnessed=true", "blk": "\u0000\u0000\u0000\u0000Test passed", "note": "侧壁支撑:落点=目标格(或诚实失败),不误放别格"}}
{"id": "A07b", "pass": true, "detail": {"term": "cancelled", "reason": "external_cancel", "inv": {"minecraft:oak_planks": 2}, "note": "外部抢放:不冒充 Bob 成功,库存未消耗"}}
{"lease-retry": "lease lost and not re-acquirable"}
{"id": "A08", "pass": true, "detail": {"pre_slot": 10, "eat": "server_authoritative_food_consumed:minecraft:cooked_beef:3->2:claimed=1:witness=1:hunger:0->8", "reject": "eat_not_hungry", "note": "食物初始在主包>=9;吃到+不饿拒绝"}}
{"id": "V04", "pass": true, "detail": {"term": "cancelled", "reason": "external_cancel", "note": "食物被外部取走:无客户端完成+无本次消耗=不完成"}}
{"id": "A09", "pass": true, "detail": {"term": "failed", "reason": "real_client_resource_opportunity_stale", "target": [302, 119, 299], "smooth_stone_gained": 0, "note": "目标被移除:stale 拒绝且未挖任何替代"}}
{"id": "A10", "pass": true, "detail": {"window": true, "term": "failed", "reason": "real_client_resource_opportunity_stale", "smooth_stone": 0, "note": "已证破坏+未拾取后才阻断;拾取失败可区分"}}
{"id": "A11", "pass": true, "detail": {"term": "outcome_unknown", "reason": "body_session_changed", "note": "GUI 中死亡:执行终态不复活"}}
{"lease-retry": "lease lost and not re-acquirable"}
{"id": "A12", "pass": true, "detail": {"behind_wall_visible": false, "far_place": "place_target_too_far", "note": "墙后矿石不可见+超距拒绝"}}
FACTS_SAVED D:\mc-rcf1-raw-r3c\ia-facts-r3c.json cases=26
SUMMARY 26/29
