[11:40:40] [Server thread/INFO]: [AIBot] TASK event=task_assigned bot=Bob {origin=LLM_TOOL, params=Gathering minecraft:oak_log 0/1 phase=SURVEY, origin_reason=external_dsh:82707092-c8db-49d2-b789-8da39a31e0b6, name=gather}
[11:40:40] [Server thread/INFO]: [AIBot] ACTION event=tree_workset_acquired bot=Bob {tree=80980dea-4a25-46fa-ab97-eeefcc8b4b39:minecraft:overworld:145685291176007, logs=8, execution=82707092-c8db-49d2-b789-8da39a31e0b6}
[11:40:40] [Server thread/INFO]: [AIBot] ACTION event=tree_log_resolved bot=Bob {tree=80980dea-4a25-46fa-ab97-eeefcc8b4b39:minecraft:overworld:145685291176007, pos=530, 71, 121, execution=82707092-c8db-49d2-b789-8da39a31e0b6}
[11:40:47] [Server thread/INFO]: [AIBot] ACTION event=tree_log_resolved bot=Bob {tree=80980dea-4a25-46fa-ab97-eeefcc8b4b39:minecraft:overworld:145685291176007, pos=530, 67, 121, execution=82707092-c8db-49d2-b789-8da39a31e0b6}
[11:40:48] [Server thread/INFO]: [AIBot] ACTION event=tree_log_resolved bot=Bob {tree=80980dea-4a25-46fa-ab97-eeefcc8b4b39:minecraft:overworld:145685291176007, pos=530, 68, 121, execution=82707092-c8db-49d2-b789-8da39a31e0b6}
[11:40:49] [Server thread/INFO]: [AIBot] ACTION event=tree_log_resolved bot=Bob {tree=80980dea-4a25-46fa-ab97-eeefcc8b4b39:minecraft:overworld:145685291176007, pos=530, 69, 121, execution=82707092-c8db-49d2-b789-8da39a31e0b6}
[11:40:50] [Server thread/INFO]: [AIBot] ACTION event=tree_log_resolved bot=Bob {tree=80980dea-4a25-46fa-ab97-eeefcc8b4b39:minecraft:overworld:145685291176007, pos=530, 70, 121, execution=82707092-c8db-49d2-b789-8da39a31e0b6}
[11:40:51] [Server thread/INFO]: [AIBot] ACTION event=tree_log_resolved bot=Bob {tree=80980dea-4a25-46fa-ab97-eeefcc8b4b39:minecraft:overworld:145685291176007, pos=530, 72, 121, execution=82707092-c8db-49d2-b789-8da39a31e0b6}
[11:40:51] [Server thread/INFO]: [AIBot] ACTION event=fake_player_jump bot=Bob {to=class_2338{x=530, y=68, z=121}, from=class_2338{x=530, y=67, z=121}, reason=tree_access_pillar_jump}
[11:40:51] [Server thread/INFO]: [AIBot] ACTION event=tree_support_placed bot=Bob {execution=82707092-c8db-49d2-b789-8da39a31e0b6, tree=80980dea-4a25-46fa-ab97-eeefcc8b4b39:minecraft:overworld:145685291176007, block=minecraft:dirt, pos=530, 67, 121}
[11:40:52] [Server thread/INFO]: [AIBot] ACTION event=tree_log_resolved bot=Bob {tree=80980dea-4a25-46fa-ab97-eeefcc8b4b39:minecraft:overworld:145685291176007, pos=530, 73, 121, execution=82707092-c8db-49d2-b789-8da39a31e0b6}
[11:40:52] [Server thread/INFO]: [AIBot] ACTION event=fake_player_step bot=Bob {to=class_2338{x=530, y=67, z=121}, from=class_2338{x=530, y=68, z=121}, reason=tree_access_reverse_cleanup}
[11:40:52] [Server thread/INFO]: [AIBot] ACTION event=tree_support_removed bot=Bob {execution=82707092-c8db-49d2-b789-8da39a31e0b6, tree=80980dea-4a25-46fa-ab97-eeefcc8b4b39:minecraft:overworld:145685291176007, block=minecraft:dirt, pos=530, 67, 121}
[11:40:53] [Server thread/INFO]: [AIBot] ACTION event=fake_player_jump bot=Bob {to=class_2338{x=530, y=68, z=121}, from=class_2338{x=530, y=67, z=121}, reason=tree_access_pillar_jump}
[11:40:53] [Server thread/INFO]: [AIBot] ACTION event=tree_support_placed bot=Bob {execution=82707092-c8db-49d2-b789-8da39a31e0b6, tree=80980dea-4a25-46fa-ab97-eeefcc8b4b39:minecraft:overworld:145685291176007, block=minecraft:dirt, pos=530, 67, 121}
[11:40:53] [Server thread/INFO]: [AIBot] ACTION event=fake_player_jump bot=Bob {to=class_2338{x=530, y=69, z=121}, from=class_2338{x=530, y=68, z=121}, reason=tree_access_pillar_jump}
[11:40:53] [Server thread/INFO]: [AIBot] ACTION event=tree_support_placed bot=Bob {execution=82707092-c8db-49d2-b789-8da39a31e0b6, tree=80980dea-4a25-46fa-ab97-eeefcc8b4b39:minecraft:overworld:145685291176007, block=minecraft:dirt, pos=530, 68, 121}
[11:40:53] [Server thread/INFO]: [AIBot] TASK event=task_paused bot=Bob {why=threat: HOSTILE, origin=LLM_TOOL, stack_depth=1, name=gather}
[11:40:53] [Server thread/INFO]: [AIBot] TASK event=task_assigned bot=Bob {origin=SAFETY, params=Attacking minecraft:zombie 0/1 phase=ACQUIRE, origin_reason=threat:HOSTILE, name=combat}
[11:40:53] [Server thread/INFO]: [AIBot] DANGER event=threat_detected bot=Bob {severity=MEDIUM, decision=combat, source=class_2338{x=531, y=69, z=121}, type=HOSTILE}
[11:40:54] [Server thread/INFO]: [AIBot] ACTION event=fake_player_step bot=Bob {to=class_2338{x=530, y=69, z=121}, from=class_2338{x=529, y=69, z=120}, reason=path_start_physical_snap:path_start_invalid}
[11:40:54] [Server thread/INFO]: [AIBot] ACTION event=fake_player_step bot=Bob {to=class_2338{x=531, y=68, z=121}, from=class_2338{x=530, y=69, z=121}, reason=path_drop_down}
[11:40:55] [Server thread/INFO]: [AIBot] TASK event=task_completed bot=Bob {elapsed_ticks=38, name=combat}
[11:40:55] [Server thread/INFO]: [AIBot] TASK event=task_resumed bot=Bob {origin=LLM_TOOL, stack_depth=0, name=gather, user_paused=false}
[11:40:55] [Server thread/INFO]: [AIBot] ACTION event=tree_support_reentered bot=Bob {tree=80980dea-4a25-46fa-ab97-eeefcc8b4b39:minecraft:overworld:145685291176007, execution=82707092-c8db-49d2-b789-8da39a31e0b6, supports=2}
[11:40:55] [Server thread/INFO]: [AIBot] ACTION event=fake_player_jump bot=Bob {to=class_2338{x=531, y=68, z=121}, from=class_2338{x=531, y=67, z=121}, reason=tree_access_pillar_jump}
[11:40:55] [Server thread/INFO]: [AIBot] ACTION event=tree_support_placed bot=Bob {execution=82707092-c8db-49d2-b789-8da39a31e0b6, tree=80980dea-4a25-46fa-ab97-eeefcc8b4b39:minecraft:overworld:145685291176007, block=minecraft:dirt, pos=531, 67, 121}
[11:40:55] [Server thread/INFO]: [AIBot] ACTION event=fake_player_jump bot=Bob {to=class_2338{x=531, y=69, z=121}, from=class_2338{x=531, y=68, z=121}, reason=tree_access_pillar_jump}
[11:40:55] [Server thread/INFO]: [AIBot] ACTION event=tree_support_placed bot=Bob {execution=82707092-c8db-49d2-b789-8da39a31e0b6, tree=80980dea-4a25-46fa-ab97-eeefcc8b4b39:minecraft:overworld:145685291176007, block=minecraft:dirt, pos=531, 68, 121}
[11:40:55] [Server thread/INFO]: [AIBot] ACTION event=tree_log_resolved bot=Bob {tree=80980dea-4a25-46fa-ab97-eeefcc8b4b39:minecraft:overworld:145685291176007, pos=530, 74, 121, execution=82707092-c8db-49d2-b789-8da39a31e0b6}
[11:40:56] [Server thread/INFO]: [AIBot] ACTION event=fake_player_step bot=Bob {to=class_2338{x=530, y=69, z=121}, from=class_2338{x=531, y=69, z=121}, reason=tree_access_support_reentry}
[11:40:56] [Server thread/INFO]: [AIBot] ACTION event=fake_player_step bot=Bob {to=class_2338{x=530, y=68, z=121}, from=class_2338{x=530, y=69, z=121}, reason=tree_access_reverse_cleanup}
[11:40:56] [Server thread/INFO]: [AIBot] ACTION event=tree_support_removed bot=Bob {execution=82707092-c8db-49d2-b789-8da39a31e0b6, tree=80980dea-4a25-46fa-ab97-eeefcc8b4b39:minecraft:overworld:145685291176007, block=minecraft:dirt, pos=530, 68, 121}
[11:40:56] [Server thread/INFO]: [AIBot] ACTION event=fake_player_jump bot=Bob {to=class_2338{x=531, y=69, z=121}, from=class_2338{x=530, y=68, z=121}, reason=tree_access_support_reentry}
[11:40:57] [Server thread/INFO]: [AIBot] ACTION event=fake_player_step bot=Bob {to=class_2338{x=531, y=68, z=121}, from=class_2338{x=531, y=69, z=121}, reason=tree_access_reverse_cleanup}
[11:40:57] [Server thread/INFO]: [AIBot] ACTION event=tree_support_removed bot=Bob {execution=82707092-c8db-49d2-b789-8da39a31e0b6, tree=80980dea-4a25-46fa-ab97-eeefcc8b4b39:minecraft:overworld:145685291176007, block=minecraft:dirt, pos=531, 68, 121}
[11:40:57] [Server thread/INFO]: [AIBot] ACTION event=fake_player_step bot=Bob {to=class_2338{x=530, y=68, z=121}, from=class_2338{x=531, y=68, z=121}, reason=tree_access_support_reentry}
[11:40:58] [Server thread/INFO]: [AIBot] ACTION event=fake_player_step bot=Bob {to=class_2338{x=530, y=67, z=121}, from=class_2338{x=530, y=68, z=121}, reason=tree_access_reverse_cleanup}
[11:40:58] [Server thread/INFO]: [AIBot] ACTION event=tree_support_removed bot=Bob {execution=82707092-c8db-49d2-b789-8da39a31e0b6, tree=80980dea-4a25-46fa-ab97-eeefcc8b4b39:minecraft:overworld:145685291176007, block=minecraft:dirt, pos=530, 67, 121}
[11:40:58] [Server thread/INFO]: [AIBot] ACTION event=fake_player_jump bot=Bob {to=class_2338{x=531, y=68, z=121}, from=class_2338{x=530, y=67, z=121}, reason=tree_access_support_reentry}
[11:40:59] [Server thread/INFO]: [AIBot] ACTION event=fake_player_step bot=Bob {to=class_2338{x=531, y=67, z=121}, from=class_2338{x=531, y=68, z=121}, reason=tree_access_reverse_cleanup}
[11:40:59] [Server thread/INFO]: [AIBot] ACTION event=tree_support_removed bot=Bob {execution=82707092-c8db-49d2-b789-8da39a31e0b6, tree=80980dea-4a25-46fa-ab97-eeefcc8b4b39:minecraft:overworld:145685291176007, block=minecraft:dirt, pos=531, 67, 121}
[11:40:59] [Server thread/INFO]: [AIBot] ACTION event=tree_workset_complete bot=Bob {tree=80980dea-4a25-46fa-ab97-eeefcc8b4b39:minecraft:overworld:145685291176007, execution=82707092-c8db-49d2-b789-8da39a31e0b6, have=8/1}
[11:40:59] [Server thread/INFO]: [AIBot] TASK event=task_completed bot=Bob {elapsed_ticks=352, name=gather}
[11:41:39] [Server thread/INFO]: [AIBot] TASK event=task_assigned bot=Bob {origin=LLM_TOOL, params=Gathering minecraft:oak_log 0/1 phase=SURVEY, origin_reason=external_dsh:7a04a0f7-3b9b-4d83-8522-c624ace8d206, name=gather}
