[22:21:53] [Server thread/INFO]: [AIBot] ACTION event=tree_workset_acquired bot=Bob {logs=4, tree=80980dea-4a25-46fa-ab97-eeefcc8b4b39:minecraft:overworld:145685291176005, execution=3f024b4f-d525-4c94-b18b-70bd1c7f2289}
[22:21:56] [Server thread/INFO]: [AIBot] ACTION event=tree_log_resolved bot=Bob {tree=80980dea-4a25-46fa-ab97-eeefcc8b4b39:minecraft:overworld:145685291176005, execution=3f024b4f-d525-4c94-b18b-70bd1c7f2289, pos=530, 69, 121}
[22:22:00] [Server thread/INFO]: [AIBot] TASK event=task_completed bot=Bob {elapsed_ticks=71, name=evade}
[22:22:00] [Server thread/INFO]: [AIBot] TASK event=task_resumed bot=Bob {user_paused=false, name=gather, stack_depth=0, origin=LLM_TOOL}
[22:22:01] [Server thread/INFO]: [AIBot] TASK event=task_paused bot=Bob {why=threat: HOSTILE, name=gather, stack_depth=1, origin=LLM_TOOL}
[22:22:01] [Server thread/INFO]: [AIBot] TASK event=task_assigned bot=Bob {origin=SAFETY, name=evade, origin_reason=threat:HOSTILE, params=Evading HOSTILE toward 550,69,136}
[22:22:01] [Server thread/INFO]: [AIBot] DANGER event=threat_detected bot=Bob {type=HOSTILE, source=class_2338{x=531, y=68, z=126}, decision=evade, severity=MEDIUM}
[22:22:03] [Server thread/INFO]: [AIBot] ACTION event=diag_snapshot bot=Bob {task_progress=0.2, goal=none, task_phase=, in_lava=false, step=, light=15, submerged=false, task_state=RUNNING, held=empty, fall=0.0, pos=547,68,133, on_ground=true, hp=17.5/20.0, mining_idle=true, nearby=animals=0 hostiles=1(zombie@14), inv=minecraft:dirtx8, path_idle=false, food=16, air=300, mode=survival, task=evade}
[22:22:03] [Server thread/INFO]: [AIBot] TASK event=task_completed bot=Bob {elapsed_ticks=39, name=evade}
[22:22:03] [Server thread/INFO]: [AIBot] TASK event=task_resumed bot=Bob {user_paused=false, name=gather, stack_depth=0, origin=LLM_TOOL}
[22:22:04] [Server thread/INFO]: [AIBot] TASK event=task_paused bot=Bob {why=threat: HOSTILE, name=gather, stack_depth=1, origin=LLM_TOOL}
[22:22:04] [Server thread/INFO]: [AIBot] TASK event=task_assigned bot=Bob {origin=SAFETY, name=evade, origin_reason=threat:HOSTILE, params=Evading HOSTILE toward 556,67,136}
[22:22:04] [Server thread/INFO]: [AIBot] DANGER event=threat_detected bot=Bob {type=HOSTILE, source=class_2338{x=535, y=67, z=130}, decision=evade, severity=MEDIUM}
[22:22:05] [Server thread/INFO]: [AIBot] ACTION event=diag_snapshot bot=Bob {task_progress=0.1, goal=none, task_phase=, in_lava=false, step=, light=15, submerged=false, task_state=RUNNING, held=empty, fall=0.0, pos=548,68,134, on_ground=true, hp=17.5/20.0, mining_idle=true, nearby=animals=0 hostiles=1(zombie@12), inv=minecraft:dirtx8, path_idle=false, food=16, air=300, mode=survival, task=evade}
[22:22:06] [Server thread/INFO]: [AIBot] TASK event=task_completed bot=Bob {elapsed_ticks=39, name=evade}
[22:22:06] [Server thread/INFO]: [AIBot] TASK event=task_resumed bot=Bob {user_paused=false, name=gather, stack_depth=0, origin=LLM_TOOL}
[22:22:07] [Server thread/INFO]: [AIBot] TASK event=task_paused bot=Bob {why=threat: HOSTILE, name=gather, stack_depth=1, origin=LLM_TOOL}
[22:22:07] [Server thread/INFO]: [AIBot] TASK event=task_assigned bot=Bob {origin=SAFETY, name=evade, origin_reason=threat:HOSTILE, params=Evading HOSTILE toward 560,66,132}
[22:22:07] [Server thread/INFO]: [AIBot] DANGER event=threat_detected bot=Bob {type=HOSTILE, source=class_2338{x=540, y=68, z=132}, decision=evade, severity=MEDIUM}
[22:22:08] [Server thread/INFO]: [AIBot] TASK event=task_completed bot=Bob {elapsed_ticks=28, name=evade}
[22:22:08] [Server thread/INFO]: [AIBot] TASK event=task_resumed bot=Bob {user_paused=false, name=gather, stack_depth=0, origin=LLM_TOOL}
[22:22:09] [Server thread/INFO]: [AIBot] TASK event=task_paused bot=Bob {why=threat: HOSTILE, name=gather, stack_depth=1, origin=LLM_TOOL}
[22:22:09] [Server thread/INFO]: [AIBot] TASK event=task_assigned bot=Bob {origin=SAFETY, name=evade, origin_reason=threat:HOSTILE, params=Evading HOSTILE toward 565,65,133}
[22:22:09] [Server thread/INFO]: [AIBot] DANGER event=threat_detected bot=Bob {type=HOSTILE, source=class_2338{x=545, y=68, z=132}, decision=evade, severity=MEDIUM}
[22:22:11] [Server thread/INFO]: [AIBot] TASK event=task_completed bot=Bob {elapsed_ticks=31, name=evade}
[22:22:11] [Server thread/INFO]: [AIBot] TASK event=task_resumed bot=Bob {user_paused=false, name=gather, stack_depth=0, origin=LLM_TOOL}
[22:22:12] [Server thread/INFO]: [AIBot] TASK event=task_paused bot=Bob {why=threat: HOSTILE, name=gather, stack_depth=1, origin=LLM_TOOL}
[22:22:12] [Server thread/INFO]: [AIBot] TASK event=task_assigned bot=Bob {origin=SAFETY, name=evade, origin_reason=threat:HOSTILE, params=Evading HOSTILE toward 569,63,131}
[22:22:12] [Server thread/INFO]: [AIBot] DANGER event=threat_detected bot=Bob {type=HOSTILE, source=class_2338{x=551, y=68, z=132}, decision=evade, severity=MEDIUM}
[22:22:13] [Server thread/INFO]: [AIBot] ACTION event=diag_snapshot bot=Bob {task_progress=0.1, goal=none, task_phase=, in_lava=false, step=, light=15, submerged=false, task_state=RUNNING, held=empty, fall=0.0, pos=566,64,131, on_ground=true, hp=17.5/20.0, mining_idle=true, nearby=animals=0 hostiles=1(zombie@13), inv=minecraft:dirtx8, path_idle=false, food=16, air=300, mode=survival, task=evade}
[22:22:13] [Server thread/INFO]: [AIBot] TASK event=task_completed bot=Bob {elapsed_ticks=26, name=evade}
[22:22:13] [Server thread/INFO]: [AIBot] TASK event=task_resumed bot=Bob {user_paused=false, name=gather, stack_depth=0, origin=LLM_TOOL}
[22:22:14] [Server thread/INFO]: [AIBot] TASK event=task_paused bot=Bob {why=threat: HOSTILE, name=gather, stack_depth=1, origin=LLM_TOOL}
[22:22:14] [Server thread/INFO]: [AIBot] TASK event=task_assigned bot=Bob {origin=SAFETY, name=evade, origin_reason=threat:HOSTILE, params=Evading HOSTILE toward 566,64,142}
[22:22:14] [Server thread/INFO]: [AIBot] DANGER event=threat_detected bot=Bob {type=HOSTILE, source=class_2338{x=555, y=67, z=132}, decision=evade, severity=MEDIUM}
[22:22:15] [Server thread/INFO]: [AIBot] ACTION event=diag_snapshot bot=Bob {task_progress=0.1, goal=none, task_phase=, in_lava=false, step=, light=13, submerged=false, task_state=RUNNING, held=empty, fall=0.0, pos=565,65,135, on_ground=true, hp=17.5/20.0, mining_idle=true, nearby=animals=0 hostiles=1(zombie@8), inv=minecraft:dirtx8, path_idle=false, food=16, air=300, mode=survival, task=evade}
[22:22:16] [Server thread/INFO]: [AIBot] TASK event=task_completed bot=Bob {elapsed_ticks=40, name=evade}
[22:22:16] [Server thread/INFO]: [AIBot] TASK event=task_resumed bot=Bob {user_paused=false, name=gather, stack_depth=0, origin=LLM_TOOL}
[22:22:26] [Server thread/INFO]: [AIBot] ACTION event=tree_log_resolved bot=Bob {tree=80980dea-4a25-46fa-ab97-eeefcc8b4b39:minecraft:overworld:145685291176005, execution=3f024b4f-d525-4c94-b18b-70bd1c7f2289, pos=530, 68, 121}
[22:22:31] [Server thread/INFO]: [AIBot] ACTION event=tree_log_resolved bot=Bob {tree=80980dea-4a25-46fa-ab97-eeefcc8b4b39:minecraft:overworld:145685291176005, execution=3f024b4f-d525-4c94-b18b-70bd1c7f2289, pos=530, 70, 121}
[22:22:34] [Server thread/INFO]: [AIBot] ACTION event=tree_log_resolved bot=Bob {tree=80980dea-4a25-46fa-ab97-eeefcc8b4b39:minecraft:overworld:145685291176005, execution=3f024b4f-d525-4c94-b18b-70bd1c7f2289, pos=530, 71, 121}
[22:22:34] [Server thread/INFO]: [AIBot] ACTION event=tree_workset_complete bot=Bob {tree=80980dea-4a25-46fa-ab97-eeefcc8b4b39:minecraft:overworld:145685291176005, have=3/1, execution=3f024b4f-d525-4c94-b18b-70bd1c7f2289}
