[22:00:56] [Server thread/INFO]: [AIBot] TASK event=task_assigned bot=Bob {origin=LLM_TOOL, name=gather, origin_reason=external_dsh:48daa2d5-0ce8-48eb-a2db-c0bcae291e23, params=Gathering minecraft:oak_log 4/1 phase=DONE}
[22:01:35] [Server thread/INFO]: [AIBot] TASK event=task_assigned bot=Bob {origin=LLM_TOOL, name=gather, origin_reason=external_dsh:2c36c75f-967a-4c60-926e-d874cc912f25, params=Gathering minecraft:oak_log 0/1 phase=SURVEY}
[22:01:36] [Server thread/INFO]: [AIBot] ACTION event=tree_workset_acquired bot=Bob {logs=5, tree=80980dea-4a25-46fa-ab97-eeefcc8b4b39:minecraft:overworld:147609436508228, execution=2c36c75f-967a-4c60-926e-d874cc912f25}
[22:01:36] [Server thread/INFO]: [AIBot] ACTION event=tree_log_resolved bot=Bob {tree=80980dea-4a25-46fa-ab97-eeefcc8b4b39:minecraft:overworld:147609436508228, execution=2c36c75f-967a-4c60-926e-d874cc912f25, pos=537, 68, 117}
[22:01:37] [Server thread/INFO]: [AIBot] ACTION event=tree_log_resolved bot=Bob {tree=80980dea-4a25-46fa-ab97-eeefcc8b4b39:minecraft:overworld:147609436508228, execution=2c36c75f-967a-4c60-926e-d874cc912f25, pos=537, 69, 117}
[22:01:38] [Server thread/INFO]: [AIBot] ACTION event=tree_log_resolved bot=Bob {tree=80980dea-4a25-46fa-ab97-eeefcc8b4b39:minecraft:overworld:147609436508228, execution=2c36c75f-967a-4c60-926e-d874cc912f25, pos=537, 70, 117}
[22:01:40] [Server thread/INFO]: [AIBot] ACTION event=tree_log_resolved bot=Bob {tree=80980dea-4a25-46fa-ab97-eeefcc8b4b39:minecraft:overworld:147609436508228, execution=2c36c75f-967a-4c60-926e-d874cc912f25, pos=537, 71, 117}
[22:01:41] [Server thread/INFO]: [AIBot] ACTION event=tree_log_resolved bot=Bob {tree=80980dea-4a25-46fa-ab97-eeefcc8b4b39:minecraft:overworld:147609436508228, execution=2c36c75f-967a-4c60-926e-d874cc912f25, pos=537, 72, 117}
[22:01:42] [Server thread/INFO]: [AIBot] ACTION event=tree_workset_complete bot=Bob {tree=80980dea-4a25-46fa-ab97-eeefcc8b4b39:minecraft:overworld:147609436508228, have=5/1, execution=2c36c75f-967a-4c60-926e-d874cc912f25}
[22:02:18] [Server thread/INFO]: [AIBot] TASK event=task_assigned bot=Bob {origin=LLM_TOOL, name=gather, origin_reason=external_dsh:692bf94e-9bdb-4a08-9313-8e7fd9ede9ea, params=Gathering minecraft:oak_log 0/1 phase=SURVEY}
[22:02:18] [Server thread/INFO]: [AIBot] ACTION event=tree_workset_acquired bot=Bob {logs=6, tree=80980dea-4a25-46fa-ab97-eeefcc8b4b39:minecraft:overworld:147334558584900, execution=692bf94e-9bdb-4a08-9313-8e7fd9ede9ea}
[22:02:18] [Server thread/INFO]: [AIBot] ACTION event=tree_log_resolved bot=Bob {tree=80980dea-4a25-46fa-ab97-eeefcc8b4b39:minecraft:overworld:147334558584900, execution=692bf94e-9bdb-4a08-9313-8e7fd9ede9ea, pos=536, 68, 113}
[22:02:19] [Server thread/INFO]: [AIBot] ACTION event=tree_log_resolved bot=Bob {tree=80980dea-4a25-46fa-ab97-eeefcc8b4b39:minecraft:overworld:147334558584900, execution=692bf94e-9bdb-4a08-9313-8e7fd9ede9ea, pos=536, 69, 113}
[22:02:21] [Server thread/INFO]: [AIBot] ACTION event=tree_log_resolved bot=Bob {tree=80980dea-4a25-46fa-ab97-eeefcc8b4b39:minecraft:overworld:147334558584900, execution=692bf94e-9bdb-4a08-9313-8e7fd9ede9ea, pos=536, 70, 113}
[22:02:22] [Server thread/INFO]: [AIBot] ACTION event=tree_log_resolved bot=Bob {tree=80980dea-4a25-46fa-ab97-eeefcc8b4b39:minecraft:overworld:147334558584900, execution=692bf94e-9bdb-4a08-9313-8e7fd9ede9ea, pos=536, 71, 113}
[22:02:23] [Server thread/INFO]: [AIBot] ACTION event=tree_log_resolved bot=Bob {tree=80980dea-4a25-46fa-ab97-eeefcc8b4b39:minecraft:overworld:147334558584900, execution=692bf94e-9bdb-4a08-9313-8e7fd9ede9ea, pos=536, 72, 113}
[22:02:24] [Server thread/INFO]: [AIBot] ACTION event=tree_log_resolved bot=Bob {tree=80980dea-4a25-46fa-ab97-eeefcc8b4b39:minecraft:overworld:147334558584900, execution=692bf94e-9bdb-4a08-9313-8e7fd9ede9ea, pos=536, 73, 113}
[22:02:25] [Server thread/INFO]: [AIBot] ACTION event=tree_workset_complete bot=Bob {tree=80980dea-4a25-46fa-ab97-eeefcc8b4b39:minecraft:overworld:147334558584900, have=6/1, execution=692bf94e-9bdb-4a08-9313-8e7fd9ede9ea}
[22:03:01] [Server thread/INFO]: [AIBot] TASK event=task_assigned bot=Bob {origin=LLM_TOOL, name=gather, origin_reason=external_dsh:478c62bc-05f9-4761-aeb5-51401ddb86a8, params=Gathering minecraft:oak_log 0/1 phase=SURVEY}
[22:03:01] [Server thread/INFO]: [AIBot] ACTION event=tree_workset_acquired bot=Bob {logs=8, tree=80980dea-4a25-46fa-ab97-eeefcc8b4b39:minecraft:overworld:145685291135044, execution=478c62bc-05f9-4761-aeb5-51401ddb86a8}
[22:03:02] [Server thread/INFO]: [AIBot] ACTION event=tree_log_resolved bot=Bob {tree=80980dea-4a25-46fa-ab97-eeefcc8b4b39:minecraft:overworld:145685291135044, execution=478c62bc-05f9-4761-aeb5-51401ddb86a8, pos=530, 68, 111}
[22:03:03] [Server thread/INFO]: [AIBot] ACTION event=tree_log_resolved bot=Bob {tree=80980dea-4a25-46fa-ab97-eeefcc8b4b39:minecraft:overworld:145685291135044, execution=478c62bc-05f9-4761-aeb5-51401ddb86a8, pos=530, 69, 111}
[22:03:04] [Server thread/INFO]: [AIBot] ACTION event=tree_log_resolved bot=Bob {tree=80980dea-4a25-46fa-ab97-eeefcc8b4b39:minecraft:overworld:145685291135044, execution=478c62bc-05f9-4761-aeb5-51401ddb86a8, pos=530, 70, 111}
[22:03:05] [Server thread/INFO]: [AIBot] ACTION event=tree_log_resolved bot=Bob {tree=80980dea-4a25-46fa-ab97-eeefcc8b4b39:minecraft:overworld:145685291135044, execution=478c62bc-05f9-4761-aeb5-51401ddb86a8, pos=530, 71, 111}
[22:03:06] [Server thread/INFO]: [AIBot] ACTION event=tree_log_resolved bot=Bob {tree=80980dea-4a25-46fa-ab97-eeefcc8b4b39:minecraft:overworld:145685291135044, execution=478c62bc-05f9-4761-aeb5-51401ddb86a8, pos=530, 72, 111}
[22:03:08] [Server thread/INFO]: [AIBot] ACTION event=tree_log_resolved bot=Bob {tree=80980dea-4a25-46fa-ab97-eeefcc8b4b39:minecraft:overworld:145685291135044, execution=478c62bc-05f9-4761-aeb5-51401ddb86a8, pos=530, 73, 111}
[22:03:09] [Server thread/INFO]: [AIBot] ACTION event=tree_support_placed bot=Bob {execution=478c62bc-05f9-4761-aeb5-51401ddb86a8, pos=530, 68, 111, block=minecraft:dirt, tree=80980dea-4a25-46fa-ab97-eeefcc8b4b39:minecraft:overworld:145685291135044}
[22:03:09] [Server thread/INFO]: [AIBot] ACTION event=tree_support_removed bot=Bob {execution=478c62bc-05f9-4761-aeb5-51401ddb86a8, pos=530, 68, 111, block=minecraft:dirt, tree=80980dea-4a25-46fa-ab97-eeefcc8b4b39:minecraft:overworld:145685291135044}
[22:03:09] [Server thread/INFO]: [AIBot] ACTION event=tree_support_placed bot=Bob {execution=478c62bc-05f9-4761-aeb5-51401ddb86a8, pos=530, 68, 111, block=minecraft:dirt, tree=80980dea-4a25-46fa-ab97-eeefcc8b4b39:minecraft:overworld:145685291135044}
[22:03:10] [Server thread/INFO]: [AIBot] ACTION event=tree_support_removed bot=Bob {execution=478c62bc-05f9-4761-aeb5-51401ddb86a8, pos=530, 68, 111, block=minecraft:dirt, tree=80980dea-4a25-46fa-ab97-eeefcc8b4b39:minecraft:overworld:145685291135044}
[22:03:10] [Server thread/INFO]: [AIBot] ACTION event=tree_support_placed bot=Bob {execution=478c62bc-05f9-4761-aeb5-51401ddb86a8, pos=530, 68, 111, block=minecraft:dirt, tree=80980dea-4a25-46fa-ab97-eeefcc8b4b39:minecraft:overworld:145685291135044}
[22:03:11] [Server thread/INFO]: [AIBot] ACTION event=tree_support_removed bot=Bob {execution=478c62bc-05f9-4761-aeb5-51401ddb86a8, pos=530, 68, 111, block=minecraft:dirt, tree=80980dea-4a25-46fa-ab97-eeefcc8b4b39:minecraft:overworld:145685291135044}
[22:03:11] [Server thread/INFO]: [AIBot] ACTION event=tree_support_placed bot=Bob {execution=478c62bc-05f9-4761-aeb5-51401ddb86a8, pos=530, 68, 111, block=minecraft:dirt, tree=80980dea-4a25-46fa-ab97-eeefcc8b4b39:minecraft:overworld:145685291135044}
[22:03:12] [Server thread/INFO]: [AIBot] ACTION event=tree_support_removed bot=Bob {execution=478c62bc-05f9-4761-aeb5-51401ddb86a8, pos=530, 68, 111, block=minecraft:dirt, tree=80980dea-4a25-46fa-ab97-eeefcc8b4b39:minecraft:overworld:145685291135044}
[22:03:12] [Server thread/INFO]: [AIBot] ACTION event=tree_support_placed bot=Bob {execution=478c62bc-05f9-4761-aeb5-51401ddb86a8, pos=530, 68, 111, block=minecraft:dirt, tree=80980dea-4a25-46fa-ab97-eeefcc8b4b39:minecraft:overworld:145685291135044}
[22:03:13] [Server thread/INFO]: [AIBot] ACTION event=tree_support_removed bot=Bob {execution=478c62bc-05f9-4761-aeb5-51401ddb86a8, pos=530, 68, 111, block=minecraft:dirt, tree=80980dea-4a25-46fa-ab97-eeefcc8b4b39:minecraft:overworld:145685291135044}
[22:03:13] [Server thread/INFO]: [AIBot] ACTION event=tree_support_placed bot=Bob {execution=478c62bc-05f9-4761-aeb5-51401ddb86a8, pos=530, 68, 111, block=minecraft:dirt, tree=80980dea-4a25-46fa-ab97-eeefcc8b4b39:minecraft:overworld:145685291135044}
[22:03:14] [Server thread/INFO]: [AIBot] ACTION event=tree_support_removed bot=Bob {execution=478c62bc-05f9-4761-aeb5-51401ddb86a8, pos=530, 68, 111, block=minecraft:dirt, tree=80980dea-4a25-46fa-ab97-eeefcc8b4b39:minecraft:overworld:145685291135044}
[22:03:14] [Server thread/INFO]: [AIBot] ACTION event=tree_support_placed bot=Bob {execution=478c62bc-05f9-4761-aeb5-51401ddb86a8, pos=530, 68, 111, block=minecraft:dirt, tree=80980dea-4a25-46fa-ab97-eeefcc8b4b39:minecraft:overworld:145685291135044}
[22:03:15] [Server thread/INFO]: [AIBot] ACTION event=tree_support_removed bot=Bob {execution=478c62bc-05f9-4761-aeb5-51401ddb86a8, pos=530, 68, 111, block=minecraft:dirt, tree=80980dea-4a25-46fa-ab97-eeefcc8b4b39:minecraft:overworld:145685291135044}
[22:03:15] [Server thread/INFO]: [AIBot] ACTION event=tree_support_placed bot=Bob {execution=478c62bc-05f9-4761-aeb5-51401ddb86a8, pos=530, 68, 111, block=minecraft:dirt, tree=80980dea-4a25-46fa-ab97-eeefcc8b4b39:minecraft:overworld:145685291135044}
[22:03:16] [Server thread/INFO]: [AIBot] ACTION event=tree_support_removed bot=Bob {execution=478c62bc-05f9-4761-aeb5-51401ddb86a8, pos=530, 68, 111, block=minecraft:dirt, tree=80980dea-4a25-46fa-ab97-eeefcc8b4b39:minecraft:overworld:145685291135044}
[22:03:16] [Server thread/INFO]: [AIBot] ACTION event=tree_support_placed bot=Bob {execution=478c62bc-05f9-4761-aeb5-51401ddb86a8, pos=530, 68, 111, block=minecraft:dirt, tree=80980dea-4a25-46fa-ab97-eeefcc8b4b39:minecraft:overworld:145685291135044}
[22:03:17] [Server thread/INFO]: [AIBot] ACTION event=tree_support_removed bot=Bob {execution=478c62bc-05f9-4761-aeb5-51401ddb86a8, pos=530, 68, 111, block=minecraft:dirt, tree=80980dea-4a25-46fa-ab97-eeefcc8b4b39:minecraft:overworld:145685291135044}
[22:03:17] [Server thread/INFO]: [AIBot] ACTION event=tree_support_placed bot=Bob {execution=478c62bc-05f9-4761-aeb5-51401ddb86a8, pos=530, 68, 111, block=minecraft:dirt, tree=80980dea-4a25-46fa-ab97-eeefcc8b4b39:minecraft:overworld:145685291135044}
[22:03:17] [Server thread/INFO]: [AIBot] ACTION event=tree_support_removed bot=Bob {execution=478c62bc-05f9-4761-aeb5-51401ddb86a8, pos=530, 68, 111, block=minecraft:dirt, tree=80980dea-4a25-46fa-ab97-eeefcc8b4b39:minecraft:overworld:145685291135044}
[22:03:18] [Server thread/INFO]: [AIBot] ACTION event=tree_support_placed bot=Bob {execution=478c62bc-05f9-4761-aeb5-51401ddb86a8, pos=530, 68, 111, block=minecraft:dirt, tree=80980dea-4a25-46fa-ab97-eeefcc8b4b39:minecraft:overworld:145685291135044}
[22:03:18] [Server thread/INFO]: [AIBot] ACTION event=tree_support_removed bot=Bob {execution=478c62bc-05f9-4761-aeb5-51401ddb86a8, pos=530, 68, 111, block=minecraft:dirt, tree=80980dea-4a25-46fa-ab97-eeefcc8b4b39:minecraft:overworld:145685291135044}
[22:03:18] [Server thread/INFO]: [AIBot] ACTION event=tree_support_placed bot=Bob {execution=478c62bc-05f9-4761-aeb5-51401ddb86a8, pos=530, 68, 111, block=minecraft:dirt, tree=80980dea-4a25-46fa-ab97-eeefcc8b4b39:minecraft:overworld:145685291135044}
[22:03:19] [Server thread/INFO]: [AIBot] ACTION event=tree_support_removed bot=Bob {execution=478c62bc-05f9-4761-aeb5-51401ddb86a8, pos=530, 68, 111, block=minecraft:dirt, tree=80980dea-4a25-46fa-ab97-eeefcc8b4b39:minecraft:overworld:145685291135044}
[22:03:19] [Server thread/INFO]: [AIBot] ACTION event=tree_support_placed bot=Bob {execution=478c62bc-05f9-4761-aeb5-51401ddb86a8, pos=530, 68, 111, block=minecraft:dirt, tree=80980dea-4a25-46fa-ab97-eeefcc8b4b39:minecraft:overworld:145685291135044}
[22:03:20] [Server thread/INFO]: [AIBot] ACTION event=tree_support_removed bot=Bob {execution=478c62bc-05f9-4761-aeb5-51401ddb86a8, pos=530, 68, 111, block=minecraft:dirt, tree=80980dea-4a25-46fa-ab97-eeefcc8b4b39:minecraft:overworld:145685291135044}
[22:03:20] [Server thread/INFO]: [AIBot] ACTION event=tree_support_placed bot=Bob {execution=478c62bc-05f9-4761-aeb5-51401ddb86a8, pos=530, 68, 111, block=minecraft:dirt, tree=80980dea-4a25-46fa-ab97-eeefcc8b4b39:minecraft:overworld:145685291135044}
[22:03:21] [Server thread/INFO]: [AIBot] ACTION event=tree_support_removed bot=Bob {execution=478c62bc-05f9-4761-aeb5-51401ddb86a8, pos=530, 68, 111, block=minecraft:dirt, tree=80980dea-4a25-46fa-ab97-eeefcc8b4b39:minecraft:overworld:145685291135044}
[22:03:21] [Server thread/INFO]: [AIBot] ACTION event=tree_support_placed bot=Bob {execution=478c62bc-05f9-4761-aeb5-51401ddb86a8, pos=530, 68, 111, block=minecraft:dirt, tree=80980dea-4a25-46fa-ab97-eeefcc8b4b39:minecraft:overworld:145685291135044}
[22:03:22] [Server thread/INFO]: [AIBot] ACTION event=tree_support_removed bot=Bob {execution=478c62bc-05f9-4761-aeb5-51401ddb86a8, pos=530, 68, 111, block=minecraft:dirt, tree=80980dea-4a25-46fa-ab97-eeefcc8b4b39:minecraft:overworld:145685291135044}
[22:03:22] [Server thread/INFO]: [AIBot] ACTION event=tree_support_placed bot=Bob {execution=478c62bc-05f9-4761-aeb5-51401ddb86a8, pos=530, 68, 111, block=minecraft:dirt, tree=80980dea-4a25-46fa-ab97-eeefcc8b4b39:minecraft:overworld:145685291135044}
[22:03:23] [Server thread/INFO]: [AIBot] ACTION event=tree_support_removed bot=Bob {execution=478c62bc-05f9-4761-aeb5-51401ddb86a8, pos=530, 68, 111, block=minecraft:dirt, tree=80980dea-4a25-46fa-ab97-eeefcc8b4b39:minecraft:overworld:145685291135044}
[22:03:23] [Server thread/INFO]: [AIBot] ACTION event=tree_support_placed bot=Bob {execution=478c62bc-05f9-4761-aeb5-51401ddb86a8, pos=530, 68, 111, block=minecraft:dirt, tree=80980dea-4a25-46fa-ab97-eeefcc8b4b39:minecraft:overworld:145685291135044}
[22:03:24] [Server thread/INFO]: [AIBot] ACTION event=tree_support_removed bot=Bob {execution=478c62bc-05f9-4761-aeb5-51401ddb86a8, pos=530, 68, 111, block=minecraft:dirt, tree=80980dea-4a25-46fa-ab97-eeefcc8b4b39:minecraft:overworld:145685291135044}
[22:03:24] [Server thread/INFO]: [AIBot] ACTION event=tree_support_placed bot=Bob {execution=478c62bc-05f9-4761-aeb5-51401ddb86a8, pos=530, 68, 111, block=minecraft:dirt, tree=80980dea-4a25-46fa-ab97-eeefcc8b4b39:minecraft:overworld:145685291135044}
[22:03:25] [Server thread/INFO]: [AIBot] ACTION event=tree_support_removed bot=Bob {execution=478c62bc-05f9-4761-aeb5-51401ddb86a8, pos=530, 68, 111, block=minecraft:dirt, tree=80980dea-4a25-46fa-ab97-eeefcc8b4b39:minecraft:overworld:145685291135044}
[22:03:25] [Server thread/INFO]: [AIBot] ACTION event=tree_support_placed bot=Bob {execution=478c62bc-05f9-4761-aeb5-51401ddb86a8, pos=530, 68, 111, block=minecraft:dirt, tree=80980dea-4a25-46fa-ab97-eeefcc8b4b39:minecraft:overworld:145685291135044}
[22:03:26] [Server thread/INFO]: [AIBot] ACTION event=tree_support_removed bot=Bob {execution=478c62bc-05f9-4761-aeb5-51401ddb86a8, pos=530, 68, 111, block=minecraft:dirt, tree=80980dea-4a25-46fa-ab97-eeefcc8b4b39:minecraft:overworld:145685291135044}
[22:03:26] [Server thread/INFO]: [AIBot] ACTION event=tree_support_placed bot=Bob {execution=478c62bc-05f9-4761-aeb5-51401ddb86a8, pos=530, 68, 111, block=minecraft:dirt, tree=80980dea-4a25-46fa-ab97-eeefcc8b4b39:minecraft:overworld:145685291135044}
[22:03:26] [Server thread/INFO]: [AIBot] ACTION event=tree_support_removed bot=Bob {execution=478c62bc-05f9-4761-aeb5-51401ddb86a8, pos=530, 68, 111, block=minecraft:dirt, tree=80980dea-4a25-46fa-ab97-eeefcc8b4b39:minecraft:overworld:145685291135044}
[22:03:27] [Server thread/INFO]: [AIBot] ACTION event=tree_support_placed bot=Bob {execution=478c62bc-05f9-4761-aeb5-51401ddb86a8, pos=530, 68, 111, block=minecraft:dirt, tree=80980dea-4a25-46fa-ab97-eeefcc8b4b39:minecraft:overworld:145685291135044}
[22:03:27] [Server thread/INFO]: [AIBot] ACTION event=tree_support_removed bot=Bob {execution=478c62bc-05f9-4761-aeb5-51401ddb86a8, pos=530, 68, 111, block=minecraft:dirt, tree=80980dea-4a25-46fa-ab97-eeefcc8b4b39:minecraft:overworld:145685291135044}
[22:03:27] [Server thread/INFO]: [AIBot] ACTION event=tree_support_placed bot=Bob {execution=478c62bc-05f9-4761-aeb5-51401ddb86a8, pos=530, 68, 111, block=minecraft:dirt, tree=80980dea-4a25-46fa-ab97-eeefcc8b4b39:minecraft:overworld:145685291135044}
[22:03:28] [Server thread/INFO]: [AIBot] ACTION event=tree_support_removed bot=Bob {execution=478c62bc-05f9-4761-aeb5-51401ddb86a8, pos=530, 68, 111, block=minecraft:dirt, tree=80980dea-4a25-46fa-ab97-eeefcc8b4b39:minecraft:overworld:145685291135044}
[22:03:28] [Server thread/INFO]: [AIBot] ACTION event=tree_support_placed bot=Bob {execution=478c62bc-05f9-4761-aeb5-51401ddb86a8, pos=530, 68, 111, block=minecraft:dirt, tree=80980dea-4a25-46fa-ab97-eeefcc8b4b39:minecraft:overworld:145685291135044}
[22:03:29] [Server thread/INFO]: [AIBot] ACTION event=tree_support_removed bot=Bob {execution=478c62bc-05f9-4761-aeb5-51401ddb86a8, pos=530, 68, 111, block=minecraft:dirt, tree=80980dea-4a25-46fa-ab97-eeefcc8b4b39:minecraft:overworld:145685291135044}
[22:03:29] [Server thread/INFO]: [AIBot] ACTION event=tree_support_placed bot=Bob {execution=478c62bc-05f9-4761-aeb5-51401ddb86a8, pos=530, 68, 111, block=minecraft:dirt, tree=80980dea-4a25-46fa-ab97-eeefcc8b4b39:minecraft:overworld:145685291135044}
[22:03:30] [Server thread/INFO]: [AIBot] ACTION event=tree_support_removed bot=Bob {execution=478c62bc-05f9-4761-aeb5-51401ddb86a8, pos=530, 68, 111, block=minecraft:dirt, tree=80980dea-4a25-46fa-ab97-eeefcc8b4b39:minecraft:overworld:145685291135044}
[22:03:30] [Server thread/INFO]: [AIBot] ACTION event=tree_support_placed bot=Bob {execution=478c62bc-05f9-4761-aeb5-51401ddb86a8, pos=530, 68, 111, block=minecraft:dirt, tree=80980dea-4a25-46fa-ab97-eeefcc8b4b39:minecraft:overworld:145685291135044}
[22:03:31] [Server thread/INFO]: [AIBot] ACTION event=tree_support_removed bot=Bob {execution=478c62bc-05f9-4761-aeb5-51401ddb86a8, pos=530, 68, 111, block=minecraft:dirt, tree=80980dea-4a25-46fa-ab97-eeefcc8b4b39:minecraft:overworld:145685291135044}
[22:03:31] [Server thread/INFO]: [AIBot] ACTION event=tree_support_placed bot=Bob {execution=478c62bc-05f9-4761-aeb5-51401ddb86a8, pos=530, 68, 111, block=minecraft:dirt, tree=80980dea-4a25-46fa-ab97-eeefcc8b4b39:minecraft:overworld:145685291135044}
[22:03:32] [Server thread/INFO]: [AIBot] ACTION event=tree_support_removed bot=Bob {execution=478c62bc-05f9-4761-aeb5-51401ddb86a8, pos=530, 68, 111, block=minecraft:dirt, tree=80980dea-4a25-46fa-ab97-eeefcc8b4b39:minecraft:overworld:145685291135044}
[22:03:32] [Server thread/INFO]: [AIBot] ACTION event=tree_support_placed bot=Bob {execution=478c62bc-05f9-4761-aeb5-51401ddb86a8, pos=530, 68, 111, block=minecraft:dirt, tree=80980dea-4a25-46fa-ab97-eeefcc8b4b39:minecraft:overworld:145685291135044}
[22:03:33] [Server thread/INFO]: [AIBot] ACTION event=tree_support_removed bot=Bob {execution=478c62bc-05f9-4761-aeb5-51401ddb86a8, pos=530, 68, 111, block=minecraft:dirt, tree=80980dea-4a25-46fa-ab97-eeefcc8b4b39:minecraft:overworld:145685291135044}
[22:04:31] [Server thread/INFO]: [AIBot] TASK event=task_assigned bot=Bob {origin=LLM_TOOL, name=gather, origin_reason=external_dsh:a252737d-7fd1-416d-84e8-a23d87283e81, params=Gathering minecraft:oak_log 0/1 phase=SURVEY}
[22:04:33] [Server thread/INFO]: [AIBot] ACTION event=tree_workset_acquired bot=Bob {logs=6, tree=80980dea-4a25-46fa-ab97-eeefcc8b4b39:minecraft:overworld:146509924819010, execution=a252737d-7fd1-416d-84e8-a23d87283e81}
[22:04:33] [Server thread/INFO]: [AIBot] ACTION event=tree_log_resolved bot=Bob {tree=80980dea-4a25-46fa-ab97-eeefcc8b4b39:minecraft:overworld:146509924819010, execution=a252737d-7fd1-416d-84e8-a23d87283e81, pos=533, 66, 102}
[22:04:34] [Server thread/INFO]: [AIBot] ACTION event=tree_log_resolved bot=Bob {tree=80980dea-4a25-46fa-ab97-eeefcc8b4b39:minecraft:overworld:146509924819010, execution=a252737d-7fd1-416d-84e8-a23d87283e81, pos=533, 65, 102}
[22:04:35] [Server thread/INFO]: [AIBot] ACTION event=tree_log_resolved bot=Bob {tree=80980dea-4a25-46fa-ab97-eeefcc8b4b39:minecraft:overworld:146509924819010, execution=a252737d-7fd1-416d-84e8-a23d87283e81, pos=533, 67, 102}
[22:04:37] [Server thread/INFO]: [AIBot] ACTION event=tree_log_resolved bot=Bob {tree=80980dea-4a25-46fa-ab97-eeefcc8b4b39:minecraft:overworld:146509924819010, execution=a252737d-7fd1-416d-84e8-a23d87283e81, pos=533, 68, 102}
[22:04:38] [Server thread/INFO]: [AIBot] ACTION event=tree_log_resolved bot=Bob {tree=80980dea-4a25-46fa-ab97-eeefcc8b4b39:minecraft:overworld:146509924819010, execution=a252737d-7fd1-416d-84e8-a23d87283e81, pos=533, 69, 102}
[22:04:39] [Server thread/INFO]: [AIBot] ACTION event=tree_log_resolved bot=Bob {tree=80980dea-4a25-46fa-ab97-eeefcc8b4b39:minecraft:overworld:146509924819010, execution=a252737d-7fd1-416d-84e8-a23d87283e81, pos=533, 70, 102}
[22:04:40] [Server thread/INFO]: [AIBot] ACTION event=tree_workset_complete bot=Bob {tree=80980dea-4a25-46fa-ab97-eeefcc8b4b39:minecraft:overworld:146509924819010, have=6/1, execution=a252737d-7fd1-416d-84e8-a23d87283e81}
[22:05:26] [Server thread/INFO]: [AIBot] TASK event=task_assigned bot=Bob {origin=LLM_TOOL, name=gather, origin_reason=external_dsh:51e11263-ea41-4fe3-bca1-a7191aa155e2, params=Gathering minecraft:oak_log 0/1 phase=SURVEY}
[22:05:27] [Server thread/INFO]: [AIBot] ACTION event=tree_workset_acquired bot=Bob {logs=8, tree=80980dea-4a25-46fa-ab97-eeefcc8b4b39:minecraft:overworld:145685291135047, execution=51e11263-ea41-4fe3-bca1-a7191aa155e2}
[22:05:27] [Server thread/INFO]: [AIBot] ACTION event=tree_log_resolved bot=Bob {tree=80980dea-4a25-46fa-ab97-eeefcc8b4b39:minecraft:overworld:145685291135047, execution=51e11263-ea41-4fe3-bca1-a7191aa155e2, pos=530, 71, 111}
[22:05:37] [Server thread/INFO]: [AIBot] ACTION event=tree_log_resolved bot=Bob {tree=80980dea-4a25-46fa-ab97-eeefcc8b4b39:minecraft:overworld:145685291135047, execution=51e11263-ea41-4fe3-bca1-a7191aa155e2, pos=530, 68, 111}
[22:05:38] [Server thread/INFO]: [AIBot] ACTION event=tree_log_resolved bot=Bob {tree=80980dea-4a25-46fa-ab97-eeefcc8b4b39:minecraft:overworld:145685291135047, execution=51e11263-ea41-4fe3-bca1-a7191aa155e2, pos=530, 69, 111}
[22:05:39] [Server thread/INFO]: [AIBot] ACTION event=tree_log_resolved bot=Bob {tree=80980dea-4a25-46fa-ab97-eeefcc8b4b39:minecraft:overworld:145685291135047, execution=51e11263-ea41-4fe3-bca1-a7191aa155e2, pos=530, 70, 111}
[22:05:40] [Server thread/INFO]: [AIBot] ACTION event=tree_log_resolved bot=Bob {tree=80980dea-4a25-46fa-ab97-eeefcc8b4b39:minecraft:overworld:145685291135047, execution=51e11263-ea41-4fe3-bca1-a7191aa155e2, pos=530, 72, 111}
[22:05:40] [Server thread/INFO]: [AIBot] ACTION event=tree_log_resolved bot=Bob {tree=80980dea-4a25-46fa-ab97-eeefcc8b4b39:minecraft:overworld:145685291135047, execution=51e11263-ea41-4fe3-bca1-a7191aa155e2, pos=530, 73, 111}
[22:05:41] [Server thread/INFO]: [AIBot] ACTION event=tree_support_placed bot=Bob {execution=51e11263-ea41-4fe3-bca1-a7191aa155e2, pos=530, 68, 111, block=minecraft:dirt, tree=80980dea-4a25-46fa-ab97-eeefcc8b4b39:minecraft:overworld:145685291135047}
[22:05:42] [Server thread/INFO]: [AIBot] ACTION event=tree_support_removed bot=Bob {execution=51e11263-ea41-4fe3-bca1-a7191aa155e2, pos=530, 68, 111, block=minecraft:dirt, tree=80980dea-4a25-46fa-ab97-eeefcc8b4b39:minecraft:overworld:145685291135047}
[22:05:42] [Server thread/INFO]: [AIBot] ACTION event=tree_support_placed bot=Bob {execution=51e11263-ea41-4fe3-bca1-a7191aa155e2, pos=530, 68, 111, block=minecraft:dirt, tree=80980dea-4a25-46fa-ab97-eeefcc8b4b39:minecraft:overworld:145685291135047}
[22:05:42] [Server thread/INFO]: [AIBot] ACTION event=tree_support_removed bot=Bob {execution=51e11263-ea41-4fe3-bca1-a7191aa155e2, pos=530, 68, 111, block=minecraft:dirt, tree=80980dea-4a25-46fa-ab97-eeefcc8b4b39:minecraft:overworld:145685291135047}
[22:05:43] [Server thread/INFO]: [AIBot] ACTION event=tree_support_placed bot=Bob {execution=51e11263-ea41-4fe3-bca1-a7191aa155e2, pos=530, 68, 111, block=minecraft:dirt, tree=80980dea-4a25-46fa-ab97-eeefcc8b4b39:minecraft:overworld:145685291135047}
[22:05:43] [Server thread/INFO]: [AIBot] ACTION event=tree_support_removed bot=Bob {execution=51e11263-ea41-4fe3-bca1-a7191aa155e2, pos=530, 68, 111, block=minecraft:dirt, tree=80980dea-4a25-46fa-ab97-eeefcc8b4b39:minecraft:overworld:145685291135047}
[22:05:43] [Server thread/INFO]: [AIBot] ACTION event=tree_support_placed bot=Bob {execution=51e11263-ea41-4fe3-bca1-a7191aa155e2, pos=530, 68, 111, block=minecraft:dirt, tree=80980dea-4a25-46fa-ab97-eeefcc8b4b39:minecraft:overworld:145685291135047}
[22:05:44] [Server thread/INFO]: [AIBot] ACTION event=tree_support_removed bot=Bob {execution=51e11263-ea41-4fe3-bca1-a7191aa155e2, pos=530, 68, 111, block=minecraft:dirt, tree=80980dea-4a25-46fa-ab97-eeefcc8b4b39:minecraft:overworld:145685291135047}
[22:05:44] [Server thread/INFO]: [AIBot] ACTION event=tree_support_placed bot=Bob {execution=51e11263-ea41-4fe3-bca1-a7191aa155e2, pos=530, 68, 111, block=minecraft:dirt, tree=80980dea-4a25-46fa-ab97-eeefcc8b4b39:minecraft:overworld:145685291135047}
[22:05:45] [Server thread/INFO]: [AIBot] ACTION event=tree_support_removed bot=Bob {execution=51e11263-ea41-4fe3-bca1-a7191aa155e2, pos=530, 68, 111, block=minecraft:dirt, tree=80980dea-4a25-46fa-ab97-eeefcc8b4b39:minecraft:overworld:145685291135047}
[22:05:45] [Server thread/INFO]: [AIBot] ACTION event=tree_support_placed bot=Bob {execution=51e11263-ea41-4fe3-bca1-a7191aa155e2, pos=530, 68, 111, block=minecraft:dirt, tree=80980dea-4a25-46fa-ab97-eeefcc8b4b39:minecraft:overworld:145685291135047}
[22:05:46] [Server thread/INFO]: [AIBot] ACTION event=tree_support_removed bot=Bob {execution=51e11263-ea41-4fe3-bca1-a7191aa155e2, pos=530, 68, 111, block=minecraft:dirt, tree=80980dea-4a25-46fa-ab97-eeefcc8b4b39:minecraft:overworld:145685291135047}
[22:05:46] [Server thread/INFO]: [AIBot] ACTION event=tree_support_placed bot=Bob {execution=51e11263-ea41-4fe3-bca1-a7191aa155e2, pos=530, 68, 111, block=minecraft:dirt, tree=80980dea-4a25-46fa-ab97-eeefcc8b4b39:minecraft:overworld:145685291135047}
[22:05:47] [Server thread/INFO]: [AIBot] ACTION event=tree_support_removed bot=Bob {execution=51e11263-ea41-4fe3-bca1-a7191aa155e2, pos=530, 68, 111, block=minecraft:dirt, tree=80980dea-4a25-46fa-ab97-eeefcc8b4b39:minecraft:overworld:145685291135047}
[22:05:47] [Server thread/INFO]: [AIBot] ACTION event=tree_support_placed bot=Bob {execution=51e11263-ea41-4fe3-bca1-a7191aa155e2, pos=530, 68, 111, block=minecraft:dirt, tree=80980dea-4a25-46fa-ab97-eeefcc8b4b39:minecraft:overworld:145685291135047}
[22:05:48] [Server thread/INFO]: [AIBot] ACTION event=tree_support_removed bot=Bob {execution=51e11263-ea41-4fe3-bca1-a7191aa155e2, pos=530, 68, 111, block=minecraft:dirt, tree=80980dea-4a25-46fa-ab97-eeefcc8b4b39:minecraft:overworld:145685291135047}
[22:05:48] [Server thread/INFO]: [AIBot] ACTION event=tree_support_placed bot=Bob {execution=51e11263-ea41-4fe3-bca1-a7191aa155e2, pos=530, 68, 111, block=minecraft:dirt, tree=80980dea-4a25-46fa-ab97-eeefcc8b4b39:minecraft:overworld:145685291135047}
[22:05:49] [Server thread/INFO]: [AIBot] ACTION event=tree_support_removed bot=Bob {execution=51e11263-ea41-4fe3-bca1-a7191aa155e2, pos=530, 68, 111, block=minecraft:dirt, tree=80980dea-4a25-46fa-ab97-eeefcc8b4b39:minecraft:overworld:145685291135047}
[22:05:49] [Server thread/INFO]: [AIBot] ACTION event=tree_support_placed bot=Bob {execution=51e11263-ea41-4fe3-bca1-a7191aa155e2, pos=530, 68, 111, block=minecraft:dirt, tree=80980dea-4a25-46fa-ab97-eeefcc8b4b39:minecraft:overworld:145685291135047}
[22:05:50] [Server thread/INFO]: [AIBot] ACTION event=tree_support_removed bot=Bob {execution=51e11263-ea41-4fe3-bca1-a7191aa155e2, pos=530, 68, 111, block=minecraft:dirt, tree=80980dea-4a25-46fa-ab97-eeefcc8b4b39:minecraft:overworld:145685291135047}
[22:05:50] [Server thread/INFO]: [AIBot] ACTION event=tree_support_placed bot=Bob {execution=51e11263-ea41-4fe3-bca1-a7191aa155e2, pos=530, 68, 111, block=minecraft:dirt, tree=80980dea-4a25-46fa-ab97-eeefcc8b4b39:minecraft:overworld:145685291135047}
[22:05:51] [Server thread/INFO]: [AIBot] ACTION event=tree_support_removed bot=Bob {execution=51e11263-ea41-4fe3-bca1-a7191aa155e2, pos=530, 68, 111, block=minecraft:dirt, tree=80980dea-4a25-46fa-ab97-eeefcc8b4b39:minecraft:overworld:145685291135047}
[22:05:51] [Server thread/INFO]: [AIBot] ACTION event=tree_support_placed bot=Bob {execution=51e11263-ea41-4fe3-bca1-a7191aa155e2, pos=530, 68, 111, block=minecraft:dirt, tree=80980dea-4a25-46fa-ab97-eeefcc8b4b39:minecraft:overworld:145685291135047}
[22:05:51] [Server thread/INFO]: [AIBot] ACTION event=tree_support_removed bot=Bob {execution=51e11263-ea41-4fe3-bca1-a7191aa155e2, pos=530, 68, 111, block=minecraft:dirt, tree=80980dea-4a25-46fa-ab97-eeefcc8b4b39:minecraft:overworld:145685291135047}
[22:05:52] [Server thread/INFO]: [AIBot] ACTION event=tree_support_placed bot=Bob {execution=51e11263-ea41-4fe3-bca1-a7191aa155e2, pos=530, 68, 111, block=minecraft:dirt, tree=80980dea-4a25-46fa-ab97-eeefcc8b4b39:minecraft:overworld:145685291135047}
[22:05:52] [Server thread/INFO]: [AIBot] ACTION event=tree_support_removed bot=Bob {execution=51e11263-ea41-4fe3-bca1-a7191aa155e2, pos=530, 68, 111, block=minecraft:dirt, tree=80980dea-4a25-46fa-ab97-eeefcc8b4b39:minecraft:overworld:145685291135047}
[22:05:52] [Server thread/INFO]: [AIBot] ACTION event=tree_support_placed bot=Bob {execution=51e11263-ea41-4fe3-bca1-a7191aa155e2, pos=530, 68, 111, block=minecraft:dirt, tree=80980dea-4a25-46fa-ab97-eeefcc8b4b39:minecraft:overworld:145685291135047}
[22:05:53] [Server thread/INFO]: [AIBot] ACTION event=tree_support_removed bot=Bob {execution=51e11263-ea41-4fe3-bca1-a7191aa155e2, pos=530, 68, 111, block=minecraft:dirt, tree=80980dea-4a25-46fa-ab97-eeefcc8b4b39:minecraft:overworld:145685291135047}
[22:05:53] [Server thread/INFO]: [AIBot] ACTION event=tree_support_placed bot=Bob {execution=51e11263-ea41-4fe3-bca1-a7191aa155e2, pos=530, 68, 111, block=minecraft:dirt, tree=80980dea-4a25-46fa-ab97-eeefcc8b4b39:minecraft:overworld:145685291135047}
[22:05:54] [Server thread/INFO]: [AIBot] ACTION event=tree_support_removed bot=Bob {execution=51e11263-ea41-4fe3-bca1-a7191aa155e2, pos=530, 68, 111, block=minecraft:dirt, tree=80980dea-4a25-46fa-ab97-eeefcc8b4b39:minecraft:overworld:145685291135047}
[22:05:54] [Server thread/INFO]: [AIBot] ACTION event=tree_support_placed bot=Bob {execution=51e11263-ea41-4fe3-bca1-a7191aa155e2, pos=530, 68, 111, block=minecraft:dirt, tree=80980dea-4a25-46fa-ab97-eeefcc8b4b39:minecraft:overworld:145685291135047}
[22:05:55] [Server thread/INFO]: [AIBot] ACTION event=tree_support_removed bot=Bob {execution=51e11263-ea41-4fe3-bca1-a7191aa155e2, pos=530, 68, 111, block=minecraft:dirt, tree=80980dea-4a25-46fa-ab97-eeefcc8b4b39:minecraft:overworld:145685291135047}
[22:05:55] [Server thread/INFO]: [AIBot] ACTION event=tree_support_placed bot=Bob {execution=51e11263-ea41-4fe3-bca1-a7191aa155e2, pos=530, 68, 111, block=minecraft:dirt, tree=80980dea-4a25-46fa-ab97-eeefcc8b4b39:minecraft:overworld:145685291135047}
[22:05:56] [Server thread/INFO]: [AIBot] ACTION event=tree_support_removed bot=Bob {execution=51e11263-ea41-4fe3-bca1-a7191aa155e2, pos=530, 68, 111, block=minecraft:dirt, tree=80980dea-4a25-46fa-ab97-eeefcc8b4b39:minecraft:overworld:145685291135047}
[22:05:56] [Server thread/INFO]: [AIBot] ACTION event=tree_support_placed bot=Bob {execution=51e11263-ea41-4fe3-bca1-a7191aa155e2, pos=530, 68, 111, block=minecraft:dirt, tree=80980dea-4a25-46fa-ab97-eeefcc8b4b39:minecraft:overworld:145685291135047}
[22:05:57] [Server thread/INFO]: [AIBot] ACTION event=tree_support_removed bot=Bob {execution=51e11263-ea41-4fe3-bca1-a7191aa155e2, pos=530, 68, 111, block=minecraft:dirt, tree=80980dea-4a25-46fa-ab97-eeefcc8b4b39:minecraft:overworld:145685291135047}
[22:05:57] [Server thread/INFO]: [AIBot] ACTION event=tree_support_placed bot=Bob {execution=51e11263-ea41-4fe3-bca1-a7191aa155e2, pos=530, 68, 111, block=minecraft:dirt, tree=80980dea-4a25-46fa-ab97-eeefcc8b4b39:minecraft:overworld:145685291135047}
[22:05:58] [Server thread/INFO]: [AIBot] ACTION event=tree_support_removed bot=Bob {execution=51e11263-ea41-4fe3-bca1-a7191aa155e2, pos=530, 68, 111, block=minecraft:dirt, tree=80980dea-4a25-46fa-ab97-eeefcc8b4b39:minecraft:overworld:145685291135047}
[22:05:58] [Server thread/INFO]: [AIBot] ACTION event=tree_support_placed bot=Bob {execution=51e11263-ea41-4fe3-bca1-a7191aa155e2, pos=530, 68, 111, block=minecraft:dirt, tree=80980dea-4a25-46fa-ab97-eeefcc8b4b39:minecraft:overworld:145685291135047}
[22:05:59] [Server thread/INFO]: [AIBot] ACTION event=tree_support_removed bot=Bob {execution=51e11263-ea41-4fe3-bca1-a7191aa155e2, pos=530, 68, 111, block=minecraft:dirt, tree=80980dea-4a25-46fa-ab97-eeefcc8b4b39:minecraft:overworld:145685291135047}
[22:05:59] [Server thread/INFO]: [AIBot] ACTION event=tree_support_placed bot=Bob {execution=51e11263-ea41-4fe3-bca1-a7191aa155e2, pos=530, 68, 111, block=minecraft:dirt, tree=80980dea-4a25-46fa-ab97-eeefcc8b4b39:minecraft:overworld:145685291135047}
[22:06:00] [Server thread/INFO]: [AIBot] ACTION event=tree_support_removed bot=Bob {execution=51e11263-ea41-4fe3-bca1-a7191aa155e2, pos=530, 68, 111, block=minecraft:dirt, tree=80980dea-4a25-46fa-ab97-eeefcc8b4b39:minecraft:overworld:145685291135047}
[22:06:00] [Server thread/INFO]: [AIBot] ACTION event=tree_support_placed bot=Bob {execution=51e11263-ea41-4fe3-bca1-a7191aa155e2, pos=530, 68, 111, block=minecraft:dirt, tree=80980dea-4a25-46fa-ab97-eeefcc8b4b39:minecraft:overworld:145685291135047}
[22:06:00] [Server thread/INFO]: [AIBot] ACTION event=tree_support_removed bot=Bob {execution=51e11263-ea41-4fe3-bca1-a7191aa155e2, pos=530, 68, 111, block=minecraft:dirt, tree=80980dea-4a25-46fa-ab97-eeefcc8b4b39:minecraft:overworld:145685291135047}
[22:06:01] [Server thread/INFO]: [AIBot] ACTION event=tree_support_placed bot=Bob {execution=51e11263-ea41-4fe3-bca1-a7191aa155e2, pos=530, 68, 111, block=minecraft:dirt, tree=80980dea-4a25-46fa-ab97-eeefcc8b4b39:minecraft:overworld:145685291135047}
[22:06:01] [Server thread/INFO]: [AIBot] ACTION event=tree_support_removed bot=Bob {execution=51e11263-ea41-4fe3-bca1-a7191aa155e2, pos=530, 68, 111, block=minecraft:dirt, tree=80980dea-4a25-46fa-ab97-eeefcc8b4b39:minecraft:overworld:145685291135047}
[22:06:01] [Server thread/INFO]: [AIBot] ACTION event=tree_support_placed bot=Bob {execution=51e11263-ea41-4fe3-bca1-a7191aa155e2, pos=530, 68, 111, block=minecraft:dirt, tree=80980dea-4a25-46fa-ab97-eeefcc8b4b39:minecraft:overworld:145685291135047}
[22:06:02] [Server thread/INFO]: [AIBot] ACTION event=tree_support_removed bot=Bob {execution=51e11263-ea41-4fe3-bca1-a7191aa155e2, pos=530, 68, 111, block=minecraft:dirt, tree=80980dea-4a25-46fa-ab97-eeefcc8b4b39:minecraft:overworld:145685291135047}
[22:06:02] [Server thread/INFO]: [AIBot] ACTION event=tree_support_placed bot=Bob {execution=51e11263-ea41-4fe3-bca1-a7191aa155e2, pos=530, 68, 111, block=minecraft:dirt, tree=80980dea-4a25-46fa-ab97-eeefcc8b4b39:minecraft:overworld:145685291135047}
[22:06:03] [Server thread/INFO]: [AIBot] ACTION event=tree_support_removed bot=Bob {execution=51e11263-ea41-4fe3-bca1-a7191aa155e2, pos=530, 68, 111, block=minecraft:dirt, tree=80980dea-4a25-46fa-ab97-eeefcc8b4b39:minecraft:overworld:145685291135047}
[22:06:03] [Server thread/INFO]: [AIBot] ACTION event=tree_support_placed bot=Bob {execution=51e11263-ea41-4fe3-bca1-a7191aa155e2, pos=530, 68, 111, block=minecraft:dirt, tree=80980dea-4a25-46fa-ab97-eeefcc8b4b39:minecraft:overworld:145685291135047}
[22:06:04] [Server thread/INFO]: [AIBot] ACTION event=tree_support_removed bot=Bob {execution=51e11263-ea41-4fe3-bca1-a7191aa155e2, pos=530, 68, 111, block=minecraft:dirt, tree=80980dea-4a25-46fa-ab97-eeefcc8b4b39:minecraft:overworld:145685291135047}
[22:06:04] [Server thread/INFO]: [AIBot] ACTION event=tree_support_placed bot=Bob {execution=51e11263-ea41-4fe3-bca1-a7191aa155e2, pos=530, 68, 111, block=minecraft:dirt, tree=80980dea-4a25-46fa-ab97-eeefcc8b4b39:minecraft:overworld:145685291135047}
[22:06:05] [Server thread/INFO]: [AIBot] ACTION event=tree_support_removed bot=Bob {execution=51e11263-ea41-4fe3-bca1-a7191aa155e2, pos=530, 68, 111, block=minecraft:dirt, tree=80980dea-4a25-46fa-ab97-eeefcc8b4b39:minecraft:overworld:145685291135047}
[22:06:05] [Server thread/INFO]: [AIBot] ACTION event=tree_support_placed bot=Bob {execution=51e11263-ea41-4fe3-bca1-a7191aa155e2, pos=530, 68, 111, block=minecraft:dirt, tree=80980dea-4a25-46fa-ab97-eeefcc8b4b39:minecraft:overworld:145685291135047}
[22:06:06] [Server thread/INFO]: [AIBot] ACTION event=tree_support_removed bot=Bob {execution=51e11263-ea41-4fe3-bca1-a7191aa155e2, pos=530, 68, 111, block=minecraft:dirt, tree=80980dea-4a25-46fa-ab97-eeefcc8b4b39:minecraft:overworld:145685291135047}
[22:06:06] [Server thread/INFO]: [AIBot] ACTION event=tree_support_placed bot=Bob {execution=51e11263-ea41-4fe3-bca1-a7191aa155e2, pos=530, 68, 111, block=minecraft:dirt, tree=80980dea-4a25-46fa-ab97-eeefcc8b4b39:minecraft:overworld:145685291135047}
[22:06:07] [Server thread/INFO]: [AIBot] ACTION event=tree_support_removed bot=Bob {execution=51e11263-ea41-4fe3-bca1-a7191aa155e2, pos=530, 68, 111, block=minecraft:dirt, tree=80980dea-4a25-46fa-ab97-eeefcc8b4b39:minecraft:overworld:145685291135047}
[22:06:07] [Server thread/INFO]: [AIBot] ACTION event=tree_support_placed bot=Bob {execution=51e11263-ea41-4fe3-bca1-a7191aa155e2, pos=530, 68, 111, block=minecraft:dirt, tree=80980dea-4a25-46fa-ab97-eeefcc8b4b39:minecraft:overworld:145685291135047}
[22:06:08] [Server thread/INFO]: [AIBot] ACTION event=tree_support_removed bot=Bob {execution=51e11263-ea41-4fe3-bca1-a7191aa155e2, pos=530, 68, 111, block=minecraft:dirt, tree=80980dea-4a25-46fa-ab97-eeefcc8b4b39:minecraft:overworld:145685291135047}
[22:06:08] [Server thread/INFO]: [AIBot] ACTION event=tree_support_placed bot=Bob {execution=51e11263-ea41-4fe3-bca1-a7191aa155e2, pos=530, 68, 111, block=minecraft:dirt, tree=80980dea-4a25-46fa-ab97-eeefcc8b4b39:minecraft:overworld:145685291135047}
[22:06:09] [Server thread/INFO]: [AIBot] ACTION event=tree_support_removed bot=Bob {execution=51e11263-ea41-4fe3-bca1-a7191aa155e2, pos=530, 68, 111, block=minecraft:dirt, tree=80980dea-4a25-46fa-ab97-eeefcc8b4b39:minecraft:overworld:145685291135047}
[22:06:09] [Server thread/INFO]: [AIBot] ACTION event=tree_support_placed bot=Bob {execution=51e11263-ea41-4fe3-bca1-a7191aa155e2, pos=530, 68, 111, block=minecraft:dirt, tree=80980dea-4a25-46fa-ab97-eeefcc8b4b39:minecraft:overworld:145685291135047}
[22:06:09] [Server thread/INFO]: [AIBot] ACTION event=tree_support_removed bot=Bob {execution=51e11263-ea41-4fe3-bca1-a7191aa155e2, pos=530, 68, 111, block=minecraft:dirt, tree=80980dea-4a25-46fa-ab97-eeefcc8b4b39:minecraft:overworld:145685291135047}
[22:06:10] [Server thread/INFO]: [AIBot] ACTION event=tree_support_placed bot=Bob {execution=51e11263-ea41-4fe3-bca1-a7191aa155e2, pos=530, 68, 111, block=minecraft:dirt, tree=80980dea-4a25-46fa-ab97-eeefcc8b4b39:minecraft:overworld:145685291135047}
[22:06:10] [Server thread/INFO]: [AIBot] ACTION event=tree_support_removed bot=Bob {execution=51e11263-ea41-4fe3-bca1-a7191aa155e2, pos=530, 68, 111, block=minecraft:dirt, tree=80980dea-4a25-46fa-ab97-eeefcc8b4b39:minecraft:overworld:145685291135047}
[22:06:10] [Server thread/INFO]: [AIBot] ACTION event=tree_support_placed bot=Bob {execution=51e11263-ea41-4fe3-bca1-a7191aa155e2, pos=530, 68, 111, block=minecraft:dirt, tree=80980dea-4a25-46fa-ab97-eeefcc8b4b39:minecraft:overworld:145685291135047}
[22:06:11] [Server thread/INFO]: [AIBot] ACTION event=tree_support_removed bot=Bob {execution=51e11263-ea41-4fe3-bca1-a7191aa155e2, pos=530, 68, 111, block=minecraft:dirt, tree=80980dea-4a25-46fa-ab97-eeefcc8b4b39:minecraft:overworld:145685291135047}
[22:06:11] [Server thread/INFO]: [AIBot] ACTION event=tree_support_placed bot=Bob {execution=51e11263-ea41-4fe3-bca1-a7191aa155e2, pos=530, 68, 111, block=minecraft:dirt, tree=80980dea-4a25-46fa-ab97-eeefcc8b4b39:minecraft:overworld:145685291135047}
[22:06:12] [Server thread/INFO]: [AIBot] ACTION event=tree_support_removed bot=Bob {execution=51e11263-ea41-4fe3-bca1-a7191aa155e2, pos=530, 68, 111, block=minecraft:dirt, tree=80980dea-4a25-46fa-ab97-eeefcc8b4b39:minecraft:overworld:145685291135047}
[22:06:12] [Server thread/INFO]: [AIBot] ACTION event=tree_support_placed bot=Bob {execution=51e11263-ea41-4fe3-bca1-a7191aa155e2, pos=530, 68, 111, block=minecraft:dirt, tree=80980dea-4a25-46fa-ab97-eeefcc8b4b39:minecraft:overworld:145685291135047}
[22:06:13] [Server thread/INFO]: [AIBot] ACTION event=tree_support_removed bot=Bob {execution=51e11263-ea41-4fe3-bca1-a7191aa155e2, pos=530, 68, 111, block=minecraft:dirt, tree=80980dea-4a25-46fa-ab97-eeefcc8b4b39:minecraft:overworld:145685291135047}
[22:06:13] [Server thread/INFO]: [AIBot] ACTION event=tree_support_placed bot=Bob {execution=51e11263-ea41-4fe3-bca1-a7191aa155e2, pos=530, 68, 111, block=minecraft:dirt, tree=80980dea-4a25-46fa-ab97-eeefcc8b4b39:minecraft:overworld:145685291135047}
[22:06:14] [Server thread/INFO]: [AIBot] ACTION event=tree_support_removed bot=Bob {execution=51e11263-ea41-4fe3-bca1-a7191aa155e2, pos=530, 68, 111, block=minecraft:dirt, tree=80980dea-4a25-46fa-ab97-eeefcc8b4b39:minecraft:overworld:145685291135047}
[22:06:14] [Server thread/INFO]: [AIBot] ACTION event=tree_support_placed bot=Bob {execution=51e11263-ea41-4fe3-bca1-a7191aa155e2, pos=530, 68, 111, block=minecraft:dirt, tree=80980dea-4a25-46fa-ab97-eeefcc8b4b39:minecraft:overworld:145685291135047}
[22:06:15] [Server thread/INFO]: [AIBot] ACTION event=tree_support_removed bot=Bob {execution=51e11263-ea41-4fe3-bca1-a7191aa155e2, pos=530, 68, 111, block=minecraft:dirt, tree=80980dea-4a25-46fa-ab97-eeefcc8b4b39:minecraft:overworld:145685291135047}
[22:06:15] [Server thread/INFO]: [AIBot] ACTION event=tree_support_placed bot=Bob {execution=51e11263-ea41-4fe3-bca1-a7191aa155e2, pos=530, 68, 111, block=minecraft:dirt, tree=80980dea-4a25-46fa-ab97-eeefcc8b4b39:minecraft:overworld:145685291135047}
[22:06:16] [Server thread/INFO]: [AIBot] ACTION event=tree_support_removed bot=Bob {execution=51e11263-ea41-4fe3-bca1-a7191aa155e2, pos=530, 68, 111, block=minecraft:dirt, tree=80980dea-4a25-46fa-ab97-eeefcc8b4b39:minecraft:overworld:145685291135047}
[22:06:16] [Server thread/INFO]: [AIBot] ACTION event=tree_support_placed bot=Bob {execution=51e11263-ea41-4fe3-bca1-a7191aa155e2, pos=530, 68, 111, block=minecraft:dirt, tree=80980dea-4a25-46fa-ab97-eeefcc8b4b39:minecraft:overworld:145685291135047}
[22:06:17] [Server thread/INFO]: [AIBot] ACTION event=tree_support_removed bot=Bob {execution=51e11263-ea41-4fe3-bca1-a7191aa155e2, pos=530, 68, 111, block=minecraft:dirt, tree=80980dea-4a25-46fa-ab97-eeefcc8b4b39:minecraft:overworld:145685291135047}
[22:06:17] [Server thread/INFO]: [AIBot] ACTION event=tree_support_placed bot=Bob {execution=51e11263-ea41-4fe3-bca1-a7191aa155e2, pos=530, 68, 111, block=minecraft:dirt, tree=80980dea-4a25-46fa-ab97-eeefcc8b4b39:minecraft:overworld:145685291135047}
[22:06:18] [Server thread/INFO]: [AIBot] ACTION event=tree_support_removed bot=Bob {execution=51e11263-ea41-4fe3-bca1-a7191aa155e2, pos=530, 68, 111, block=minecraft:dirt, tree=80980dea-4a25-46fa-ab97-eeefcc8b4b39:minecraft:overworld:145685291135047}
[22:06:18] [Server thread/INFO]: [AIBot] ACTION event=tree_support_placed bot=Bob {execution=51e11263-ea41-4fe3-bca1-a7191aa155e2, pos=530, 68, 111, block=minecraft:dirt, tree=80980dea-4a25-46fa-ab97-eeefcc8b4b39:minecraft:overworld:145685291135047}
[22:06:18] [Server thread/INFO]: [AIBot] ACTION event=tree_support_removed bot=Bob {execution=51e11263-ea41-4fe3-bca1-a7191aa155e2, pos=530, 68, 111, block=minecraft:dirt, tree=80980dea-4a25-46fa-ab97-eeefcc8b4b39:minecraft:overworld:145685291135047}
[22:06:19] [Server thread/INFO]: [AIBot] ACTION event=tree_support_placed bot=Bob {execution=51e11263-ea41-4fe3-bca1-a7191aa155e2, pos=530, 68, 111, block=minecraft:dirt, tree=80980dea-4a25-46fa-ab97-eeefcc8b4b39:minecraft:overworld:145685291135047}
[22:06:19] [Server thread/INFO]: [AIBot] ACTION event=tree_support_removed bot=Bob {execution=51e11263-ea41-4fe3-bca1-a7191aa155e2, pos=530, 68, 111, block=minecraft:dirt, tree=80980dea-4a25-46fa-ab97-eeefcc8b4b39:minecraft:overworld:145685291135047}
[22:06:19] [Server thread/INFO]: [AIBot] ACTION event=tree_support_placed bot=Bob {execution=51e11263-ea41-4fe3-bca1-a7191aa155e2, pos=530, 68, 111, block=minecraft:dirt, tree=80980dea-4a25-46fa-ab97-eeefcc8b4b39:minecraft:overworld:145685291135047}
[22:06:20] [Server thread/INFO]: [AIBot] ACTION event=tree_support_removed bot=Bob {execution=51e11263-ea41-4fe3-bca1-a7191aa155e2, pos=530, 68, 111, block=minecraft:dirt, tree=80980dea-4a25-46fa-ab97-eeefcc8b4b39:minecraft:overworld:145685291135047}
[22:06:20] [Server thread/INFO]: [AIBot] ACTION event=tree_support_placed bot=Bob {execution=51e11263-ea41-4fe3-bca1-a7191aa155e2, pos=530, 68, 111, block=minecraft:dirt, tree=80980dea-4a25-46fa-ab97-eeefcc8b4b39:minecraft:overworld:145685291135047}
[22:06:21] [Server thread/INFO]: [AIBot] ACTION event=tree_support_removed bot=Bob {execution=51e11263-ea41-4fe3-bca1-a7191aa155e2, pos=530, 68, 111, block=minecraft:dirt, tree=80980dea-4a25-46fa-ab97-eeefcc8b4b39:minecraft:overworld:145685291135047}
[22:06:21] [Server thread/INFO]: [AIBot] ACTION event=tree_support_placed bot=Bob {execution=51e11263-ea41-4fe3-bca1-a7191aa155e2, pos=530, 68, 111, block=minecraft:dirt, tree=80980dea-4a25-46fa-ab97-eeefcc8b4b39:minecraft:overworld:145685291135047}
[22:06:22] [Server thread/INFO]: [AIBot] ACTION event=tree_support_removed bot=Bob {execution=51e11263-ea41-4fe3-bca1-a7191aa155e2, pos=530, 68, 111, block=minecraft:dirt, tree=80980dea-4a25-46fa-ab97-eeefcc8b4b39:minecraft:overworld:145685291135047}
[22:06:22] [Server thread/INFO]: [AIBot] ACTION event=tree_support_placed bot=Bob {execution=51e11263-ea41-4fe3-bca1-a7191aa155e2, pos=530, 68, 111, block=minecraft:dirt, tree=80980dea-4a25-46fa-ab97-eeefcc8b4b39:minecraft:overworld:145685291135047}
[22:06:23] [Server thread/INFO]: [AIBot] ACTION event=tree_support_removed bot=Bob {execution=51e11263-ea41-4fe3-bca1-a7191aa155e2, pos=530, 68, 111, block=minecraft:dirt, tree=80980dea-4a25-46fa-ab97-eeefcc8b4b39:minecraft:overworld:145685291135047}
[22:06:23] [Server thread/INFO]: [AIBot] ACTION event=tree_support_placed bot=Bob {execution=51e11263-ea41-4fe3-bca1-a7191aa155e2, pos=530, 68, 111, block=minecraft:dirt, tree=80980dea-4a25-46fa-ab97-eeefcc8b4b39:minecraft:overworld:145685291135047}
[22:06:24] [Server thread/INFO]: [AIBot] ACTION event=tree_support_removed bot=Bob {execution=51e11263-ea41-4fe3-bca1-a7191aa155e2, pos=530, 68, 111, block=minecraft:dirt, tree=80980dea-4a25-46fa-ab97-eeefcc8b4b39:minecraft:overworld:145685291135047}
[22:06:24] [Server thread/INFO]: [AIBot] ACTION event=tree_support_placed bot=Bob {execution=51e11263-ea41-4fe3-bca1-a7191aa155e2, pos=530, 68, 111, block=minecraft:dirt, tree=80980dea-4a25-46fa-ab97-eeefcc8b4b39:minecraft:overworld:145685291135047}
[22:06:25] [Server thread/INFO]: [AIBot] ACTION event=tree_support_removed bot=Bob {execution=51e11263-ea41-4fe3-bca1-a7191aa155e2, pos=530, 68, 111, block=minecraft:dirt, tree=80980dea-4a25-46fa-ab97-eeefcc8b4b39:minecraft:overworld:145685291135047}
[22:06:25] [Server thread/INFO]: [AIBot] ACTION event=tree_support_placed bot=Bob {execution=51e11263-ea41-4fe3-bca1-a7191aa155e2, pos=530, 68, 111, block=minecraft:dirt, tree=80980dea-4a25-46fa-ab97-eeefcc8b4b39:minecraft:overworld:145685291135047}
[22:06:26] [Server thread/INFO]: [AIBot] ACTION event=tree_support_removed bot=Bob {execution=51e11263-ea41-4fe3-bca1-a7191aa155e2, pos=530, 68, 111, block=minecraft:dirt, tree=80980dea-4a25-46fa-ab97-eeefcc8b4b39:minecraft:overworld:145685291135047}
[22:06:26] [Server thread/INFO]: [AIBot] ACTION event=tree_support_placed bot=Bob {execution=51e11263-ea41-4fe3-bca1-a7191aa155e2, pos=530, 68, 111, block=minecraft:dirt, tree=80980dea-4a25-46fa-ab97-eeefcc8b4b39:minecraft:overworld:145685291135047}
[22:06:27] [Server thread/INFO]: [AIBot] ACTION event=tree_support_removed bot=Bob {execution=51e11263-ea41-4fe3-bca1-a7191aa155e2, pos=530, 68, 111, block=minecraft:dirt, tree=80980dea-4a25-46fa-ab97-eeefcc8b4b39:minecraft:overworld:145685291135047}
[22:06:27] [Server thread/INFO]: [AIBot] ACTION event=tree_support_placed bot=Bob {execution=51e11263-ea41-4fe3-bca1-a7191aa155e2, pos=530, 68, 111, block=minecraft:dirt, tree=80980dea-4a25-46fa-ab97-eeefcc8b4b39:minecraft:overworld:145685291135047}
[22:06:27] [Server thread/INFO]: [AIBot] ACTION event=tree_support_removed bot=Bob {execution=51e11263-ea41-4fe3-bca1-a7191aa155e2, pos=530, 68, 111, block=minecraft:dirt, tree=80980dea-4a25-46fa-ab97-eeefcc8b4b39:minecraft:overworld:145685291135047}
[22:06:28] [Server thread/INFO]: [AIBot] ACTION event=tree_support_placed bot=Bob {execution=51e11263-ea41-4fe3-bca1-a7191aa155e2, pos=530, 68, 111, block=minecraft:dirt, tree=80980dea-4a25-46fa-ab97-eeefcc8b4b39:minecraft:overworld:145685291135047}
[22:06:28] [Server thread/INFO]: [AIBot] ACTION event=tree_support_removed bot=Bob {execution=51e11263-ea41-4fe3-bca1-a7191aa155e2, pos=530, 68, 111, block=minecraft:dirt, tree=80980dea-4a25-46fa-ab97-eeefcc8b4b39:minecraft:overworld:145685291135047}
[22:06:28] [Server thread/INFO]: [AIBot] ACTION event=tree_support_placed bot=Bob {execution=51e11263-ea41-4fe3-bca1-a7191aa155e2, pos=530, 68, 111, block=minecraft:dirt, tree=80980dea-4a25-46fa-ab97-eeefcc8b4b39:minecraft:overworld:145685291135047}
[22:06:29] [Server thread/INFO]: [AIBot] ACTION event=tree_support_removed bot=Bob {execution=51e11263-ea41-4fe3-bca1-a7191aa155e2, pos=530, 68, 111, block=minecraft:dirt, tree=80980dea-4a25-46fa-ab97-eeefcc8b4b39:minecraft:overworld:145685291135047}
[22:06:29] [Server thread/INFO]: [AIBot] ACTION event=tree_support_placed bot=Bob {execution=51e11263-ea41-4fe3-bca1-a7191aa155e2, pos=530, 68, 111, block=minecraft:dirt, tree=80980dea-4a25-46fa-ab97-eeefcc8b4b39:minecraft:overworld:145685291135047}
[22:06:30] [Server thread/INFO]: [AIBot] ACTION event=tree_support_removed bot=Bob {execution=51e11263-ea41-4fe3-bca1-a7191aa155e2, pos=530, 68, 111, block=minecraft:dirt, tree=80980dea-4a25-46fa-ab97-eeefcc8b4b39:minecraft:overworld:145685291135047}
[22:06:30] [Server thread/INFO]: [AIBot] ACTION event=tree_support_placed bot=Bob {execution=51e11263-ea41-4fe3-bca1-a7191aa155e2, pos=530, 68, 111, block=minecraft:dirt, tree=80980dea-4a25-46fa-ab97-eeefcc8b4b39:minecraft:overworld:145685291135047}
[22:06:31] [Server thread/INFO]: [AIBot] ACTION event=tree_support_removed bot=Bob {execution=51e11263-ea41-4fe3-bca1-a7191aa155e2, pos=530, 68, 111, block=minecraft:dirt, tree=80980dea-4a25-46fa-ab97-eeefcc8b4b39:minecraft:overworld:145685291135047}
[22:06:31] [Server thread/INFO]: [AIBot] ACTION event=tree_support_placed bot=Bob {execution=51e11263-ea41-4fe3-bca1-a7191aa155e2, pos=530, 68, 111, block=minecraft:dirt, tree=80980dea-4a25-46fa-ab97-eeefcc8b4b39:minecraft:overworld:145685291135047}
[22:06:32] [Server thread/INFO]: [AIBot] ACTION event=tree_support_removed bot=Bob {execution=51e11263-ea41-4fe3-bca1-a7191aa155e2, pos=530, 68, 111, block=minecraft:dirt, tree=80980dea-4a25-46fa-ab97-eeefcc8b4b39:minecraft:overworld:145685291135047}
[22:06:32] [Server thread/INFO]: [AIBot] ACTION event=tree_support_placed bot=Bob {execution=51e11263-ea41-4fe3-bca1-a7191aa155e2, pos=530, 68, 111, block=minecraft:dirt, tree=80980dea-4a25-46fa-ab97-eeefcc8b4b39:minecraft:overworld:145685291135047}
[22:06:33] [Server thread/INFO]: [AIBot] ACTION event=tree_support_removed bot=Bob {execution=51e11263-ea41-4fe3-bca1-a7191aa155e2, pos=530, 68, 111, block=minecraft:dirt, tree=80980dea-4a25-46fa-ab97-eeefcc8b4b39:minecraft:overworld:145685291135047}
[22:06:33] [Server thread/INFO]: [AIBot] ACTION event=tree_support_placed bot=Bob {execution=51e11263-ea41-4fe3-bca1-a7191aa155e2, pos=530, 68, 111, block=minecraft:dirt, tree=80980dea-4a25-46fa-ab97-eeefcc8b4b39:minecraft:overworld:145685291135047}
[22:06:34] [Server thread/INFO]: [AIBot] ACTION event=tree_support_removed bot=Bob {execution=51e11263-ea41-4fe3-bca1-a7191aa155e2, pos=530, 68, 111, block=minecraft:dirt, tree=80980dea-4a25-46fa-ab97-eeefcc8b4b39:minecraft:overworld:145685291135047}
[22:06:34] [Server thread/INFO]: [AIBot] ACTION event=tree_support_placed bot=Bob {execution=51e11263-ea41-4fe3-bca1-a7191aa155e2, pos=530, 68, 111, block=minecraft:dirt, tree=80980dea-4a25-46fa-ab97-eeefcc8b4b39:minecraft:overworld:145685291135047}
[22:06:35] [Server thread/INFO]: [AIBot] ACTION event=tree_support_removed bot=Bob {execution=51e11263-ea41-4fe3-bca1-a7191aa155e2, pos=530, 68, 111, block=minecraft:dirt, tree=80980dea-4a25-46fa-ab97-eeefcc8b4b39:minecraft:overworld:145685291135047}
[22:06:35] [Server thread/INFO]: [AIBot] ACTION event=tree_support_placed bot=Bob {execution=51e11263-ea41-4fe3-bca1-a7191aa155e2, pos=530, 68, 111, block=minecraft:dirt, tree=80980dea-4a25-46fa-ab97-eeefcc8b4b39:minecraft:overworld:145685291135047}
[22:06:36] [Server thread/INFO]: [AIBot] ACTION event=tree_support_removed bot=Bob {execution=51e11263-ea41-4fe3-bca1-a7191aa155e2, pos=530, 68, 111, block=minecraft:dirt, tree=80980dea-4a25-46fa-ab97-eeefcc8b4b39:minecraft:overworld:145685291135047}
[22:06:36] [Server thread/INFO]: [AIBot] ACTION event=tree_support_placed bot=Bob {execution=51e11263-ea41-4fe3-bca1-a7191aa155e2, pos=530, 68, 111, block=minecraft:dirt, tree=80980dea-4a25-46fa-ab97-eeefcc8b4b39:minecraft:overworld:145685291135047}
[22:06:36] [Server thread/INFO]: [AIBot] ACTION event=tree_support_removed bot=Bob {execution=51e11263-ea41-4fe3-bca1-a7191aa155e2, pos=530, 68, 111, block=minecraft:dirt, tree=80980dea-4a25-46fa-ab97-eeefcc8b4b39:minecraft:overworld:145685291135047}
[22:06:37] [Server thread/INFO]: [AIBot] ACTION event=tree_support_placed bot=Bob {execution=51e11263-ea41-4fe3-bca1-a7191aa155e2, pos=530, 68, 111, block=minecraft:dirt, tree=80980dea-4a25-46fa-ab97-eeefcc8b4b39:minecraft:overworld:145685291135047}
[22:06:37] [Server thread/INFO]: [AIBot] ACTION event=tree_support_removed bot=Bob {execution=51e11263-ea41-4fe3-bca1-a7191aa155e2, pos=530, 68, 111, block=minecraft:dirt, tree=80980dea-4a25-46fa-ab97-eeefcc8b4b39:minecraft:overworld:145685291135047}
[22:06:37] [Server thread/INFO]: [AIBot] ACTION event=tree_support_placed bot=Bob {execution=51e11263-ea41-4fe3-bca1-a7191aa155e2, pos=530, 68, 111, block=minecraft:dirt, tree=80980dea-4a25-46fa-ab97-eeefcc8b4b39:minecraft:overworld:145685291135047}
[22:06:38] [Server thread/INFO]: [AIBot] ACTION event=tree_support_removed bot=Bob {execution=51e11263-ea41-4fe3-bca1-a7191aa155e2, pos=530, 68, 111, block=minecraft:dirt, tree=80980dea-4a25-46fa-ab97-eeefcc8b4b39:minecraft:overworld:145685291135047}
[22:06:38] [Server thread/INFO]: [AIBot] ACTION event=tree_support_placed bot=Bob {execution=51e11263-ea41-4fe3-bca1-a7191aa155e2, pos=530, 68, 111, block=minecraft:dirt, tree=80980dea-4a25-46fa-ab97-eeefcc8b4b39:minecraft:overworld:145685291135047}
[22:06:39] [Server thread/INFO]: [AIBot] ACTION event=tree_support_removed bot=Bob {execution=51e11263-ea41-4fe3-bca1-a7191aa155e2, pos=530, 68, 111, block=minecraft:dirt, tree=80980dea-4a25-46fa-ab97-eeefcc8b4b39:minecraft:overworld:145685291135047}
[22:06:39] [Server thread/INFO]: [AIBot] ACTION event=tree_support_placed bot=Bob {execution=51e11263-ea41-4fe3-bca1-a7191aa155e2, pos=530, 68, 111, block=minecraft:dirt, tree=80980dea-4a25-46fa-ab97-eeefcc8b4b39:minecraft:overworld:145685291135047}
[22:06:40] [Server thread/INFO]: [AIBot] ACTION event=tree_support_removed bot=Bob {execution=51e11263-ea41-4fe3-bca1-a7191aa155e2, pos=530, 68, 111, block=minecraft:dirt, tree=80980dea-4a25-46fa-ab97-eeefcc8b4b39:minecraft:overworld:145685291135047}
[22:06:40] [Server thread/INFO]: [AIBot] ACTION event=tree_support_placed bot=Bob {execution=51e11263-ea41-4fe3-bca1-a7191aa155e2, pos=530, 68, 111, block=minecraft:dirt, tree=80980dea-4a25-46fa-ab97-eeefcc8b4b39:minecraft:overworld:145685291135047}
[22:06:41] [Server thread/INFO]: [AIBot] ACTION event=tree_support_removed bot=Bob {execution=51e11263-ea41-4fe3-bca1-a7191aa155e2, pos=530, 68, 111, block=minecraft:dirt, tree=80980dea-4a25-46fa-ab97-eeefcc8b4b39:minecraft:overworld:145685291135047}
[22:06:41] [Server thread/INFO]: [AIBot] ACTION event=tree_support_placed bot=Bob {execution=51e11263-ea41-4fe3-bca1-a7191aa155e2, pos=530, 68, 111, block=minecraft:dirt, tree=80980dea-4a25-46fa-ab97-eeefcc8b4b39:minecraft:overworld:145685291135047}
[22:06:42] [Server thread/INFO]: [AIBot] ACTION event=tree_support_removed bot=Bob {execution=51e11263-ea41-4fe3-bca1-a7191aa155e2, pos=530, 68, 111, block=minecraft:dirt, tree=80980dea-4a25-46fa-ab97-eeefcc8b4b39:minecraft:overworld:145685291135047}
[22:06:42] [Server thread/INFO]: [AIBot] ACTION event=tree_support_placed bot=Bob {execution=51e11263-ea41-4fe3-bca1-a7191aa155e2, pos=530, 68, 111, block=minecraft:dirt, tree=80980dea-4a25-46fa-ab97-eeefcc8b4b39:minecraft:overworld:145685291135047}
[22:06:43] [Server thread/INFO]: [AIBot] ACTION event=tree_support_removed bot=Bob {execution=51e11263-ea41-4fe3-bca1-a7191aa155e2, pos=530, 68, 111, block=minecraft:dirt, tree=80980dea-4a25-46fa-ab97-eeefcc8b4b39:minecraft:overworld:145685291135047}
[22:06:43] [Server thread/INFO]: [AIBot] ACTION event=tree_support_placed bot=Bob {execution=51e11263-ea41-4fe3-bca1-a7191aa155e2, pos=530, 68, 111, block=minecraft:dirt, tree=80980dea-4a25-46fa-ab97-eeefcc8b4b39:minecraft:overworld:145685291135047}
[22:06:44] [Server thread/INFO]: [AIBot] ACTION event=tree_support_removed bot=Bob {execution=51e11263-ea41-4fe3-bca1-a7191aa155e2, pos=530, 68, 111, block=minecraft:dirt, tree=80980dea-4a25-46fa-ab97-eeefcc8b4b39:minecraft:overworld:145685291135047}
[22:06:44] [Server thread/INFO]: [AIBot] ACTION event=tree_support_placed bot=Bob {execution=51e11263-ea41-4fe3-bca1-a7191aa155e2, pos=530, 68, 111, block=minecraft:dirt, tree=80980dea-4a25-46fa-ab97-eeefcc8b4b39:minecraft:overworld:145685291135047}
[22:06:45] [Server thread/INFO]: [AIBot] ACTION event=tree_support_removed bot=Bob {execution=51e11263-ea41-4fe3-bca1-a7191aa155e2, pos=530, 68, 111, block=minecraft:dirt, tree=80980dea-4a25-46fa-ab97-eeefcc8b4b39:minecraft:overworld:145685291135047}
[22:06:45] [Server thread/INFO]: [AIBot] ACTION event=tree_support_placed bot=Bob {execution=51e11263-ea41-4fe3-bca1-a7191aa155e2, pos=530, 68, 111, block=minecraft:dirt, tree=80980dea-4a25-46fa-ab97-eeefcc8b4b39:minecraft:overworld:145685291135047}
[22:06:45] [Server thread/INFO]: [AIBot] ACTION event=tree_support_removed bot=Bob {execution=51e11263-ea41-4fe3-bca1-a7191aa155e2, pos=530, 68, 111, block=minecraft:dirt, tree=80980dea-4a25-46fa-ab97-eeefcc8b4b39:minecraft:overworld:145685291135047}
[22:06:46] [Server thread/INFO]: [AIBot] ACTION event=tree_support_placed bot=Bob {execution=51e11263-ea41-4fe3-bca1-a7191aa155e2, pos=530, 68, 111, block=minecraft:dirt, tree=80980dea-4a25-46fa-ab97-eeefcc8b4b39:minecraft:overworld:145685291135047}
[22:06:46] [Server thread/INFO]: [AIBot] ACTION event=tree_support_removed bot=Bob {execution=51e11263-ea41-4fe3-bca1-a7191aa155e2, pos=530, 68, 111, block=minecraft:dirt, tree=80980dea-4a25-46fa-ab97-eeefcc8b4b39:minecraft:overworld:145685291135047}
[22:06:46] [Server thread/INFO]: [AIBot] ACTION event=tree_support_placed bot=Bob {execution=51e11263-ea41-4fe3-bca1-a7191aa155e2, pos=530, 68, 111, block=minecraft:dirt, tree=80980dea-4a25-46fa-ab97-eeefcc8b4b39:minecraft:overworld:145685291135047}
[22:06:47] [Server thread/INFO]: [AIBot] ACTION event=tree_support_removed bot=Bob {execution=51e11263-ea41-4fe3-bca1-a7191aa155e2, pos=530, 68, 111, block=minecraft:dirt, tree=80980dea-4a25-46fa-ab97-eeefcc8b4b39:minecraft:overworld:145685291135047}
[22:06:47] [Server thread/INFO]: [AIBot] ACTION event=tree_support_placed bot=Bob {execution=51e11263-ea41-4fe3-bca1-a7191aa155e2, pos=530, 68, 111, block=minecraft:dirt, tree=80980dea-4a25-46fa-ab97-eeefcc8b4b39:minecraft:overworld:145685291135047}
[22:06:48] [Server thread/INFO]: [AIBot] ACTION event=tree_support_removed bot=Bob {execution=51e11263-ea41-4fe3-bca1-a7191aa155e2, pos=530, 68, 111, block=minecraft:dirt, tree=80980dea-4a25-46fa-ab97-eeefcc8b4b39:minecraft:overworld:145685291135047}
[22:06:48] [Server thread/INFO]: [AIBot] ACTION event=tree_support_placed bot=Bob {execution=51e11263-ea41-4fe3-bca1-a7191aa155e2, pos=530, 68, 111, block=minecraft:dirt, tree=80980dea-4a25-46fa-ab97-eeefcc8b4b39:minecraft:overworld:145685291135047}
[22:06:49] [Server thread/INFO]: [AIBot] ACTION event=tree_support_removed bot=Bob {execution=51e11263-ea41-4fe3-bca1-a7191aa155e2, pos=530, 68, 111, block=minecraft:dirt, tree=80980dea-4a25-46fa-ab97-eeefcc8b4b39:minecraft:overworld:145685291135047}
