[22:18:45] [Server thread/INFO]: [AIBot] ACTION event=tree_log_resolved bot=Bob {tree=80980dea-4a25-46fa-ab97-eeefcc8b4b39:minecraft:overworld:-4947802197906, execution=f41f6669-c081-49c8-9368-de6a6a46a824, pos=-18, 113, 27}
[22:18:47] [Server thread/WARN]: [AIBot] TASK event=task_failed bot=Bob {elapsed_ticks=1291, reason=committed_log_access_blocked:tree_access_no_support_material, name=gather}
[22:19:53] [Server thread/INFO]: [AIBot] ACTION event=tree_workset_acquired bot=Bob {logs=5, tree=80980dea-4a25-46fa-ab97-eeefcc8b4b39:minecraft:overworld:145685291176005, execution=f03c8646-4f54-429f-b7de-d0ca010553b1}
[22:19:56] [Server thread/INFO]: [AIBot] ACTION event=tree_log_resolved bot=Bob {tree=80980dea-4a25-46fa-ab97-eeefcc8b4b39:minecraft:overworld:145685291176005, execution=f03c8646-4f54-429f-b7de-d0ca010553b1, pos=530, 69, 121}
[22:20:05] [Server thread/INFO]: [AIBot] ACTION event=tree_log_resolved bot=Bob {tree=80980dea-4a25-46fa-ab97-eeefcc8b4b39:minecraft:overworld:145685291176005, execution=f03c8646-4f54-429f-b7de-d0ca010553b1, pos=530, 68, 121}
[22:20:09] [Server thread/INFO]: [AIBot] ACTION event=tree_log_resolved bot=Bob {tree=80980dea-4a25-46fa-ab97-eeefcc8b4b39:minecraft:overworld:145685291176005, execution=f03c8646-4f54-429f-b7de-d0ca010553b1, pos=530, 70, 121}
[22:20:12] [Server thread/INFO]: [AIBot] ACTION event=tree_log_resolved bot=Bob {tree=80980dea-4a25-46fa-ab97-eeefcc8b4b39:minecraft:overworld:145685291176005, execution=f03c8646-4f54-429f-b7de-d0ca010553b1, pos=530, 71, 121}
[22:20:15] [Server thread/INFO]: [AIBot] ACTION event=tree_log_resolved bot=Bob {tree=80980dea-4a25-46fa-ab97-eeefcc8b4b39:minecraft:overworld:145685291176005, execution=f03c8646-4f54-429f-b7de-d0ca010553b1, pos=530, 72, 121}
[22:20:15] [Server thread/INFO]: [AIBot] ACTION event=tree_workset_complete bot=Bob {tree=80980dea-4a25-46fa-ab97-eeefcc8b4b39:minecraft:overworld:145685291176005, have=4/1, execution=f03c8646-4f54-429f-b7de-d0ca010553b1}
[22:21:53] [Server thread/INFO]: [AIBot] ACTION event=tree_workset_acquired bot=Bob {logs=4, tree=80980dea-4a25-46fa-ab97-eeefcc8b4b39:minecraft:overworld:145685291176005, execution=3f024b4f-d525-4c94-b18b-70bd1c7f2289}
[22:21:56] [Server thread/INFO]: [AIBot] ACTION event=tree_log_resolved bot=Bob {tree=80980dea-4a25-46fa-ab97-eeefcc8b4b39:minecraft:overworld:145685291176005, execution=3f024b4f-d525-4c94-b18b-70bd1c7f2289, pos=530, 69, 121}
[22:22:26] [Server thread/INFO]: [AIBot] ACTION event=tree_log_resolved bot=Bob {tree=80980dea-4a25-46fa-ab97-eeefcc8b4b39:minecraft:overworld:145685291176005, execution=3f024b4f-d525-4c94-b18b-70bd1c7f2289, pos=530, 68, 121}
[22:22:31] [Server thread/INFO]: [AIBot] ACTION event=tree_log_resolved bot=Bob {tree=80980dea-4a25-46fa-ab97-eeefcc8b4b39:minecraft:overworld:145685291176005, execution=3f024b4f-d525-4c94-b18b-70bd1c7f2289, pos=530, 70, 121}
[22:22:34] [Server thread/INFO]: [AIBot] ACTION event=tree_log_resolved bot=Bob {tree=80980dea-4a25-46fa-ab97-eeefcc8b4b39:minecraft:overworld:145685291176005, execution=3f024b4f-d525-4c94-b18b-70bd1c7f2289, pos=530, 71, 121}
[22:22:34] [Server thread/INFO]: [AIBot] ACTION event=tree_workset_complete bot=Bob {tree=80980dea-4a25-46fa-ab97-eeefcc8b4b39:minecraft:overworld:145685291176005, have=3/1, execution=3f024b4f-d525-4c94-b18b-70bd1c7f2289}
[22:23:50] [Server thread/INFO]: [AIBot] ACTION event=tree_workset_acquired bot=Bob {logs=8, tree=80980dea-4a25-46fa-ab97-eeefcc8b4b39:minecraft:overworld:145685291135047, execution=f09170b0-1a53-4898-b53f-c9de2e125864}
[22:23:53] [Server thread/INFO]: [AIBot] ACTION event=tree_log_resolved bot=Bob {tree=80980dea-4a25-46fa-ab97-eeefcc8b4b39:minecraft:overworld:145685291135047, execution=f09170b0-1a53-4898-b53f-c9de2e125864, pos=530, 71, 111}
[22:24:05] [Server thread/INFO]: [AIBot] ACTION event=tree_log_resolved bot=Bob {tree=80980dea-4a25-46fa-ab97-eeefcc8b4b39:minecraft:overworld:145685291135047, execution=f09170b0-1a53-4898-b53f-c9de2e125864, pos=530, 68, 111}
[22:24:09] [Server thread/INFO]: [AIBot] ACTION event=tree_log_resolved bot=Bob {tree=80980dea-4a25-46fa-ab97-eeefcc8b4b39:minecraft:overworld:145685291135047, execution=f09170b0-1a53-4898-b53f-c9de2e125864, pos=530, 69, 111}
[22:24:12] [Server thread/INFO]: [AIBot] ACTION event=tree_log_resolved bot=Bob {tree=80980dea-4a25-46fa-ab97-eeefcc8b4b39:minecraft:overworld:145685291135047, execution=f09170b0-1a53-4898-b53f-c9de2e125864, pos=530, 70, 111}
[22:24:16] [Server thread/INFO]: [AIBot] ACTION event=tree_log_resolved bot=Bob {tree=80980dea-4a25-46fa-ab97-eeefcc8b4b39:minecraft:overworld:145685291135047, execution=f09170b0-1a53-4898-b53f-c9de2e125864, pos=530, 72, 111}
[22:24:19] [Server thread/INFO]: [AIBot] ACTION event=tree_log_resolved bot=Bob {tree=80980dea-4a25-46fa-ab97-eeefcc8b4b39:minecraft:overworld:145685291135047, execution=f09170b0-1a53-4898-b53f-c9de2e125864, pos=530, 73, 111}
[22:24:19] [Server thread/INFO]: [AIBot] ACTION event=fake_player_jump bot=Bob {to=class_2338{x=530, y=69, z=111}, reason=tree_access_pillar_jump, from=class_2338{x=530, y=68, z=111}}
[22:24:19] [Server thread/INFO]: [AIBot] ACTION event=tree_support_placed bot=Bob {execution=f09170b0-1a53-4898-b53f-c9de2e125864, pos=530, 68, 111, block=minecraft:dirt, tree=80980dea-4a25-46fa-ab97-eeefcc8b4b39:minecraft:overworld:145685291135047}
[22:24:19] [Server thread/WARN]: [AIBot] TASK event=task_failed bot=Bob {elapsed_ticks=589, reason=tree_cleanup_debt:tree_cleanup_support_conflict:530, 68, 111, name=gather}
