
> Configure project :
Fabric Loom: 1.16.2

> Task :compileJava UP-TO-DATE
> Task :processResources UP-TO-DATE
> Task :classes UP-TO-DATE
> Task :compileClientJava UP-TO-DATE
> Task :processClientResources UP-TO-DATE
> Task :clientClasses UP-TO-DATE
> Task :compileTestJava UP-TO-DATE
> Task :processTestResources NO-SOURCE
> Task :testClasses UP-TO-DATE

> Task :test

RealClientMvpSourceTest > mineCompletionRequiresExactBlockGoneAndInventoryGain() FAILED
    org.opentest4j.AssertionFailedError at RealClientMvpSourceTest.java:124

425 tests completed, 1 failed

> Task :test FAILED

FAILURE: Build failed with an exception.

* What went wrong:
Execution failed for task ':test'.
> There were failing tests. See the report at: file:///D:/code/mc-experiment/aibot/build/reports/tests/test/index.html

* Try:
> Run with --scan to get full insights from a Build Scan (powered by Develocity).

BUILD FAILED in 12s
6 actionable tasks: 1 executed, 5 up-to-date
